---
http_interactions:
- request:
    method: get
    uri: https://api.profitbricks.com/cloudapi/v3/datacenters?depth=1
    body:
      encoding: US-ASCII
      string: ''
    headers:
      User-Agent:
      - profitbricks-ruby-sdk/3.0.2 Puppet/4.5.1
      Content-Type:
      - application/json
      Authorization: Basic dXNlcm5hbWU6cGFzc3dvcmQ=
  response:
    status:
      code: 200
      message: OK
    headers:
      Date:
      - Thu, 20 Apr 2017 15:18:47 GMT
      Server:
      - Apache/2.4.10 (Debian)
      Pragma:
      - No-cache
      Cache-Control:
      - no-cache
      Expires:
      - Thu, 01 Jan 1970 00:00:00 UTC
      X-Ratelimit-Remaining:
      - '299'
      X-Ratelimit-Burst:
      - '300'
      X-Ratelimit-Limit:
      - '600'
      Content-Type:
      - application/json
      Strict-Transport-Security:
      - max-age=15768000
    body:
      encoding: ASCII-8BIT
      string: |
        {
          "id" : "datacenters",
          "type" : "collection",
          "href" : "https://api.profitbricks.com/cloudapi/v3/datacenters",
          "items" : [ {
            "id" : "6c2134f7-3789-40ab-b465-939214119b22",
            "type" : "datacenter",
            "href" : "https://api.profitbricks.com/cloudapi/v3/datacenters/6c2134f7-3789-40ab-b465-939214119b22",
            "metadata" : {
              "createdDate" : "2017-04-20T15:16:27Z",
              "createdBy" : "username",
              "etag" : "940805e779c7d0a04f0a80021958519a",
              "lastModifiedDate" : "2017-04-20T15:16:27Z",
              "lastModifiedBy" : "username",
              "state" : "AVAILABLE"
            },
            "properties" : {
              "name" : "dummydc",
              "description" : null,
              "location" : "us/las",
              "version" : 2,
              "features" : [ "SSD", "MULTIPLE_CPU" ]
            },
            "entities" : {
              "servers" : {
                "id" : "6c2134f7-3789-40ab-b465-939214119b22/servers",
                "type" : "collection",
                "href" : "https://api.profitbricks.com/cloudapi/v3/datacenters/6c2134f7-3789-40ab-b465-939214119b22/servers"
              },
              "volumes" : {
                "id" : "6c2134f7-3789-40ab-b465-939214119b22/volumes",
                "type" : "collection",
                "href" : "https://api.profitbricks.com/cloudapi/v3/datacenters/6c2134f7-3789-40ab-b465-939214119b22/volumes"
              },
              "loadbalancers" : {
                "id" : "6c2134f7-3789-40ab-b465-939214119b22/loadbalancers",
                "type" : "collection",
                "href" : "https://api.profitbricks.com/cloudapi/v3/datacenters/6c2134f7-3789-40ab-b465-939214119b22/loadbalancers"
              },
              "lans" : {
                "id" : "6c2134f7-3789-40ab-b465-939214119b22/lans",
                "type" : "collection",
                "href" : "https://api.profitbricks.com/cloudapi/v3/datacenters/6c2134f7-3789-40ab-b465-939214119b22/lans"
              }
            }
          } ]
        }
    http_version: 
  recorded_at: Thu, 20 Apr 2017 15:18:40 GMT
- request:
    method: post
    uri: https://api.profitbricks.com/cloudapi/v3/datacenters/6c2134f7-3789-40ab-b465-939214119b22/lans?depth=1
    body:
      encoding: UTF-8
      string: '{"properties":{"name":"lan2","public":"true"}}'
    headers:
      User-Agent:
      - profitbricks-ruby-sdk/3.0.2 Puppet/4.5.1
      Content-Type:
      - application/json
      Authorization: Basic dXNlcm5hbWU6cGFzc3dvcmQ=
  response:
    status:
      code: 202
      message: Accepted
    headers:
      Date:
      - Thu, 20 Apr 2017 15:18:47 GMT
      Server:
      - Apache/2.4.10 (Debian)
      Location:
      - https://api.profitbricks.com/cloudapi/v3/requests/f0eca526-8ce0-4d62-87b2-e624fbeb0fd9/status
      X-Ratelimit-Remaining:
      - '49'
      X-Ratelimit-Burst:
      - '50'
      X-Ratelimit-Limit:
      - '120'
      Content-Type:
      - application/json
      Strict-Transport-Security:
      - max-age=15768000
    body:
      encoding: ASCII-8BIT
      string: |
        {
          "id" : "2",
          "type" : "lan",
          "href" : "https://api.profitbricks.com/cloudapi/v3/datacenters/6c2134f7-3789-40ab-b465-939214119b22/lans/2",
          "metadata" : {
            "createdDate" : "2017-04-20T15:18:47Z",
            "createdBy" : "username",
            "etag" : "67743e4602b58ca5511c608f8c301535",
            "lastModifiedDate" : "2017-04-20T15:18:47Z",
            "lastModifiedBy" : "username",
            "state" : "BUSY"
          },
          "properties" : {
            "name" : "lan2",
            "public" : true
          }
        }
    http_version: 
  recorded_at: Thu, 20 Apr 2017 15:18:40 GMT
- request:
    method: get
    uri: https://api.profitbricks.com/cloudapi/v3/requests/f0eca526-8ce0-4d62-87b2-e624fbeb0fd9?depth=1
    body:
      encoding: US-ASCII
      string: ''
    headers:
      User-Agent:
      - profitbricks-ruby-sdk/3.0.2 Puppet/4.5.1
      Content-Type:
      - application/json
      Authorization: Basic dXNlcm5hbWU6cGFzc3dvcmQ=
  response:
    status:
      code: 200
      message: OK
    headers:
      Date:
      - Thu, 20 Apr 2017 15:18:47 GMT
      Server:
      - Apache/2.4.10 (Debian)
      Pragma:
      - No-cache
      Cache-Control:
      - no-cache
      Expires:
      - Thu, 01 Jan 1970 00:00:00 UTC
      X-Ratelimit-Remaining:
      - '299'
      X-Ratelimit-Burst:
      - '300'
      X-Ratelimit-Limit:
      - '600'
      Content-Type:
      - application/json
      Strict-Transport-Security:
      - max-age=15768000
    body:
      encoding: ASCII-8BIT
      string: |
        {
          "id" : "f0eca526-8ce0-4d62-87b2-e624fbeb0fd9",
          "type" : "request",
          "href" : "https://api.profitbricks.com/cloudapi/v3/requests/f0eca526-8ce0-4d62-87b2-e624fbeb0fd9",
          "metadata" : {
            "createdDate" : "2017-04-20T15:18:47Z",
            "createdBy" : "username",
            "etag" : "37a6259cc0c1dae299a7866489dff0bd",
            "requestStatus" : {
              "id" : "f0eca526-8ce0-4d62-87b2-e624fbeb0fd9/status",
              "type" : "request-status",
              "href" : "https://api.profitbricks.com/cloudapi/v3/requests/f0eca526-8ce0-4d62-87b2-e624fbeb0fd9/status"
            }
          },
          "properties" : {
            "method" : "POST",
            "headers" : {
              "content-type" : "application/json",
              "connection" : "Keep-Alive",
              "host" : "api.profitbricks.com",
              "x-forwarded-for" : "192.168.1.1",
              "content-length" : "46",
              "x-forwarded-host" : "api.profitbricks.com",
              "x-reseller" : "pb.domain",
              "user-agent" : "profitbricks-ruby-sdk/3.0.2 Puppet/4.5.1",
              "x-forwarded-server" : "my.profitbricks.com"
            },
            "body" : "{\"properties\":{\"name\":\"lan2\",\"public\":\"true\"}}",
            "url" : "https://api.profitbricks.com/cloudapi/v3/datacenters/6c2134f7-3789-40ab-b465-939214119b22/lans?depth=1?depth=1"
          }
        }
    http_version: 
  recorded_at: Thu, 20 Apr 2017 15:18:41 GMT
- request:
    method: get
    uri: https://api.profitbricks.com/cloudapi/v3/requests/f0eca526-8ce0-4d62-87b2-e624fbeb0fd9/status?depth=1
    body:
      encoding: US-ASCII
      string: ''
    headers:
      User-Agent:
      - profitbricks-ruby-sdk/3.0.2 Puppet/4.5.1
      Content-Type:
      - application/json
      Authorization: Basic dXNlcm5hbWU6cGFzc3dvcmQ=
  response:
    status:
      code: 200
      message: OK
    headers:
      Date:
      - Thu, 20 Apr 2017 15:18:48 GMT
      Server:
      - Apache/2.4.10 (Debian)
      Pragma:
      - No-cache
      Cache-Control:
      - no-cache
      Expires:
      - Thu, 01 Jan 1970 00:00:00 UTC
      X-Ratelimit-Remaining:
      - '299'
      X-Ratelimit-Burst:
      - '300'
      X-Ratelimit-Limit:
      - '600'
      Content-Type:
      - application/json
      Strict-Transport-Security:
      - max-age=15768000
    body:
      encoding: ASCII-8BIT
      string: |
        {
          "id" : "f0eca526-8ce0-4d62-87b2-e624fbeb0fd9/status",
          "type" : "request-status",
          "href" : "https://api.profitbricks.com/cloudapi/v3/requests/f0eca526-8ce0-4d62-87b2-e624fbeb0fd9/status",
          "metadata" : {
            "status" : "QUEUED",
            "message" : "Request has been queued",
            "etag" : "9df29ce7ca629ff1d47bca1149d9faae",
            "targets" : [ {
              "target" : {
                "id" : "2",
                "type" : "lan",
                "href" : "https://api.profitbricks.com/cloudapi/v3/datacenters/6c2134f7-3789-40ab-b465-939214119b22/lans/2"
              },
              "status" : "QUEUED"
            } ]
          }
        }
    http_version: 
  recorded_at: Thu, 20 Apr 2017 15:18:41 GMT
- request:
    method: get
    uri: https://api.profitbricks.com/cloudapi/v3/requests/f0eca526-8ce0-4d62-87b2-e624fbeb0fd9?depth=1
    body:
      encoding: US-ASCII
      string: ''
    headers:
      User-Agent:
      - profitbricks-ruby-sdk/3.0.2 Puppet/4.5.1
      Content-Type:
      - application/json
      Authorization: Basic dXNlcm5hbWU6cGFzc3dvcmQ=
  response:
    status:
      code: 200
      message: OK
    headers:
      Date:
      - Thu, 20 Apr 2017 15:18:49 GMT
      Server:
      - Apache/2.4.10 (Debian)
      Pragma:
      - No-cache
      Cache-Control:
      - no-cache
      Expires:
      - Thu, 01 Jan 1970 00:00:00 UTC
      X-Ratelimit-Remaining:
      - '299'
      X-Ratelimit-Burst:
      - '300'
      X-Ratelimit-Limit:
      - '600'
      Content-Type:
      - application/json
      Strict-Transport-Security:
      - max-age=15768000
    body:
      encoding: ASCII-8BIT
      string: |
        {
          "id" : "f0eca526-8ce0-4d62-87b2-e624fbeb0fd9",
          "type" : "request",
          "href" : "https://api.profitbricks.com/cloudapi/v3/requests/f0eca526-8ce0-4d62-87b2-e624fbeb0fd9",
          "metadata" : {
            "createdDate" : "2017-04-20T15:18:47Z",
            "createdBy" : "username",
            "etag" : "37a6259cc0c1dae299a7866489dff0bd",
            "requestStatus" : {
              "id" : "f0eca526-8ce0-4d62-87b2-e624fbeb0fd9/status",
              "type" : "request-status",
              "href" : "https://api.profitbricks.com/cloudapi/v3/requests/f0eca526-8ce0-4d62-87b2-e624fbeb0fd9/status"
            }
          },
          "properties" : {
            "method" : "POST",
            "headers" : {
              "content-type" : "application/json",
              "connection" : "Keep-Alive",
              "host" : "api.profitbricks.com",
              "x-forwarded-for" : "192.168.1.1",
              "content-length" : "46",
              "x-forwarded-host" : "api.profitbricks.com",
              "x-reseller" : "pb.domain",
              "user-agent" : "profitbricks-ruby-sdk/3.0.2 Puppet/4.5.1",
              "x-forwarded-server" : "my.profitbricks.com"
            },
            "body" : "{\"properties\":{\"name\":\"lan2\",\"public\":\"true\"}}",
            "url" : "https://api.profitbricks.com/cloudapi/v3/datacenters/6c2134f7-3789-40ab-b465-939214119b22/lans?depth=1?depth=1"
          }
        }
    http_version: 
  recorded_at: Thu, 20 Apr 2017 15:18:42 GMT
- request:
    method: get
    uri: https://api.profitbricks.com/cloudapi/v3/requests/f0eca526-8ce0-4d62-87b2-e624fbeb0fd9/status?depth=1
    body:
      encoding: US-ASCII
      string: ''
    headers:
      User-Agent:
      - profitbricks-ruby-sdk/3.0.2 Puppet/4.5.1
      Content-Type:
      - application/json
      Authorization: Basic dXNlcm5hbWU6cGFzc3dvcmQ=
  response:
    status:
      code: 200
      message: OK
    headers:
      Date:
      - Thu, 20 Apr 2017 15:18:49 GMT
      Server:
      - Apache/2.4.10 (Debian)
      Pragma:
      - No-cache
      Cache-Control:
      - no-cache
      Expires:
      - Thu, 01 Jan 1970 00:00:00 UTC
      X-Ratelimit-Remaining:
      - '299'
      X-Ratelimit-Burst:
      - '300'
      X-Ratelimit-Limit:
      - '600'
      Content-Type:
      - application/json
      Strict-Transport-Security:
      - max-age=15768000
    body:
      encoding: ASCII-8BIT
      string: |
        {
          "id" : "f0eca526-8ce0-4d62-87b2-e624fbeb0fd9/status",
          "type" : "request-status",
          "href" : "https://api.profitbricks.com/cloudapi/v3/requests/f0eca526-8ce0-4d62-87b2-e624fbeb0fd9/status",
          "metadata" : {
            "status" : "RUNNING",
            "message" : "Request is running",
            "etag" : "43491564ebcfd38568918efbd6e840fd",
            "targets" : [ {
              "target" : {
                "id" : "2",
                "type" : "lan",
                "href" : "https://api.profitbricks.com/cloudapi/v3/datacenters/6c2134f7-3789-40ab-b465-939214119b22/lans/2"
              },
              "status" : "RUNNING"
            } ]
          }
        }
    http_version: 
  recorded_at: Thu, 20 Apr 2017 15:18:42 GMT
- request:
    method: get
    uri: https://api.profitbricks.com/cloudapi/v3/requests/f0eca526-8ce0-4d62-87b2-e624fbeb0fd9?depth=1
    body:
      encoding: US-ASCII
      string: ''
    headers:
      User-Agent:
      - profitbricks-ruby-sdk/3.0.2 Puppet/4.5.1
      Content-Type:
      - application/json
      Authorization: Basic dXNlcm5hbWU6cGFzc3dvcmQ=
  response:
    status:
      code: 200
      message: OK
    headers:
      Date:
      - Thu, 20 Apr 2017 15:18:50 GMT
      Server:
      - Apache/2.4.10 (Debian)
      Pragma:
      - No-cache
      Cache-Control:
      - no-cache
      Expires:
      - Thu, 01 Jan 1970 00:00:00 UTC
      X-Ratelimit-Remaining:
      - '299'
      X-Ratelimit-Burst:
      - '300'
      X-Ratelimit-Limit:
      - '600'
      Content-Type:
      - application/json
      Strict-Transport-Security:
      - max-age=15768000
    body:
      encoding: ASCII-8BIT
      string: |
        {
          "id" : "f0eca526-8ce0-4d62-87b2-e624fbeb0fd9",
          "type" : "request",
          "href" : "https://api.profitbricks.com/cloudapi/v3/requests/f0eca526-8ce0-4d62-87b2-e624fbeb0fd9",
          "metadata" : {
            "createdDate" : "2017-04-20T15:18:47Z",
            "createdBy" : "username",
            "etag" : "37a6259cc0c1dae299a7866489dff0bd",
            "requestStatus" : {
              "id" : "f0eca526-8ce0-4d62-87b2-e624fbeb0fd9/status",
              "type" : "request-status",
              "href" : "https://api.profitbricks.com/cloudapi/v3/requests/f0eca526-8ce0-4d62-87b2-e624fbeb0fd9/status"
            }
          },
          "properties" : {
            "method" : "POST",
            "headers" : {
              "content-type" : "application/json",
              "connection" : "Keep-Alive",
              "host" : "api.profitbricks.com",
              "x-forwarded-for" : "192.168.1.1",
              "content-length" : "46",
              "x-forwarded-host" : "api.profitbricks.com",
              "x-reseller" : "pb.domain",
              "user-agent" : "profitbricks-ruby-sdk/3.0.2 Puppet/4.5.1",
              "x-forwarded-server" : "my.profitbricks.com"
            },
            "body" : "{\"properties\":{\"name\":\"lan2\",\"public\":\"true\"}}",
            "url" : "https://api.profitbricks.com/cloudapi/v3/datacenters/6c2134f7-3789-40ab-b465-939214119b22/lans?depth=1?depth=1"
          }
        }
    http_version: 
  recorded_at: Thu, 20 Apr 2017 15:18:44 GMT
- request:
    method: get
    uri: https://api.profitbricks.com/cloudapi/v3/requests/f0eca526-8ce0-4d62-87b2-e624fbeb0fd9/status?depth=1
    body:
      encoding: US-ASCII
      string: ''
    headers:
      User-Agent:
      - profitbricks-ruby-sdk/3.0.2 Puppet/4.5.1
      Content-Type:
      - application/json
      Authorization: Basic dXNlcm5hbWU6cGFzc3dvcmQ=
  response:
    status:
      code: 200
      message: OK
    headers:
      Date:
      - Thu, 20 Apr 2017 15:18:50 GMT
      Server:
      - Apache/2.4.10 (Debian)
      Pragma:
      - No-cache
      Cache-Control:
      - no-cache
      Expires:
      - Thu, 01 Jan 1970 00:00:00 UTC
      X-Ratelimit-Remaining:
      - '299'
      X-Ratelimit-Burst:
      - '300'
      X-Ratelimit-Limit:
      - '600'
      Content-Type:
      - application/json
      Strict-Transport-Security:
      - max-age=15768000
    body:
      encoding: ASCII-8BIT
      string: |
        {
          "id" : "f0eca526-8ce0-4d62-87b2-e624fbeb0fd9/status",
          "type" : "request-status",
          "href" : "https://api.profitbricks.com/cloudapi/v3/requests/f0eca526-8ce0-4d62-87b2-e624fbeb0fd9/status",
          "metadata" : {
            "status" : "DONE",
            "message" : "Request has been successfully executed",
            "etag" : "2ba22e58ca17bb728d522bba36cf8350",
            "targets" : [ {
              "target" : {
                "id" : "2",
                "type" : "lan",
                "href" : "https://api.profitbricks.com/cloudapi/v3/datacenters/6c2134f7-3789-40ab-b465-939214119b22/lans/2"
              },
              "status" : "DONE"
            } ]
          }
        }
    http_version: 
  recorded_at: Thu, 20 Apr 2017 15:18:44 GMT
- request:
    method: get
    uri: https://api.profitbricks.com/cloudapi/v3/requests/f0eca526-8ce0-4d62-87b2-e624fbeb0fd9?depth=1
    body:
      encoding: US-ASCII
      string: ''
    headers:
      User-Agent:
      - profitbricks-ruby-sdk/3.0.2 Puppet/4.5.1
      Content-Type:
      - application/json
      Authorization: Basic dXNlcm5hbWU6cGFzc3dvcmQ=
  response:
    status:
      code: 200
      message: OK
    headers:
      Date:
      - Thu, 20 Apr 2017 15:18:50 GMT
      Server:
      - Apache/2.4.10 (Debian)
      Pragma:
      - No-cache
      Cache-Control:
      - no-cache
      Expires:
      - Thu, 01 Jan 1970 00:00:00 UTC
      X-Ratelimit-Remaining:
      - '299'
      X-Ratelimit-Burst:
      - '300'
      X-Ratelimit-Limit:
      - '600'
      Content-Type:
      - application/json
      Strict-Transport-Security:
      - max-age=15768000
    body:
      encoding: ASCII-8BIT
      string: |
        {
          "id" : "f0eca526-8ce0-4d62-87b2-e624fbeb0fd9",
          "type" : "request",
          "href" : "https://api.profitbricks.com/cloudapi/v3/requests/f0eca526-8ce0-4d62-87b2-e624fbeb0fd9",
          "metadata" : {
            "createdDate" : "2017-04-20T15:18:47Z",
            "createdBy" : "username",
            "etag" : "37a6259cc0c1dae299a7866489dff0bd",
            "requestStatus" : {
              "id" : "f0eca526-8ce0-4d62-87b2-e624fbeb0fd9/status",
              "type" : "request-status",
              "href" : "https://api.profitbricks.com/cloudapi/v3/requests/f0eca526-8ce0-4d62-87b2-e624fbeb0fd9/status"
            }
          },
          "properties" : {
            "method" : "POST",
            "headers" : {
              "content-type" : "application/json",
              "connection" : "Keep-Alive",
              "host" : "api.profitbricks.com",
              "x-forwarded-for" : "192.168.1.1",
              "content-length" : "46",
              "x-forwarded-host" : "api.profitbricks.com",
              "x-reseller" : "pb.domain",
              "user-agent" : "profitbricks-ruby-sdk/3.0.2 Puppet/4.5.1",
              "x-forwarded-server" : "my.profitbricks.com"
            },
            "body" : "{\"properties\":{\"name\":\"lan2\",\"public\":\"true\"}}",
            "url" : "https://api.profitbricks.com/cloudapi/v3/datacenters/6c2134f7-3789-40ab-b465-939214119b22/lans?depth=1?depth=1"
          }
        }
    http_version: 
  recorded_at: Thu, 20 Apr 2017 15:18:44 GMT
- request:
    method: get
    uri: https://api.profitbricks.com/cloudapi/v3/requests/f0eca526-8ce0-4d62-87b2-e624fbeb0fd9/status?depth=1
    body:
      encoding: US-ASCII
      string: ''
    headers:
      User-Agent:
      - profitbricks-ruby-sdk/3.0.2 Puppet/4.5.1
      Content-Type:
      - application/json
      Authorization: Basic dXNlcm5hbWU6cGFzc3dvcmQ=
  response:
    status:
      code: 200
      message: OK
    headers:
      Date:
      - Thu, 20 Apr 2017 15:18:51 GMT
      Server:
      - Apache/2.4.10 (Debian)
      Pragma:
      - No-cache
      Cache-Control:
      - no-cache
      Expires:
      - Thu, 01 Jan 1970 00:00:00 UTC
      X-Ratelimit-Remaining:
      - '299'
      X-Ratelimit-Burst:
      - '300'
      X-Ratelimit-Limit:
      - '600'
      Content-Type:
      - application/json
      Strict-Transport-Security:
      - max-age=15768000
    body:
      encoding: ASCII-8BIT
      string: |
        {
          "id" : "f0eca526-8ce0-4d62-87b2-e624fbeb0fd9/status",
          "type" : "request-status",
          "href" : "https://api.profitbricks.com/cloudapi/v3/requests/f0eca526-8ce0-4d62-87b2-e624fbeb0fd9/status",
          "metadata" : {
            "status" : "DONE",
            "message" : "Request has been successfully executed",
            "etag" : "2ba22e58ca17bb728d522bba36cf8350",
            "targets" : [ {
              "target" : {
                "id" : "2",
                "type" : "lan",
                "href" : "https://api.profitbricks.com/cloudapi/v3/datacenters/6c2134f7-3789-40ab-b465-939214119b22/lans/2"
              },
              "status" : "DONE"
            } ]
          }
        }
    http_version: 
  recorded_at: Thu, 20 Apr 2017 15:18:45 GMT
recorded_with: VCR 3.0.3
