---
http_interactions:
- request:
    method: get
    uri: https://api.profitbricks.com/cloudapi/v4/datacenters?depth=5
    body:
      encoding: US-ASCII
      string: ''
    headers:
      User-Agent:
      - profitbricks-ruby-sdk/4.0.1 Puppet/4.5.1
      Content-Type:
      - application/json
      Authorization: Basic dXNlcm5hbWU6cGFzc3dvcmQ=
  response:
    status:
      code: 200
      message: OK
    headers:
      Date:
      - Mon, 06 Nov 2017 20:59:10 GMT
      Server:
      - Apache/2.4.10 (Debian)
      X-Ratelimit-Remaining:
      - '299'
      X-Ratelimit-Burst:
      - '300'
      X-Ratelimit-Limit:
      - '600'
      Content-Type:
      - application/json
      Strict-Transport-Security:
      - max-age=15768000
    body:
      encoding: ASCII-8BIT
      string: |
        {
          "id" : "datacenters",
          "type" : "collection",
          "href" : "https://api.profitbricks.com/cloudapi/v4/datacenters",
          "items" : [ {
            "id" : "b9c6cb26-6100-4ba3-803a-caf75267068a",
            "type" : "datacenter",
            "href" : "https://api.profitbricks.com/cloudapi/v4/datacenters/b9c6cb26-6100-4ba3-803a-caf75267068a",
            "metadata" : {
              "createdDate" : "2017-11-04T20:49:22Z",
              "createdBy" : "username",
              "etag" : "a69a20c420fbcf130302b1ba82e29df5",
              "lastModifiedDate" : "2017-11-06T20:42:25Z",
              "lastModifiedBy" : "username",
              "state" : "AVAILABLE"
            },
            "properties" : {
              "name" : "Puppet Module Test",
              "description" : null,
              "location" : "us/las",
              "version" : 21,
              "features" : [ "SSD", "MULTIPLE_CPU" ],
              "secAuthProtection" : false
            },
            "entities" : {
              "servers" : {
                "id" : "b9c6cb26-6100-4ba3-803a-caf75267068a/servers",
                "type" : "collection",
                "href" : "https://api.profitbricks.com/cloudapi/v4/datacenters/b9c6cb26-6100-4ba3-803a-caf75267068a/servers"
              },
              "volumes" : {
                "id" : "b9c6cb26-6100-4ba3-803a-caf75267068a/volumes",
                "type" : "collection",
                "href" : "https://api.profitbricks.com/cloudapi/v4/datacenters/b9c6cb26-6100-4ba3-803a-caf75267068a/volumes"
              },
              "loadbalancers" : {
                "id" : "b9c6cb26-6100-4ba3-803a-caf75267068a/loadbalancers",
                "type" : "collection",
                "href" : "https://api.profitbricks.com/cloudapi/v4/datacenters/b9c6cb26-6100-4ba3-803a-caf75267068a/loadbalancers"
              },
              "lans" : {
                "id" : "b9c6cb26-6100-4ba3-803a-caf75267068a/lans",
                "type" : "collection",
                "href" : "https://api.profitbricks.com/cloudapi/v4/datacenters/b9c6cb26-6100-4ba3-803a-caf75267068a/lans"
              }
            }
          } ]
        }
    http_version: 
  recorded_at: Mon, 06 Nov 2017 20:59:10 GMT
- request:
    method: get
    uri: https://api.profitbricks.com/cloudapi/v4/datacenters/b9c6cb26-6100-4ba3-803a-caf75267068a/lans?depth=5
    body:
      encoding: US-ASCII
      string: ''
    headers:
      User-Agent:
      - profitbricks-ruby-sdk/4.0.1 Puppet/4.5.1
      Content-Type:
      - application/json
      Authorization: Basic dXNlcm5hbWU6cGFzc3dvcmQ=
  response:
    status:
      code: 200
      message: OK
    headers:
      Date:
      - Mon, 06 Nov 2017 20:59:11 GMT
      Server:
      - Apache/2.4.10 (Debian)
      X-Ratelimit-Remaining:
      - '299'
      X-Ratelimit-Burst:
      - '300'
      X-Ratelimit-Limit:
      - '600'
      Content-Type:
      - application/json
      Strict-Transport-Security:
      - max-age=15768000
    body:
      encoding: ASCII-8BIT
      string: |
        {
          "id" : "b9c6cb26-6100-4ba3-803a-caf75267068a/lans",
          "type" : "collection",
          "href" : "https://api.profitbricks.com/cloudapi/v4/datacenters/b9c6cb26-6100-4ba3-803a-caf75267068a/lans",
          "items" : [ {
            "id" : "1",
            "type" : "lan",
            "href" : "https://api.profitbricks.com/cloudapi/v4/datacenters/b9c6cb26-6100-4ba3-803a-caf75267068a/lans/1",
            "metadata" : {
              "createdDate" : "2017-11-06T15:19:34Z",
              "createdBy" : "username",
              "etag" : "a23c80cfeae53c5b742f936f8911b526",
              "lastModifiedDate" : "2017-11-06T15:19:34Z",
              "lastModifiedBy" : "username",
              "state" : "AVAILABLE"
            },
            "properties" : {
              "name" : "Puppet Module Test",
              "ipFailover" : [ ],
              "public" : false
            },
            "entities" : {
              "nics" : {
                "id" : "1/nics",
                "type" : "collection",
                "href" : "https://api.profitbricks.com/cloudapi/v4/datacenters/b9c6cb26-6100-4ba3-803a-caf75267068a/lans/1/nics",
                "items" : [ ]
              }
            }
          } ]
        }
    http_version: 
  recorded_at: Mon, 06 Nov 2017 20:59:12 GMT
- request:
    method: get
    uri: https://api.profitbricks.com/cloudapi/v4/datacenters/b9c6cb26-6100-4ba3-803a-caf75267068a/servers?depth=5
    body:
      encoding: US-ASCII
      string: ''
    headers:
      User-Agent:
      - profitbricks-ruby-sdk/4.0.1 Puppet/4.5.1
      Content-Type:
      - application/json
      Authorization: Basic dXNlcm5hbWU6cGFzc3dvcmQ=
  response:
    status:
      code: 200
      message: OK
    headers:
      Date:
      - Mon, 06 Nov 2017 20:59:12 GMT
      Server:
      - Apache/2.4.10 (Debian)
      X-Ratelimit-Remaining:
      - '299'
      X-Ratelimit-Burst:
      - '300'
      X-Ratelimit-Limit:
      - '600'
      Content-Type:
      - application/json
      Strict-Transport-Security:
      - max-age=15768000
    body:
      encoding: ASCII-8BIT
      string: |
        {
          "id" : "b9c6cb26-6100-4ba3-803a-caf75267068a/servers",
          "type" : "collection",
          "href" : "https://api.profitbricks.com/cloudapi/v4/datacenters/b9c6cb26-6100-4ba3-803a-caf75267068a/servers",
          "items" : [ {
            "id" : "63e8dc33-9c14-40f5-88fe-b3b5f657259a",
            "type" : "server",
            "href" : "https://api.profitbricks.com/cloudapi/v4/datacenters/b9c6cb26-6100-4ba3-803a-caf75267068a/servers/63e8dc33-9c14-40f5-88fe-b3b5f657259a",
            "metadata" : {
              "createdDate" : "2017-11-06T20:24:13Z",
              "createdBy" : "username",
              "etag" : "3483a0464b3b3eb2d88dc8622fa17679",
              "lastModifiedDate" : "2017-11-06T20:24:13Z",
              "lastModifiedBy" : "username",
              "state" : "AVAILABLE"
            },
            "properties" : {
              "name" : "Puppet Module Test",
              "cores" : 1,
              "ram" : 1024,
              "availabilityZone" : "AUTO",
              "vmState" : "RUNNING",
              "bootCdrom" : null,
              "bootVolume" : null,
              "cpuFamily" : "AMD_OPTERON"
            },
            "entities" : {
              "cdroms" : {
                "id" : "63e8dc33-9c14-40f5-88fe-b3b5f657259a/cdroms",
                "type" : "collection",
                "href" : "https://api.profitbricks.com/cloudapi/v4/datacenters/b9c6cb26-6100-4ba3-803a-caf75267068a/servers/63e8dc33-9c14-40f5-88fe-b3b5f657259a/cdroms",
                "items" : [ ]
              },
              "volumes" : {
                "id" : "63e8dc33-9c14-40f5-88fe-b3b5f657259a/volumes",
                "type" : "collection",
                "href" : "https://api.profitbricks.com/cloudapi/v4/datacenters/b9c6cb26-6100-4ba3-803a-caf75267068a/servers/63e8dc33-9c14-40f5-88fe-b3b5f657259a/volumes",
                "items" : [ ]
              },
              "nics" : {
                "id" : "63e8dc33-9c14-40f5-88fe-b3b5f657259a/nics",
                "type" : "collection",
                "href" : "https://api.profitbricks.com/cloudapi/v4/datacenters/b9c6cb26-6100-4ba3-803a-caf75267068a/servers/63e8dc33-9c14-40f5-88fe-b3b5f657259a/nics",
                "items" : [ ]
              }
            }
          } ]
        }
    http_version: 
  recorded_at: Mon, 06 Nov 2017 20:59:13 GMT
- request:
    method: post
    uri: https://api.profitbricks.com/cloudapi/v4/datacenters/b9c6cb26-6100-4ba3-803a-caf75267068a/servers/63e8dc33-9c14-40f5-88fe-b3b5f657259a/nics?depth=5
    body:
      encoding: UTF-8
      string: '{"properties":{"name":"Puppet Module Test","nat":false,"dhcp":"true","lan":"1","ips":null,"firewallActive":"true"}}'
    headers:
      User-Agent:
      - profitbricks-ruby-sdk/4.0.1 Puppet/4.5.1
      Content-Type:
      - application/json
      Authorization: Basic dXNlcm5hbWU6cGFzc3dvcmQ=
  response:
    status:
      code: 202
      message: Accepted
    headers:
      Date:
      - Mon, 06 Nov 2017 20:59:15 GMT
      Server:
      - Apache/2.4.10 (Debian)
      Location:
      - https://api.profitbricks.com/cloudapi/v4/requests/71746725-673b-40b0-a276-44cc79e7db7f/status
      X-Ratelimit-Remaining:
      - '49'
      X-Ratelimit-Burst:
      - '50'
      X-Ratelimit-Limit:
      - '120'
      Content-Type:
      - application/json
      Strict-Transport-Security:
      - max-age=15768000
    body:
      encoding: ASCII-8BIT
      string: |
        {
          "id" : "3dbebccd-6be2-4428-9bec-52add9d645b8",
          "type" : "nic",
          "href" : "https://api.profitbricks.com/cloudapi/v4/datacenters/b9c6cb26-6100-4ba3-803a-caf75267068a/servers/63e8dc33-9c14-40f5-88fe-b3b5f657259a/nics/3dbebccd-6be2-4428-9bec-52add9d645b8",
          "metadata" : {
            "createdDate" : "2017-11-06T20:59:15Z",
            "createdBy" : "username",
            "etag" : "5dff972724c2fb675ae4a2dea0e8cd61",
            "lastModifiedDate" : "2017-11-06T20:59:15Z",
            "lastModifiedBy" : "username",
            "state" : "BUSY"
          },
          "properties" : {
            "name" : "Puppet Module Test",
            "mac" : null,
            "ips" : null,
            "dhcp" : true,
            "lan" : 1,
            "firewallActive" : true,
            "nat" : false
          }
        }
    http_version: 
  recorded_at: Mon, 06 Nov 2017 20:59:15 GMT
- request:
    method: get
    uri: https://api.profitbricks.com/cloudapi/v4/requests/71746725-673b-40b0-a276-44cc79e7db7f?depth=5
    body:
      encoding: US-ASCII
      string: ''
    headers:
      User-Agent:
      - profitbricks-ruby-sdk/4.0.1 Puppet/4.5.1
      Content-Type:
      - application/json
      Authorization: Basic dXNlcm5hbWU6cGFzc3dvcmQ=
  response:
    status:
      code: 200
      message: OK
    headers:
      Date:
      - Mon, 06 Nov 2017 20:59:16 GMT
      Server:
      - Apache/2.4.10 (Debian)
      X-Ratelimit-Remaining:
      - '299'
      X-Ratelimit-Burst:
      - '300'
      X-Ratelimit-Limit:
      - '600'
      Content-Type:
      - application/json
      Strict-Transport-Security:
      - max-age=15768000
    body:
      encoding: ASCII-8BIT
      string: |
        {
          "id" : "71746725-673b-40b0-a276-44cc79e7db7f",
          "type" : "request",
          "href" : "https://api.profitbricks.com/cloudapi/v4/requests/71746725-673b-40b0-a276-44cc79e7db7f",
          "metadata" : {
            "createdDate" : "2017-11-06T20:59:14Z",
            "createdBy" : "username",
            "etag" : "43491564ebcfd38568918efbd6e840fd",
            "requestStatus" : {
              "id" : "71746725-673b-40b0-a276-44cc79e7db7f/status",
              "type" : "request-status",
              "href" : "https://api.profitbricks.com/cloudapi/v4/requests/71746725-673b-40b0-a276-44cc79e7db7f/status",
              "metadata" : {
                "status" : "RUNNING",
                "message" : "Request is running",
                "etag" : "43491564ebcfd38568918efbd6e840fd",
                "targets" : [ {
                  "target" : {
                    "id" : "3dbebccd-6be2-4428-9bec-52add9d645b8",
                    "type" : "nic",
                    "href" : "https://api.profitbricks.com/cloudapi/v4/datacenters/b9c6cb26-6100-4ba3-803a-caf75267068a/servers/63e8dc33-9c14-40f5-88fe-b3b5f657259a/nics/3dbebccd-6be2-4428-9bec-52add9d645b8"
                  },
                  "status" : "RUNNING"
                } ]
              }
            }
          },
          "properties" : {
            "method" : "POST",
            "headers" : {
              "content-type" : "application/json",
              "connection" : "Keep-Alive",
              "host" : "api.profitbricks.com",
              "x-forwarded-for" : "146.255.143.137",
              "content-length" : "115",
              "x-forwarded-host" : "api.profitbricks.com",
              "x-reseller" : "pb.domain",
              "user-agent" : "profitbricks-ruby-sdk/4.0.1 Puppet/4.5.1",
              "x-forwarded-server" : "my.profitbricks.com"
            },
            "body" : "{\"properties\":{\"name\":\"Puppet Module Test\",\"nat\":false,\"dhcp\":\"true\",\"lan\":\"1\",\"ips\":null,\"firewallActive\":\"true\"}}",
            "url" : "https://api.profitbricks.com/cloudapi/v4/datacenters/b9c6cb26-6100-4ba3-803a-caf75267068a/servers/63e8dc33-9c14-40f5-88fe-b3b5f657259a/nics?depth=5?depth=5"
          }
        }
    http_version: 
  recorded_at: Mon, 06 Nov 2017 20:59:16 GMT
- request:
    method: get
    uri: https://api.profitbricks.com/cloudapi/v4/requests/71746725-673b-40b0-a276-44cc79e7db7f/status?depth=5
    body:
      encoding: US-ASCII
      string: ''
    headers:
      User-Agent:
      - profitbricks-ruby-sdk/4.0.1 Puppet/4.5.1
      Content-Type:
      - application/json
      Authorization: Basic dXNlcm5hbWU6cGFzc3dvcmQ=
  response:
    status:
      code: 200
      message: OK
    headers:
      Date:
      - Mon, 06 Nov 2017 20:59:17 GMT
      Server:
      - Apache/2.4.10 (Debian)
      X-Ratelimit-Remaining:
      - '299'
      X-Ratelimit-Burst:
      - '300'
      X-Ratelimit-Limit:
      - '600'
      Content-Type:
      - application/json
      Strict-Transport-Security:
      - max-age=15768000
    body:
      encoding: ASCII-8BIT
      string: |
        {
          "id" : "71746725-673b-40b0-a276-44cc79e7db7f/status",
          "type" : "request-status",
          "href" : "https://api.profitbricks.com/cloudapi/v4/requests/71746725-673b-40b0-a276-44cc79e7db7f/status",
          "metadata" : {
            "status" : "RUNNING",
            "message" : "Request is running",
            "etag" : "43491564ebcfd38568918efbd6e840fd",
            "targets" : [ {
              "target" : {
                "id" : "3dbebccd-6be2-4428-9bec-52add9d645b8",
                "type" : "nic",
                "href" : "https://api.profitbricks.com/cloudapi/v4/datacenters/b9c6cb26-6100-4ba3-803a-caf75267068a/servers/63e8dc33-9c14-40f5-88fe-b3b5f657259a/nics/3dbebccd-6be2-4428-9bec-52add9d645b8"
              },
              "status" : "RUNNING"
            } ]
          }
        }
    http_version: 
  recorded_at: Mon, 06 Nov 2017 20:59:18 GMT
- request:
    method: get
    uri: https://api.profitbricks.com/cloudapi/v4/requests/71746725-673b-40b0-a276-44cc79e7db7f?depth=5
    body:
      encoding: US-ASCII
      string: ''
    headers:
      User-Agent:
      - profitbricks-ruby-sdk/4.0.1 Puppet/4.5.1
      Content-Type:
      - application/json
      Authorization: Basic dXNlcm5hbWU6cGFzc3dvcmQ=
  response:
    status:
      code: 200
      message: OK
    headers:
      Date:
      - Mon, 06 Nov 2017 20:59:20 GMT
      Server:
      - Apache/2.4.10 (Debian)
      X-Ratelimit-Remaining:
      - '299'
      X-Ratelimit-Burst:
      - '300'
      X-Ratelimit-Limit:
      - '600'
      Content-Type:
      - application/json
      Strict-Transport-Security:
      - max-age=15768000
    body:
      encoding: ASCII-8BIT
      string: |
        {
          "id" : "71746725-673b-40b0-a276-44cc79e7db7f",
          "type" : "request",
          "href" : "https://api.profitbricks.com/cloudapi/v4/requests/71746725-673b-40b0-a276-44cc79e7db7f",
          "metadata" : {
            "createdDate" : "2017-11-06T20:59:14Z",
            "createdBy" : "username",
            "etag" : "43491564ebcfd38568918efbd6e840fd",
            "requestStatus" : {
              "id" : "71746725-673b-40b0-a276-44cc79e7db7f/status",
              "type" : "request-status",
              "href" : "https://api.profitbricks.com/cloudapi/v4/requests/71746725-673b-40b0-a276-44cc79e7db7f/status",
              "metadata" : {
                "status" : "RUNNING",
                "message" : "Request is running",
                "etag" : "43491564ebcfd38568918efbd6e840fd",
                "targets" : [ {
                  "target" : {
                    "id" : "3dbebccd-6be2-4428-9bec-52add9d645b8",
                    "type" : "nic",
                    "href" : "https://api.profitbricks.com/cloudapi/v4/datacenters/b9c6cb26-6100-4ba3-803a-caf75267068a/servers/63e8dc33-9c14-40f5-88fe-b3b5f657259a/nics/3dbebccd-6be2-4428-9bec-52add9d645b8"
                  },
                  "status" : "RUNNING"
                } ]
              }
            }
          },
          "properties" : {
            "method" : "POST",
            "headers" : {
              "content-type" : "application/json",
              "connection" : "Keep-Alive",
              "host" : "api.profitbricks.com",
              "x-forwarded-for" : "146.255.143.137",
              "content-length" : "115",
              "x-forwarded-host" : "api.profitbricks.com",
              "x-reseller" : "pb.domain",
              "user-agent" : "profitbricks-ruby-sdk/4.0.1 Puppet/4.5.1",
              "x-forwarded-server" : "my.profitbricks.com"
            },
            "body" : "{\"properties\":{\"name\":\"Puppet Module Test\",\"nat\":false,\"dhcp\":\"true\",\"lan\":\"1\",\"ips\":null,\"firewallActive\":\"true\"}}",
            "url" : "https://api.profitbricks.com/cloudapi/v4/datacenters/b9c6cb26-6100-4ba3-803a-caf75267068a/servers/63e8dc33-9c14-40f5-88fe-b3b5f657259a/nics?depth=5?depth=5"
          }
        }
    http_version: 
  recorded_at: Mon, 06 Nov 2017 20:59:20 GMT
- request:
    method: get
    uri: https://api.profitbricks.com/cloudapi/v4/requests/71746725-673b-40b0-a276-44cc79e7db7f/status?depth=5
    body:
      encoding: US-ASCII
      string: ''
    headers:
      User-Agent:
      - profitbricks-ruby-sdk/4.0.1 Puppet/4.5.1
      Content-Type:
      - application/json
      Authorization: Basic dXNlcm5hbWU6cGFzc3dvcmQ=
  response:
    status:
      code: 200
      message: OK
    headers:
      Date:
      - Mon, 06 Nov 2017 20:59:21 GMT
      Server:
      - Apache/2.4.10 (Debian)
      X-Ratelimit-Remaining:
      - '299'
      X-Ratelimit-Burst:
      - '300'
      X-Ratelimit-Limit:
      - '600'
      Content-Type:
      - application/json
      Strict-Transport-Security:
      - max-age=15768000
    body:
      encoding: ASCII-8BIT
      string: |
        {
          "id" : "71746725-673b-40b0-a276-44cc79e7db7f/status",
          "type" : "request-status",
          "href" : "https://api.profitbricks.com/cloudapi/v4/requests/71746725-673b-40b0-a276-44cc79e7db7f/status",
          "metadata" : {
            "status" : "RUNNING",
            "message" : "Request is running",
            "etag" : "43491564ebcfd38568918efbd6e840fd",
            "targets" : [ {
              "target" : {
                "id" : "3dbebccd-6be2-4428-9bec-52add9d645b8",
                "type" : "nic",
                "href" : "https://api.profitbricks.com/cloudapi/v4/datacenters/b9c6cb26-6100-4ba3-803a-caf75267068a/servers/63e8dc33-9c14-40f5-88fe-b3b5f657259a/nics/3dbebccd-6be2-4428-9bec-52add9d645b8"
              },
              "status" : "RUNNING"
            } ]
          }
        }
    http_version: 
  recorded_at: Mon, 06 Nov 2017 20:59:21 GMT
- request:
    method: get
    uri: https://api.profitbricks.com/cloudapi/v4/requests/71746725-673b-40b0-a276-44cc79e7db7f?depth=5
    body:
      encoding: US-ASCII
      string: ''
    headers:
      User-Agent:
      - profitbricks-ruby-sdk/4.0.1 Puppet/4.5.1
      Content-Type:
      - application/json
      Authorization: Basic dXNlcm5hbWU6cGFzc3dvcmQ=
  response:
    status:
      code: 200
      message: OK
    headers:
      Date:
      - Mon, 06 Nov 2017 20:59:24 GMT
      Server:
      - Apache/2.4.10 (Debian)
      X-Ratelimit-Remaining:
      - '299'
      X-Ratelimit-Burst:
      - '300'
      X-Ratelimit-Limit:
      - '600'
      Content-Type:
      - application/json
      Strict-Transport-Security:
      - max-age=15768000
    body:
      encoding: ASCII-8BIT
      string: |
        {
          "id" : "71746725-673b-40b0-a276-44cc79e7db7f",
          "type" : "request",
          "href" : "https://api.profitbricks.com/cloudapi/v4/requests/71746725-673b-40b0-a276-44cc79e7db7f",
          "metadata" : {
            "createdDate" : "2017-11-06T20:59:14Z",
            "createdBy" : "username",
            "etag" : "43491564ebcfd38568918efbd6e840fd",
            "requestStatus" : {
              "id" : "71746725-673b-40b0-a276-44cc79e7db7f/status",
              "type" : "request-status",
              "href" : "https://api.profitbricks.com/cloudapi/v4/requests/71746725-673b-40b0-a276-44cc79e7db7f/status",
              "metadata" : {
                "status" : "RUNNING",
                "message" : "Request is running",
                "etag" : "43491564ebcfd38568918efbd6e840fd",
                "targets" : [ {
                  "target" : {
                    "id" : "3dbebccd-6be2-4428-9bec-52add9d645b8",
                    "type" : "nic",
                    "href" : "https://api.profitbricks.com/cloudapi/v4/datacenters/b9c6cb26-6100-4ba3-803a-caf75267068a/servers/63e8dc33-9c14-40f5-88fe-b3b5f657259a/nics/3dbebccd-6be2-4428-9bec-52add9d645b8"
                  },
                  "status" : "RUNNING"
                } ]
              }
            }
          },
          "properties" : {
            "method" : "POST",
            "headers" : {
              "content-type" : "application/json",
              "connection" : "Keep-Alive",
              "host" : "api.profitbricks.com",
              "x-forwarded-for" : "146.255.143.137",
              "content-length" : "115",
              "x-forwarded-host" : "api.profitbricks.com",
              "x-reseller" : "pb.domain",
              "user-agent" : "profitbricks-ruby-sdk/4.0.1 Puppet/4.5.1",
              "x-forwarded-server" : "my.profitbricks.com"
            },
            "body" : "{\"properties\":{\"name\":\"Puppet Module Test\",\"nat\":false,\"dhcp\":\"true\",\"lan\":\"1\",\"ips\":null,\"firewallActive\":\"true\"}}",
            "url" : "https://api.profitbricks.com/cloudapi/v4/datacenters/b9c6cb26-6100-4ba3-803a-caf75267068a/servers/63e8dc33-9c14-40f5-88fe-b3b5f657259a/nics?depth=5?depth=5"
          }
        }
    http_version: 
  recorded_at: Mon, 06 Nov 2017 20:59:24 GMT
- request:
    method: get
    uri: https://api.profitbricks.com/cloudapi/v4/requests/71746725-673b-40b0-a276-44cc79e7db7f/status?depth=5
    body:
      encoding: US-ASCII
      string: ''
    headers:
      User-Agent:
      - profitbricks-ruby-sdk/4.0.1 Puppet/4.5.1
      Content-Type:
      - application/json
      Authorization: Basic dXNlcm5hbWU6cGFzc3dvcmQ=
  response:
    status:
      code: 200
      message: OK
    headers:
      Date:
      - Mon, 06 Nov 2017 20:59:25 GMT
      Server:
      - Apache/2.4.10 (Debian)
      X-Ratelimit-Remaining:
      - '299'
      X-Ratelimit-Burst:
      - '300'
      X-Ratelimit-Limit:
      - '600'
      Content-Type:
      - application/json
      Strict-Transport-Security:
      - max-age=15768000
    body:
      encoding: ASCII-8BIT
      string: |
        {
          "id" : "71746725-673b-40b0-a276-44cc79e7db7f/status",
          "type" : "request-status",
          "href" : "https://api.profitbricks.com/cloudapi/v4/requests/71746725-673b-40b0-a276-44cc79e7db7f/status",
          "metadata" : {
            "status" : "RUNNING",
            "message" : "Request is running",
            "etag" : "43491564ebcfd38568918efbd6e840fd",
            "targets" : [ {
              "target" : {
                "id" : "3dbebccd-6be2-4428-9bec-52add9d645b8",
                "type" : "nic",
                "href" : "https://api.profitbricks.com/cloudapi/v4/datacenters/b9c6cb26-6100-4ba3-803a-caf75267068a/servers/63e8dc33-9c14-40f5-88fe-b3b5f657259a/nics/3dbebccd-6be2-4428-9bec-52add9d645b8"
              },
              "status" : "RUNNING"
            } ]
          }
        }
    http_version: 
  recorded_at: Mon, 06 Nov 2017 20:59:25 GMT
- request:
    method: get
    uri: https://api.profitbricks.com/cloudapi/v4/requests/71746725-673b-40b0-a276-44cc79e7db7f?depth=5
    body:
      encoding: US-ASCII
      string: ''
    headers:
      User-Agent:
      - profitbricks-ruby-sdk/4.0.1 Puppet/4.5.1
      Content-Type:
      - application/json
      Authorization: Basic dXNlcm5hbWU6cGFzc3dvcmQ=
  response:
    status:
      code: 200
      message: OK
    headers:
      Date:
      - Mon, 06 Nov 2017 20:59:26 GMT
      Server:
      - Apache/2.4.10 (Debian)
      X-Ratelimit-Remaining:
      - '299'
      X-Ratelimit-Burst:
      - '300'
      X-Ratelimit-Limit:
      - '600'
      Content-Type:
      - application/json
      Strict-Transport-Security:
      - max-age=15768000
    body:
      encoding: ASCII-8BIT
      string: |
        {
          "id" : "71746725-673b-40b0-a276-44cc79e7db7f",
          "type" : "request",
          "href" : "https://api.profitbricks.com/cloudapi/v4/requests/71746725-673b-40b0-a276-44cc79e7db7f",
          "metadata" : {
            "createdDate" : "2017-11-06T20:59:14Z",
            "createdBy" : "username",
            "etag" : "43491564ebcfd38568918efbd6e840fd",
            "requestStatus" : {
              "id" : "71746725-673b-40b0-a276-44cc79e7db7f/status",
              "type" : "request-status",
              "href" : "https://api.profitbricks.com/cloudapi/v4/requests/71746725-673b-40b0-a276-44cc79e7db7f/status",
              "metadata" : {
                "status" : "RUNNING",
                "message" : "Request is running",
                "etag" : "43491564ebcfd38568918efbd6e840fd",
                "targets" : [ {
                  "target" : {
                    "id" : "3dbebccd-6be2-4428-9bec-52add9d645b8",
                    "type" : "nic",
                    "href" : "https://api.profitbricks.com/cloudapi/v4/datacenters/b9c6cb26-6100-4ba3-803a-caf75267068a/servers/63e8dc33-9c14-40f5-88fe-b3b5f657259a/nics/3dbebccd-6be2-4428-9bec-52add9d645b8"
                  },
                  "status" : "RUNNING"
                } ]
              }
            }
          },
          "properties" : {
            "method" : "POST",
            "headers" : {
              "content-type" : "application/json",
              "connection" : "Keep-Alive",
              "host" : "api.profitbricks.com",
              "x-forwarded-for" : "146.255.143.137",
              "content-length" : "115",
              "x-forwarded-host" : "api.profitbricks.com",
              "x-reseller" : "pb.domain",
              "user-agent" : "profitbricks-ruby-sdk/4.0.1 Puppet/4.5.1",
              "x-forwarded-server" : "my.profitbricks.com"
            },
            "body" : "{\"properties\":{\"name\":\"Puppet Module Test\",\"nat\":false,\"dhcp\":\"true\",\"lan\":\"1\",\"ips\":null,\"firewallActive\":\"true\"}}",
            "url" : "https://api.profitbricks.com/cloudapi/v4/datacenters/b9c6cb26-6100-4ba3-803a-caf75267068a/servers/63e8dc33-9c14-40f5-88fe-b3b5f657259a/nics?depth=5?depth=5"
          }
        }
    http_version: 
  recorded_at: Mon, 06 Nov 2017 20:59:27 GMT
- request:
    method: get
    uri: https://api.profitbricks.com/cloudapi/v4/requests/71746725-673b-40b0-a276-44cc79e7db7f/status?depth=5
    body:
      encoding: US-ASCII
      string: ''
    headers:
      User-Agent:
      - profitbricks-ruby-sdk/4.0.1 Puppet/4.5.1
      Content-Type:
      - application/json
      Authorization: Basic dXNlcm5hbWU6cGFzc3dvcmQ=
  response:
    status:
      code: 200
      message: OK
    headers:
      Date:
      - Mon, 06 Nov 2017 20:59:27 GMT
      Server:
      - Apache/2.4.10 (Debian)
      X-Ratelimit-Remaining:
      - '299'
      X-Ratelimit-Burst:
      - '300'
      X-Ratelimit-Limit:
      - '600'
      Content-Type:
      - application/json
      Strict-Transport-Security:
      - max-age=15768000
    body:
      encoding: ASCII-8BIT
      string: |
        {
          "id" : "71746725-673b-40b0-a276-44cc79e7db7f/status",
          "type" : "request-status",
          "href" : "https://api.profitbricks.com/cloudapi/v4/requests/71746725-673b-40b0-a276-44cc79e7db7f/status",
          "metadata" : {
            "status" : "RUNNING",
            "message" : "Request is running",
            "etag" : "43491564ebcfd38568918efbd6e840fd",
            "targets" : [ {
              "target" : {
                "id" : "3dbebccd-6be2-4428-9bec-52add9d645b8",
                "type" : "nic",
                "href" : "https://api.profitbricks.com/cloudapi/v4/datacenters/b9c6cb26-6100-4ba3-803a-caf75267068a/servers/63e8dc33-9c14-40f5-88fe-b3b5f657259a/nics/3dbebccd-6be2-4428-9bec-52add9d645b8"
              },
              "status" : "RUNNING"
            } ]
          }
        }
    http_version: 
  recorded_at: Mon, 06 Nov 2017 20:59:28 GMT
- request:
    method: get
    uri: https://api.profitbricks.com/cloudapi/v4/requests/71746725-673b-40b0-a276-44cc79e7db7f?depth=5
    body:
      encoding: US-ASCII
      string: ''
    headers:
      User-Agent:
      - profitbricks-ruby-sdk/4.0.1 Puppet/4.5.1
      Content-Type:
      - application/json
      Authorization: Basic dXNlcm5hbWU6cGFzc3dvcmQ=
  response:
    status:
      code: 200
      message: OK
    headers:
      Date:
      - Mon, 06 Nov 2017 20:59:30 GMT
      Server:
      - Apache/2.4.10 (Debian)
      X-Ratelimit-Remaining:
      - '299'
      X-Ratelimit-Burst:
      - '300'
      X-Ratelimit-Limit:
      - '600'
      Content-Type:
      - application/json
      Strict-Transport-Security:
      - max-age=15768000
    body:
      encoding: ASCII-8BIT
      string: |
        {
          "id" : "71746725-673b-40b0-a276-44cc79e7db7f",
          "type" : "request",
          "href" : "https://api.profitbricks.com/cloudapi/v4/requests/71746725-673b-40b0-a276-44cc79e7db7f",
          "metadata" : {
            "createdDate" : "2017-11-06T20:59:14Z",
            "createdBy" : "username",
            "etag" : "43491564ebcfd38568918efbd6e840fd",
            "requestStatus" : {
              "id" : "71746725-673b-40b0-a276-44cc79e7db7f/status",
              "type" : "request-status",
              "href" : "https://api.profitbricks.com/cloudapi/v4/requests/71746725-673b-40b0-a276-44cc79e7db7f/status",
              "metadata" : {
                "status" : "RUNNING",
                "message" : "Request is running",
                "etag" : "43491564ebcfd38568918efbd6e840fd",
                "targets" : [ {
                  "target" : {
                    "id" : "3dbebccd-6be2-4428-9bec-52add9d645b8",
                    "type" : "nic",
                    "href" : "https://api.profitbricks.com/cloudapi/v4/datacenters/b9c6cb26-6100-4ba3-803a-caf75267068a/servers/63e8dc33-9c14-40f5-88fe-b3b5f657259a/nics/3dbebccd-6be2-4428-9bec-52add9d645b8"
                  },
                  "status" : "RUNNING"
                } ]
              }
            }
          },
          "properties" : {
            "method" : "POST",
            "headers" : {
              "content-type" : "application/json",
              "connection" : "Keep-Alive",
              "host" : "api.profitbricks.com",
              "x-forwarded-for" : "146.255.143.137",
              "content-length" : "115",
              "x-forwarded-host" : "api.profitbricks.com",
              "x-reseller" : "pb.domain",
              "user-agent" : "profitbricks-ruby-sdk/4.0.1 Puppet/4.5.1",
              "x-forwarded-server" : "my.profitbricks.com"
            },
            "body" : "{\"properties\":{\"name\":\"Puppet Module Test\",\"nat\":false,\"dhcp\":\"true\",\"lan\":\"1\",\"ips\":null,\"firewallActive\":\"true\"}}",
            "url" : "https://api.profitbricks.com/cloudapi/v4/datacenters/b9c6cb26-6100-4ba3-803a-caf75267068a/servers/63e8dc33-9c14-40f5-88fe-b3b5f657259a/nics?depth=5?depth=5"
          }
        }
    http_version: 
  recorded_at: Mon, 06 Nov 2017 20:59:30 GMT
- request:
    method: get
    uri: https://api.profitbricks.com/cloudapi/v4/requests/71746725-673b-40b0-a276-44cc79e7db7f/status?depth=5
    body:
      encoding: US-ASCII
      string: ''
    headers:
      User-Agent:
      - profitbricks-ruby-sdk/4.0.1 Puppet/4.5.1
      Content-Type:
      - application/json
      Authorization: Basic dXNlcm5hbWU6cGFzc3dvcmQ=
  response:
    status:
      code: 200
      message: OK
    headers:
      Date:
      - Mon, 06 Nov 2017 20:59:34 GMT
      Server:
      - Apache/2.4.10 (Debian)
      X-Ratelimit-Remaining:
      - '299'
      X-Ratelimit-Burst:
      - '300'
      X-Ratelimit-Limit:
      - '600'
      Content-Type:
      - application/json
      Strict-Transport-Security:
      - max-age=15768000
    body:
      encoding: ASCII-8BIT
      string: |
        {
          "id" : "71746725-673b-40b0-a276-44cc79e7db7f/status",
          "type" : "request-status",
          "href" : "https://api.profitbricks.com/cloudapi/v4/requests/71746725-673b-40b0-a276-44cc79e7db7f/status",
          "metadata" : {
            "status" : "RUNNING",
            "message" : "Request is running",
            "etag" : "43491564ebcfd38568918efbd6e840fd",
            "targets" : [ {
              "target" : {
                "id" : "3dbebccd-6be2-4428-9bec-52add9d645b8",
                "type" : "nic",
                "href" : "https://api.profitbricks.com/cloudapi/v4/datacenters/b9c6cb26-6100-4ba3-803a-caf75267068a/servers/63e8dc33-9c14-40f5-88fe-b3b5f657259a/nics/3dbebccd-6be2-4428-9bec-52add9d645b8"
              },
              "status" : "RUNNING"
            } ]
          }
        }
    http_version: 
  recorded_at: Mon, 06 Nov 2017 20:59:34 GMT
- request:
    method: get
    uri: https://api.profitbricks.com/cloudapi/v4/requests/71746725-673b-40b0-a276-44cc79e7db7f?depth=5
    body:
      encoding: US-ASCII
      string: ''
    headers:
      User-Agent:
      - profitbricks-ruby-sdk/4.0.1 Puppet/4.5.1
      Content-Type:
      - application/json
      Authorization: Basic dXNlcm5hbWU6cGFzc3dvcmQ=
  response:
    status:
      code: 200
      message: OK
    headers:
      Date:
      - Mon, 06 Nov 2017 20:59:38 GMT
      Server:
      - Apache/2.4.10 (Debian)
      X-Ratelimit-Remaining:
      - '299'
      X-Ratelimit-Burst:
      - '300'
      X-Ratelimit-Limit:
      - '600'
      Content-Type:
      - application/json
      Strict-Transport-Security:
      - max-age=15768000
    body:
      encoding: ASCII-8BIT
      string: |
        {
          "id" : "71746725-673b-40b0-a276-44cc79e7db7f",
          "type" : "request",
          "href" : "https://api.profitbricks.com/cloudapi/v4/requests/71746725-673b-40b0-a276-44cc79e7db7f",
          "metadata" : {
            "createdDate" : "2017-11-06T20:59:14Z",
            "createdBy" : "username",
            "etag" : "2ba22e58ca17bb728d522bba36cf8350",
            "requestStatus" : {
              "id" : "71746725-673b-40b0-a276-44cc79e7db7f/status",
              "type" : "request-status",
              "href" : "https://api.profitbricks.com/cloudapi/v4/requests/71746725-673b-40b0-a276-44cc79e7db7f/status",
              "metadata" : {
                "status" : "DONE",
                "message" : "Request has been successfully executed",
                "etag" : "2ba22e58ca17bb728d522bba36cf8350",
                "targets" : [ {
                  "target" : {
                    "id" : "3dbebccd-6be2-4428-9bec-52add9d645b8",
                    "type" : "nic",
                    "href" : "https://api.profitbricks.com/cloudapi/v4/datacenters/b9c6cb26-6100-4ba3-803a-caf75267068a/servers/63e8dc33-9c14-40f5-88fe-b3b5f657259a/nics/3dbebccd-6be2-4428-9bec-52add9d645b8"
                  },
                  "status" : "DONE"
                } ]
              }
            }
          },
          "properties" : {
            "method" : "POST",
            "headers" : {
              "content-type" : "application/json",
              "connection" : "Keep-Alive",
              "host" : "api.profitbricks.com",
              "x-forwarded-for" : "146.255.143.137",
              "content-length" : "115",
              "x-forwarded-host" : "api.profitbricks.com",
              "x-reseller" : "pb.domain",
              "user-agent" : "profitbricks-ruby-sdk/4.0.1 Puppet/4.5.1",
              "x-forwarded-server" : "my.profitbricks.com"
            },
            "body" : "{\"properties\":{\"name\":\"Puppet Module Test\",\"nat\":false,\"dhcp\":\"true\",\"lan\":\"1\",\"ips\":null,\"firewallActive\":\"true\"}}",
            "url" : "https://api.profitbricks.com/cloudapi/v4/datacenters/b9c6cb26-6100-4ba3-803a-caf75267068a/servers/63e8dc33-9c14-40f5-88fe-b3b5f657259a/nics?depth=5?depth=5"
          }
        }
    http_version: 
  recorded_at: Mon, 06 Nov 2017 20:59:38 GMT
- request:
    method: get
    uri: https://api.profitbricks.com/cloudapi/v4/requests/71746725-673b-40b0-a276-44cc79e7db7f/status?depth=5
    body:
      encoding: US-ASCII
      string: ''
    headers:
      User-Agent:
      - profitbricks-ruby-sdk/4.0.1 Puppet/4.5.1
      Content-Type:
      - application/json
      Authorization: Basic dXNlcm5hbWU6cGFzc3dvcmQ=
  response:
    status:
      code: 200
      message: OK
    headers:
      Date:
      - Mon, 06 Nov 2017 20:59:41 GMT
      Server:
      - Apache/2.4.10 (Debian)
      X-Ratelimit-Remaining:
      - '299'
      X-Ratelimit-Burst:
      - '300'
      X-Ratelimit-Limit:
      - '600'
      Content-Type:
      - application/json
      Strict-Transport-Security:
      - max-age=15768000
    body:
      encoding: ASCII-8BIT
      string: |
        {
          "id" : "71746725-673b-40b0-a276-44cc79e7db7f/status",
          "type" : "request-status",
          "href" : "https://api.profitbricks.com/cloudapi/v4/requests/71746725-673b-40b0-a276-44cc79e7db7f/status",
          "metadata" : {
            "status" : "DONE",
            "message" : "Request has been successfully executed",
            "etag" : "2ba22e58ca17bb728d522bba36cf8350",
            "targets" : [ {
              "target" : {
                "id" : "3dbebccd-6be2-4428-9bec-52add9d645b8",
                "type" : "nic",
                "href" : "https://api.profitbricks.com/cloudapi/v4/datacenters/b9c6cb26-6100-4ba3-803a-caf75267068a/servers/63e8dc33-9c14-40f5-88fe-b3b5f657259a/nics/3dbebccd-6be2-4428-9bec-52add9d645b8"
              },
              "status" : "DONE"
            } ]
          }
        }
    http_version: 
  recorded_at: Mon, 06 Nov 2017 20:59:42 GMT
- request:
    method: get
    uri: https://api.profitbricks.com/cloudapi/v4/requests/71746725-673b-40b0-a276-44cc79e7db7f?depth=5
    body:
      encoding: US-ASCII
      string: ''
    headers:
      User-Agent:
      - profitbricks-ruby-sdk/4.0.1 Puppet/4.5.1
      Content-Type:
      - application/json
      Authorization: Basic dXNlcm5hbWU6cGFzc3dvcmQ=
  response:
    status:
      code: 200
      message: OK
    headers:
      Date:
      - Mon, 06 Nov 2017 20:59:47 GMT
      Server:
      - Apache/2.4.10 (Debian)
      X-Ratelimit-Remaining:
      - '299'
      X-Ratelimit-Burst:
      - '300'
      X-Ratelimit-Limit:
      - '600'
      Content-Type:
      - application/json
      Strict-Transport-Security:
      - max-age=15768000
    body:
      encoding: ASCII-8BIT
      string: |
        {
          "id" : "71746725-673b-40b0-a276-44cc79e7db7f",
          "type" : "request",
          "href" : "https://api.profitbricks.com/cloudapi/v4/requests/71746725-673b-40b0-a276-44cc79e7db7f",
          "metadata" : {
            "createdDate" : "2017-11-06T20:59:14Z",
            "createdBy" : "username",
            "etag" : "2ba22e58ca17bb728d522bba36cf8350",
            "requestStatus" : {
              "id" : "71746725-673b-40b0-a276-44cc79e7db7f/status",
              "type" : "request-status",
              "href" : "https://api.profitbricks.com/cloudapi/v4/requests/71746725-673b-40b0-a276-44cc79e7db7f/status",
              "metadata" : {
                "status" : "DONE",
                "message" : "Request has been successfully executed",
                "etag" : "2ba22e58ca17bb728d522bba36cf8350",
                "targets" : [ {
                  "target" : {
                    "id" : "3dbebccd-6be2-4428-9bec-52add9d645b8",
                    "type" : "nic",
                    "href" : "https://api.profitbricks.com/cloudapi/v4/datacenters/b9c6cb26-6100-4ba3-803a-caf75267068a/servers/63e8dc33-9c14-40f5-88fe-b3b5f657259a/nics/3dbebccd-6be2-4428-9bec-52add9d645b8"
                  },
                  "status" : "DONE"
                } ]
              }
            }
          },
          "properties" : {
            "method" : "POST",
            "headers" : {
              "content-type" : "application/json",
              "connection" : "Keep-Alive",
              "host" : "api.profitbricks.com",
              "x-forwarded-for" : "146.255.143.137",
              "content-length" : "115",
              "x-forwarded-host" : "api.profitbricks.com",
              "x-reseller" : "pb.domain",
              "user-agent" : "profitbricks-ruby-sdk/4.0.1 Puppet/4.5.1",
              "x-forwarded-server" : "my.profitbricks.com"
            },
            "body" : "{\"properties\":{\"name\":\"Puppet Module Test\",\"nat\":false,\"dhcp\":\"true\",\"lan\":\"1\",\"ips\":null,\"firewallActive\":\"true\"}}",
            "url" : "https://api.profitbricks.com/cloudapi/v4/datacenters/b9c6cb26-6100-4ba3-803a-caf75267068a/servers/63e8dc33-9c14-40f5-88fe-b3b5f657259a/nics?depth=5?depth=5"
          }
        }
    http_version: 
  recorded_at: Mon, 06 Nov 2017 20:59:47 GMT
- request:
    method: get
    uri: https://api.profitbricks.com/cloudapi/v4/requests/71746725-673b-40b0-a276-44cc79e7db7f/status?depth=5
    body:
      encoding: US-ASCII
      string: ''
    headers:
      User-Agent:
      - profitbricks-ruby-sdk/4.0.1 Puppet/4.5.1
      Content-Type:
      - application/json
      Authorization: Basic dXNlcm5hbWU6cGFzc3dvcmQ=
  response:
    status:
      code: 200
      message: OK
    headers:
      Date:
      - Mon, 06 Nov 2017 20:59:51 GMT
      Server:
      - Apache/2.4.10 (Debian)
      X-Ratelimit-Remaining:
      - '299'
      X-Ratelimit-Burst:
      - '300'
      X-Ratelimit-Limit:
      - '600'
      Content-Type:
      - application/json
      Strict-Transport-Security:
      - max-age=15768000
    body:
      encoding: ASCII-8BIT
      string: |
        {
          "id" : "71746725-673b-40b0-a276-44cc79e7db7f/status",
          "type" : "request-status",
          "href" : "https://api.profitbricks.com/cloudapi/v4/requests/71746725-673b-40b0-a276-44cc79e7db7f/status",
          "metadata" : {
            "status" : "DONE",
            "message" : "Request has been successfully executed",
            "etag" : "2ba22e58ca17bb728d522bba36cf8350",
            "targets" : [ {
              "target" : {
                "id" : "3dbebccd-6be2-4428-9bec-52add9d645b8",
                "type" : "nic",
                "href" : "https://api.profitbricks.com/cloudapi/v4/datacenters/b9c6cb26-6100-4ba3-803a-caf75267068a/servers/63e8dc33-9c14-40f5-88fe-b3b5f657259a/nics/3dbebccd-6be2-4428-9bec-52add9d645b8"
              },
              "status" : "DONE"
            } ]
          }
        }
    http_version: 
  recorded_at: Mon, 06 Nov 2017 20:59:51 GMT
recorded_with: VCR 3.0.3
