---
http_interactions:
- request:
    method: get
    uri: https://api.profitbricks.com/cloudapi/v4/datacenters?depth=1
    body:
      encoding: US-ASCII
      string: ''
    headers:
      User-Agent:
      - profitbricks-ruby-sdk/4.0.1 Puppet/4.5.1
      Content-Type:
      - application/json
      Authorization: Basic dXNlcm5hbWU6cGFzc3dvcmQ=
  response:
    status:
      code: 200
      message: OK
    headers:
      Date:
      - Mon, 06 Nov 2017 11:40:30 GMT
      Server:
      - Apache/2.4.10 (Debian)
      X-Ratelimit-Remaining:
      - '299'
      X-Ratelimit-Burst:
      - '300'
      X-Ratelimit-Limit:
      - '600'
      Content-Type:
      - application/json
      Strict-Transport-Security:
      - max-age=15768000
    body:
      encoding: ASCII-8BIT
      string: |
        {
          "id" : "datacenters",
          "type" : "collection",
          "href" : "https://api.profitbricks.com/cloudapi/v4/datacenters",
          "items" : [ {
            "id" : "b9c6cb26-6100-4ba3-803a-caf75267068a",
            "type" : "datacenter",
            "href" : "https://api.profitbricks.com/cloudapi/v4/datacenters/b9c6cb26-6100-4ba3-803a-caf75267068a",
            "metadata" : {
              "createdDate" : "2017-11-04T20:49:22Z",
              "createdBy" : "username",
              "etag" : "292482903e55964d494f5f4ad2d492a7",
              "lastModifiedDate" : "2017-11-04T20:49:22Z",
              "lastModifiedBy" : "username",
              "state" : "AVAILABLE"
            },
            "properties" : {
              "name" : "Puppet Module Test",
              "description" : null,
              "location" : "us/las",
              "version" : 1,
              "features" : [ "SSD", "MULTIPLE_CPU" ],
              "secAuthProtection" : false
            },
            "entities" : {
              "servers" : {
                "id" : "b9c6cb26-6100-4ba3-803a-caf75267068a/servers",
                "type" : "collection",
                "href" : "https://api.profitbricks.com/cloudapi/v4/datacenters/b9c6cb26-6100-4ba3-803a-caf75267068a/servers"
              },
              "volumes" : {
                "id" : "b9c6cb26-6100-4ba3-803a-caf75267068a/volumes",
                "type" : "collection",
                "href" : "https://api.profitbricks.com/cloudapi/v4/datacenters/b9c6cb26-6100-4ba3-803a-caf75267068a/volumes"
              },
              "loadbalancers" : {
                "id" : "b9c6cb26-6100-4ba3-803a-caf75267068a/loadbalancers",
                "type" : "collection",
                "href" : "https://api.profitbricks.com/cloudapi/v4/datacenters/b9c6cb26-6100-4ba3-803a-caf75267068a/loadbalancers"
              },
              "lans" : {
                "id" : "b9c6cb26-6100-4ba3-803a-caf75267068a/lans",
                "type" : "collection",
                "href" : "https://api.profitbricks.com/cloudapi/v4/datacenters/b9c6cb26-6100-4ba3-803a-caf75267068a/lans"
              }
            }
          } ]
        }
    http_version: 
  recorded_at: Mon, 06 Nov 2017 11:40:30 GMT
- request:
    method: post
    uri: https://api.profitbricks.com/cloudapi/v4/datacenters/b9c6cb26-6100-4ba3-803a-caf75267068a/volumes?depth=1
    body:
      encoding: UTF-8
      string: '{"properties":{"name":"Puppet Module Test","availabilityZone":"ZONE_3","image":null,"imageAlias":"ubuntu:latest","bus":"VIRTIO","type":"HDD","size":2,"licenceType":null,"imagePassword":null,"sshKeys":["ssh-rsa
        AAAAB3NzaC1yc2EAAAADAQABAAACAQDaH..."]}}'
    headers:
      User-Agent:
      - profitbricks-ruby-sdk/4.0.1 Puppet/4.5.1
      Content-Type:
      - application/json
      Authorization: Basic dXNlcm5hbWU6cGFzc3dvcmQ=
  response:
    status:
      code: 202
      message: Accepted
    headers:
      Date:
      - Mon, 06 Nov 2017 11:40:33 GMT
      Server:
      - Apache/2.4.10 (Debian)
      Location:
      - https://api.profitbricks.com/cloudapi/v4/requests/07dd87cb-9d3c-40e1-82d4-0958ddbde05b/status
      X-Ratelimit-Remaining:
      - '49'
      X-Ratelimit-Burst:
      - '50'
      X-Ratelimit-Limit:
      - '120'
      Content-Type:
      - application/json
      Strict-Transport-Security:
      - max-age=15768000
    body:
      encoding: ASCII-8BIT
      string: |
        {
          "id" : "671f73ee-3e17-4547-accd-682f0c758cd9",
          "type" : "volume",
          "href" : "https://api.profitbricks.com/cloudapi/v4/datacenters/b9c6cb26-6100-4ba3-803a-caf75267068a/volumes/671f73ee-3e17-4547-accd-682f0c758cd9",
          "metadata" : {
            "createdDate" : "2017-11-06T11:40:33Z",
            "createdBy" : "username",
            "etag" : "911cc2318d1ee863582681f2d17a35da",
            "lastModifiedDate" : "2017-11-06T11:40:33Z",
            "lastModifiedBy" : "username",
            "state" : "BUSY"
          },
          "properties" : {
            "name" : "Puppet Module Test",
            "type" : "HDD",
            "size" : 2,
            "availabilityZone" : "ZONE_3",
            "image" : "1871dd47-a671-11e7-90a7-525400f64d8d",
            "imagePassword" : null,
            "sshKeys" : [ "ssh-rsa AAAAB3NzaC1yc2EAAAADAQABAAACAQDaH..." ],
            "bus" : "VIRTIO",
            "licenceType" : null,
            "cpuHotPlug" : true,
            "cpuHotUnplug" : false,
            "ramHotPlug" : true,
            "ramHotUnplug" : false,
            "nicHotPlug" : true,
            "nicHotUnplug" : true,
            "discVirtioHotPlug" : true,
            "discVirtioHotUnplug" : true,
            "discScsiHotPlug" : false,
            "discScsiHotUnplug" : false,
            "deviceNumber" : null
          }
        }
    http_version: 
  recorded_at: Mon, 06 Nov 2017 11:40:33 GMT
- request:
    method: get
    uri: https://api.profitbricks.com/cloudapi/v4/requests/07dd87cb-9d3c-40e1-82d4-0958ddbde05b?depth=1
    body:
      encoding: US-ASCII
      string: ''
    headers:
      User-Agent:
      - profitbricks-ruby-sdk/4.0.1 Puppet/4.5.1
      Content-Type:
      - application/json
      Authorization: Basic dXNlcm5hbWU6cGFzc3dvcmQ=
  response:
    status:
      code: 200
      message: OK
    headers:
      Date:
      - Mon, 06 Nov 2017 11:40:34 GMT
      Server:
      - Apache/2.4.10 (Debian)
      X-Ratelimit-Remaining:
      - '299'
      X-Ratelimit-Burst:
      - '300'
      X-Ratelimit-Limit:
      - '600'
      Content-Type:
      - application/json
      Strict-Transport-Security:
      - max-age=15768000
    body:
      encoding: ASCII-8BIT
      string: |
        {
          "id" : "07dd87cb-9d3c-40e1-82d4-0958ddbde05b",
          "type" : "request",
          "href" : "https://api.profitbricks.com/cloudapi/v4/requests/07dd87cb-9d3c-40e1-82d4-0958ddbde05b",
          "metadata" : {
            "createdDate" : "2017-11-06T11:40:32Z",
            "createdBy" : "username",
            "etag" : "43491564ebcfd38568918efbd6e840fd",
            "requestStatus" : {
              "id" : "07dd87cb-9d3c-40e1-82d4-0958ddbde05b/status",
              "type" : "request-status",
              "href" : "https://api.profitbricks.com/cloudapi/v4/requests/07dd87cb-9d3c-40e1-82d4-0958ddbde05b/status",
              "metadata" : {
                "status" : "RUNNING",
                "message" : "Request is running",
                "etag" : "43491564ebcfd38568918efbd6e840fd",
                "targets" : [ {
                  "target" : {
                    "id" : "671f73ee-3e17-4547-accd-682f0c758cd9",
                    "type" : "volume",
                    "href" : "https://api.profitbricks.com/cloudapi/v4/datacenters/b9c6cb26-6100-4ba3-803a-caf75267068a/volumes/671f73ee-3e17-4547-accd-682f0c758cd9"
                  },
                  "status" : "RUNNING"
                } ]
              }
            }
          },
          "properties" : {
            "method" : "POST",
            "headers" : {
              "content-type" : "application/json",
              "connection" : "Keep-Alive",
              "host" : "api.profitbricks.com",
              "x-forwarded-for" : "146.255.143.137",
              "content-length" : "250",
              "x-forwarded-host" : "api.profitbricks.com",
              "x-reseller" : "pb.domain",
              "user-agent" : "profitbricks-ruby-sdk/4.0.1 Puppet/4.5.1",
              "x-forwarded-server" : "my.profitbricks.com"
            },
            "body" : "{\"properties\":{\"name\":\"Puppet Module Test\",\"availabilityZone\":\"ZONE_3\",\"image\":null,\"imageAlias\":\"ubuntu:latest\",\"bus\":\"VIRTIO\",\"type\":\"HDD\",\"size\":2,\"licenceType\":null,\"imagePassword\":null,\"sshKeys\":[\"ssh-rsa AAAAB3NzaC1yc2EAAAADAQABAAACAQDaH...\"]}}",
            "url" : "https://api.profitbricks.com/cloudapi/v4/datacenters/b9c6cb26-6100-4ba3-803a-caf75267068a/volumes?depth=1?depth=1"
          }
        }
    http_version: 
  recorded_at: Mon, 06 Nov 2017 11:40:34 GMT
- request:
    method: get
    uri: https://api.profitbricks.com/cloudapi/v4/requests/07dd87cb-9d3c-40e1-82d4-0958ddbde05b/status?depth=1
    body:
      encoding: US-ASCII
      string: ''
    headers:
      User-Agent:
      - profitbricks-ruby-sdk/4.0.1 Puppet/4.5.1
      Content-Type:
      - application/json
      Authorization: Basic dXNlcm5hbWU6cGFzc3dvcmQ=
  response:
    status:
      code: 200
      message: OK
    headers:
      Date:
      - Mon, 06 Nov 2017 11:40:36 GMT
      Server:
      - Apache/2.4.10 (Debian)
      X-Ratelimit-Remaining:
      - '299'
      X-Ratelimit-Burst:
      - '300'
      X-Ratelimit-Limit:
      - '600'
      Content-Type:
      - application/json
      Strict-Transport-Security:
      - max-age=15768000
    body:
      encoding: ASCII-8BIT
      string: |
        {
          "id" : "07dd87cb-9d3c-40e1-82d4-0958ddbde05b/status",
          "type" : "request-status",
          "href" : "https://api.profitbricks.com/cloudapi/v4/requests/07dd87cb-9d3c-40e1-82d4-0958ddbde05b/status",
          "metadata" : {
            "status" : "RUNNING",
            "message" : "Request is running",
            "etag" : "43491564ebcfd38568918efbd6e840fd",
            "targets" : [ {
              "target" : {
                "id" : "671f73ee-3e17-4547-accd-682f0c758cd9",
                "type" : "volume",
                "href" : "https://api.profitbricks.com/cloudapi/v4/datacenters/b9c6cb26-6100-4ba3-803a-caf75267068a/volumes/671f73ee-3e17-4547-accd-682f0c758cd9"
              },
              "status" : "RUNNING"
            } ]
          }
        }
    http_version: 
  recorded_at: Mon, 06 Nov 2017 11:40:36 GMT
- request:
    method: get
    uri: https://api.profitbricks.com/cloudapi/v4/requests/07dd87cb-9d3c-40e1-82d4-0958ddbde05b?depth=1
    body:
      encoding: US-ASCII
      string: ''
    headers:
      User-Agent:
      - profitbricks-ruby-sdk/4.0.1 Puppet/4.5.1
      Content-Type:
      - application/json
      Authorization: Basic dXNlcm5hbWU6cGFzc3dvcmQ=
  response:
    status:
      code: 200
      message: OK
    headers:
      Date:
      - Mon, 06 Nov 2017 11:40:38 GMT
      Server:
      - Apache/2.4.10 (Debian)
      X-Ratelimit-Remaining:
      - '299'
      X-Ratelimit-Burst:
      - '300'
      X-Ratelimit-Limit:
      - '600'
      Content-Type:
      - application/json
      Strict-Transport-Security:
      - max-age=15768000
    body:
      encoding: ASCII-8BIT
      string: |
        {
          "id" : "07dd87cb-9d3c-40e1-82d4-0958ddbde05b",
          "type" : "request",
          "href" : "https://api.profitbricks.com/cloudapi/v4/requests/07dd87cb-9d3c-40e1-82d4-0958ddbde05b",
          "metadata" : {
            "createdDate" : "2017-11-06T11:40:32Z",
            "createdBy" : "username",
            "etag" : "43491564ebcfd38568918efbd6e840fd",
            "requestStatus" : {
              "id" : "07dd87cb-9d3c-40e1-82d4-0958ddbde05b/status",
              "type" : "request-status",
              "href" : "https://api.profitbricks.com/cloudapi/v4/requests/07dd87cb-9d3c-40e1-82d4-0958ddbde05b/status",
              "metadata" : {
                "status" : "RUNNING",
                "message" : "Request is running",
                "etag" : "43491564ebcfd38568918efbd6e840fd",
                "targets" : [ {
                  "target" : {
                    "id" : "671f73ee-3e17-4547-accd-682f0c758cd9",
                    "type" : "volume",
                    "href" : "https://api.profitbricks.com/cloudapi/v4/datacenters/b9c6cb26-6100-4ba3-803a-caf75267068a/volumes/671f73ee-3e17-4547-accd-682f0c758cd9"
                  },
                  "status" : "RUNNING"
                } ]
              }
            }
          },
          "properties" : {
            "method" : "POST",
            "headers" : {
              "content-type" : "application/json",
              "connection" : "Keep-Alive",
              "host" : "api.profitbricks.com",
              "x-forwarded-for" : "146.255.143.137",
              "content-length" : "250",
              "x-forwarded-host" : "api.profitbricks.com",
              "x-reseller" : "pb.domain",
              "user-agent" : "profitbricks-ruby-sdk/4.0.1 Puppet/4.5.1",
              "x-forwarded-server" : "my.profitbricks.com"
            },
            "body" : "{\"properties\":{\"name\":\"Puppet Module Test\",\"availabilityZone\":\"ZONE_3\",\"image\":null,\"imageAlias\":\"ubuntu:latest\",\"bus\":\"VIRTIO\",\"type\":\"HDD\",\"size\":2,\"licenceType\":null,\"imagePassword\":null,\"sshKeys\":[\"ssh-rsa AAAAB3NzaC1yc2EAAAADAQABAAACAQDaH...\"]}}",
            "url" : "https://api.profitbricks.com/cloudapi/v4/datacenters/b9c6cb26-6100-4ba3-803a-caf75267068a/volumes?depth=1?depth=1"
          }
        }
    http_version: 
  recorded_at: Mon, 06 Nov 2017 11:40:39 GMT
- request:
    method: get
    uri: https://api.profitbricks.com/cloudapi/v4/requests/07dd87cb-9d3c-40e1-82d4-0958ddbde05b/status?depth=1
    body:
      encoding: US-ASCII
      string: ''
    headers:
      User-Agent:
      - profitbricks-ruby-sdk/4.0.1 Puppet/4.5.1
      Content-Type:
      - application/json
      Authorization: Basic dXNlcm5hbWU6cGFzc3dvcmQ=
  response:
    status:
      code: 200
      message: OK
    headers:
      Date:
      - Mon, 06 Nov 2017 11:40:42 GMT
      Server:
      - Apache/2.4.10 (Debian)
      X-Ratelimit-Remaining:
      - '297'
      X-Ratelimit-Burst:
      - '300'
      X-Ratelimit-Limit:
      - '600'
      Content-Type:
      - application/json
      Strict-Transport-Security:
      - max-age=15768000
    body:
      encoding: ASCII-8BIT
      string: |
        {
          "id" : "07dd87cb-9d3c-40e1-82d4-0958ddbde05b/status",
          "type" : "request-status",
          "href" : "https://api.profitbricks.com/cloudapi/v4/requests/07dd87cb-9d3c-40e1-82d4-0958ddbde05b/status",
          "metadata" : {
            "status" : "RUNNING",
            "message" : "Request is running",
            "etag" : "43491564ebcfd38568918efbd6e840fd",
            "targets" : [ {
              "target" : {
                "id" : "671f73ee-3e17-4547-accd-682f0c758cd9",
                "type" : "volume",
                "href" : "https://api.profitbricks.com/cloudapi/v4/datacenters/b9c6cb26-6100-4ba3-803a-caf75267068a/volumes/671f73ee-3e17-4547-accd-682f0c758cd9"
              },
              "status" : "RUNNING"
            } ]
          }
        }
    http_version: 
  recorded_at: Mon, 06 Nov 2017 11:40:42 GMT
- request:
    method: get
    uri: https://api.profitbricks.com/cloudapi/v4/requests/07dd87cb-9d3c-40e1-82d4-0958ddbde05b?depth=1
    body:
      encoding: US-ASCII
      string: ''
    headers:
      User-Agent:
      - profitbricks-ruby-sdk/4.0.1 Puppet/4.5.1
      Content-Type:
      - application/json
      Authorization: Basic dXNlcm5hbWU6cGFzc3dvcmQ=
  response:
    status:
      code: 200
      message: OK
    headers:
      Date:
      - Mon, 06 Nov 2017 11:40:46 GMT
      Server:
      - Apache/2.4.10 (Debian)
      X-Ratelimit-Remaining:
      - '299'
      X-Ratelimit-Burst:
      - '300'
      X-Ratelimit-Limit:
      - '600'
      Content-Type:
      - application/json
      Strict-Transport-Security:
      - max-age=15768000
    body:
      encoding: ASCII-8BIT
      string: |
        {
          "id" : "07dd87cb-9d3c-40e1-82d4-0958ddbde05b",
          "type" : "request",
          "href" : "https://api.profitbricks.com/cloudapi/v4/requests/07dd87cb-9d3c-40e1-82d4-0958ddbde05b",
          "metadata" : {
            "createdDate" : "2017-11-06T11:40:32Z",
            "createdBy" : "username",
            "etag" : "43491564ebcfd38568918efbd6e840fd",
            "requestStatus" : {
              "id" : "07dd87cb-9d3c-40e1-82d4-0958ddbde05b/status",
              "type" : "request-status",
              "href" : "https://api.profitbricks.com/cloudapi/v4/requests/07dd87cb-9d3c-40e1-82d4-0958ddbde05b/status",
              "metadata" : {
                "status" : "RUNNING",
                "message" : "Request is running",
                "etag" : "43491564ebcfd38568918efbd6e840fd",
                "targets" : [ {
                  "target" : {
                    "id" : "671f73ee-3e17-4547-accd-682f0c758cd9",
                    "type" : "volume",
                    "href" : "https://api.profitbricks.com/cloudapi/v4/datacenters/b9c6cb26-6100-4ba3-803a-caf75267068a/volumes/671f73ee-3e17-4547-accd-682f0c758cd9"
                  },
                  "status" : "RUNNING"
                } ]
              }
            }
          },
          "properties" : {
            "method" : "POST",
            "headers" : {
              "content-type" : "application/json",
              "connection" : "Keep-Alive",
              "host" : "api.profitbricks.com",
              "x-forwarded-for" : "146.255.143.137",
              "content-length" : "250",
              "x-forwarded-host" : "api.profitbricks.com",
              "x-reseller" : "pb.domain",
              "user-agent" : "profitbricks-ruby-sdk/4.0.1 Puppet/4.5.1",
              "x-forwarded-server" : "my.profitbricks.com"
            },
            "body" : "{\"properties\":{\"name\":\"Puppet Module Test\",\"availabilityZone\":\"ZONE_3\",\"image\":null,\"imageAlias\":\"ubuntu:latest\",\"bus\":\"VIRTIO\",\"type\":\"HDD\",\"size\":2,\"licenceType\":null,\"imagePassword\":null,\"sshKeys\":[\"ssh-rsa AAAAB3NzaC1yc2EAAAADAQABAAACAQDaH...\"]}}",
            "url" : "https://api.profitbricks.com/cloudapi/v4/datacenters/b9c6cb26-6100-4ba3-803a-caf75267068a/volumes?depth=1?depth=1"
          }
        }
    http_version: 
  recorded_at: Mon, 06 Nov 2017 11:40:46 GMT
- request:
    method: get
    uri: https://api.profitbricks.com/cloudapi/v4/requests/07dd87cb-9d3c-40e1-82d4-0958ddbde05b/status?depth=1
    body:
      encoding: US-ASCII
      string: ''
    headers:
      User-Agent:
      - profitbricks-ruby-sdk/4.0.1 Puppet/4.5.1
      Content-Type:
      - application/json
      Authorization: Basic dXNlcm5hbWU6cGFzc3dvcmQ=
  response:
    status:
      code: 200
      message: OK
    headers:
      Date:
      - Mon, 06 Nov 2017 11:40:48 GMT
      Server:
      - Apache/2.4.10 (Debian)
      X-Ratelimit-Remaining:
      - '299'
      X-Ratelimit-Burst:
      - '300'
      X-Ratelimit-Limit:
      - '600'
      Content-Type:
      - application/json
      Strict-Transport-Security:
      - max-age=15768000
    body:
      encoding: ASCII-8BIT
      string: |
        {
          "id" : "07dd87cb-9d3c-40e1-82d4-0958ddbde05b/status",
          "type" : "request-status",
          "href" : "https://api.profitbricks.com/cloudapi/v4/requests/07dd87cb-9d3c-40e1-82d4-0958ddbde05b/status",
          "metadata" : {
            "status" : "RUNNING",
            "message" : "Request is running",
            "etag" : "43491564ebcfd38568918efbd6e840fd",
            "targets" : [ {
              "target" : {
                "id" : "671f73ee-3e17-4547-accd-682f0c758cd9",
                "type" : "volume",
                "href" : "https://api.profitbricks.com/cloudapi/v4/datacenters/b9c6cb26-6100-4ba3-803a-caf75267068a/volumes/671f73ee-3e17-4547-accd-682f0c758cd9"
              },
              "status" : "RUNNING"
            } ]
          }
        }
    http_version: 
  recorded_at: Mon, 06 Nov 2017 11:40:49 GMT
- request:
    method: get
    uri: https://api.profitbricks.com/cloudapi/v4/requests/07dd87cb-9d3c-40e1-82d4-0958ddbde05b?depth=1
    body:
      encoding: US-ASCII
      string: ''
    headers:
      User-Agent:
      - profitbricks-ruby-sdk/4.0.1 Puppet/4.5.1
      Content-Type:
      - application/json
      Authorization: Basic dXNlcm5hbWU6cGFzc3dvcmQ=
  response:
    status:
      code: 200
      message: OK
    headers:
      Date:
      - Mon, 06 Nov 2017 11:40:50 GMT
      Server:
      - Apache/2.4.10 (Debian)
      X-Ratelimit-Remaining:
      - '299'
      X-Ratelimit-Burst:
      - '300'
      X-Ratelimit-Limit:
      - '600'
      Content-Type:
      - application/json
      Strict-Transport-Security:
      - max-age=15768000
    body:
      encoding: ASCII-8BIT
      string: |
        {
          "id" : "07dd87cb-9d3c-40e1-82d4-0958ddbde05b",
          "type" : "request",
          "href" : "https://api.profitbricks.com/cloudapi/v4/requests/07dd87cb-9d3c-40e1-82d4-0958ddbde05b",
          "metadata" : {
            "createdDate" : "2017-11-06T11:40:32Z",
            "createdBy" : "username",
            "etag" : "43491564ebcfd38568918efbd6e840fd",
            "requestStatus" : {
              "id" : "07dd87cb-9d3c-40e1-82d4-0958ddbde05b/status",
              "type" : "request-status",
              "href" : "https://api.profitbricks.com/cloudapi/v4/requests/07dd87cb-9d3c-40e1-82d4-0958ddbde05b/status",
              "metadata" : {
                "status" : "RUNNING",
                "message" : "Request is running",
                "etag" : "43491564ebcfd38568918efbd6e840fd",
                "targets" : [ {
                  "target" : {
                    "id" : "671f73ee-3e17-4547-accd-682f0c758cd9",
                    "type" : "volume",
                    "href" : "https://api.profitbricks.com/cloudapi/v4/datacenters/b9c6cb26-6100-4ba3-803a-caf75267068a/volumes/671f73ee-3e17-4547-accd-682f0c758cd9"
                  },
                  "status" : "RUNNING"
                } ]
              }
            }
          },
          "properties" : {
            "method" : "POST",
            "headers" : {
              "content-type" : "application/json",
              "connection" : "Keep-Alive",
              "host" : "api.profitbricks.com",
              "x-forwarded-for" : "146.255.143.137",
              "content-length" : "250",
              "x-forwarded-host" : "api.profitbricks.com",
              "x-reseller" : "pb.domain",
              "user-agent" : "profitbricks-ruby-sdk/4.0.1 Puppet/4.5.1",
              "x-forwarded-server" : "my.profitbricks.com"
            },
            "body" : "{\"properties\":{\"name\":\"Puppet Module Test\",\"availabilityZone\":\"ZONE_3\",\"image\":null,\"imageAlias\":\"ubuntu:latest\",\"bus\":\"VIRTIO\",\"type\":\"HDD\",\"size\":2,\"licenceType\":null,\"imagePassword\":null,\"sshKeys\":[\"ssh-rsa AAAAB3NzaC1yc2EAAAADAQABAAACAQDaH...\"]}}",
            "url" : "https://api.profitbricks.com/cloudapi/v4/datacenters/b9c6cb26-6100-4ba3-803a-caf75267068a/volumes?depth=1?depth=1"
          }
        }
    http_version: 
  recorded_at: Mon, 06 Nov 2017 11:40:51 GMT
- request:
    method: get
    uri: https://api.profitbricks.com/cloudapi/v4/requests/07dd87cb-9d3c-40e1-82d4-0958ddbde05b/status?depth=1
    body:
      encoding: US-ASCII
      string: ''
    headers:
      User-Agent:
      - profitbricks-ruby-sdk/4.0.1 Puppet/4.5.1
      Content-Type:
      - application/json
      Authorization: Basic dXNlcm5hbWU6cGFzc3dvcmQ=
  response:
    status:
      code: 200
      message: OK
    headers:
      Date:
      - Mon, 06 Nov 2017 11:40:53 GMT
      Server:
      - Apache/2.4.10 (Debian)
      X-Ratelimit-Remaining:
      - '299'
      X-Ratelimit-Burst:
      - '300'
      X-Ratelimit-Limit:
      - '600'
      Content-Type:
      - application/json
      Strict-Transport-Security:
      - max-age=15768000
    body:
      encoding: ASCII-8BIT
      string: |
        {
          "id" : "07dd87cb-9d3c-40e1-82d4-0958ddbde05b/status",
          "type" : "request-status",
          "href" : "https://api.profitbricks.com/cloudapi/v4/requests/07dd87cb-9d3c-40e1-82d4-0958ddbde05b/status",
          "metadata" : {
            "status" : "RUNNING",
            "message" : "Request is running",
            "etag" : "43491564ebcfd38568918efbd6e840fd",
            "targets" : [ {
              "target" : {
                "id" : "671f73ee-3e17-4547-accd-682f0c758cd9",
                "type" : "volume",
                "href" : "https://api.profitbricks.com/cloudapi/v4/datacenters/b9c6cb26-6100-4ba3-803a-caf75267068a/volumes/671f73ee-3e17-4547-accd-682f0c758cd9"
              },
              "status" : "RUNNING"
            } ]
          }
        }
    http_version: 
  recorded_at: Mon, 06 Nov 2017 11:40:53 GMT
- request:
    method: get
    uri: https://api.profitbricks.com/cloudapi/v4/requests/07dd87cb-9d3c-40e1-82d4-0958ddbde05b?depth=1
    body:
      encoding: US-ASCII
      string: ''
    headers:
      User-Agent:
      - profitbricks-ruby-sdk/4.0.1 Puppet/4.5.1
      Content-Type:
      - application/json
      Authorization: Basic dXNlcm5hbWU6cGFzc3dvcmQ=
  response:
    status:
      code: 200
      message: OK
    headers:
      Date:
      - Mon, 06 Nov 2017 11:40:55 GMT
      Server:
      - Apache/2.4.10 (Debian)
      X-Ratelimit-Remaining:
      - '299'
      X-Ratelimit-Burst:
      - '300'
      X-Ratelimit-Limit:
      - '600'
      Content-Type:
      - application/json
      Strict-Transport-Security:
      - max-age=15768000
    body:
      encoding: ASCII-8BIT
      string: |
        {
          "id" : "07dd87cb-9d3c-40e1-82d4-0958ddbde05b",
          "type" : "request",
          "href" : "https://api.profitbricks.com/cloudapi/v4/requests/07dd87cb-9d3c-40e1-82d4-0958ddbde05b",
          "metadata" : {
            "createdDate" : "2017-11-06T11:40:32Z",
            "createdBy" : "username",
            "etag" : "43491564ebcfd38568918efbd6e840fd",
            "requestStatus" : {
              "id" : "07dd87cb-9d3c-40e1-82d4-0958ddbde05b/status",
              "type" : "request-status",
              "href" : "https://api.profitbricks.com/cloudapi/v4/requests/07dd87cb-9d3c-40e1-82d4-0958ddbde05b/status",
              "metadata" : {
                "status" : "RUNNING",
                "message" : "Request is running",
                "etag" : "43491564ebcfd38568918efbd6e840fd",
                "targets" : [ {
                  "target" : {
                    "id" : "671f73ee-3e17-4547-accd-682f0c758cd9",
                    "type" : "volume",
                    "href" : "https://api.profitbricks.com/cloudapi/v4/datacenters/b9c6cb26-6100-4ba3-803a-caf75267068a/volumes/671f73ee-3e17-4547-accd-682f0c758cd9"
                  },
                  "status" : "RUNNING"
                } ]
              }
            }
          },
          "properties" : {
            "method" : "POST",
            "headers" : {
              "content-type" : "application/json",
              "connection" : "Keep-Alive",
              "host" : "api.profitbricks.com",
              "x-forwarded-for" : "146.255.143.137",
              "content-length" : "250",
              "x-forwarded-host" : "api.profitbricks.com",
              "x-reseller" : "pb.domain",
              "user-agent" : "profitbricks-ruby-sdk/4.0.1 Puppet/4.5.1",
              "x-forwarded-server" : "my.profitbricks.com"
            },
            "body" : "{\"properties\":{\"name\":\"Puppet Module Test\",\"availabilityZone\":\"ZONE_3\",\"image\":null,\"imageAlias\":\"ubuntu:latest\",\"bus\":\"VIRTIO\",\"type\":\"HDD\",\"size\":2,\"licenceType\":null,\"imagePassword\":null,\"sshKeys\":[\"ssh-rsa AAAAB3NzaC1yc2EAAAADAQABAAACAQDaH...\"]}}",
            "url" : "https://api.profitbricks.com/cloudapi/v4/datacenters/b9c6cb26-6100-4ba3-803a-caf75267068a/volumes?depth=1?depth=1"
          }
        }
    http_version: 
  recorded_at: Mon, 06 Nov 2017 11:40:55 GMT
- request:
    method: get
    uri: https://api.profitbricks.com/cloudapi/v4/requests/07dd87cb-9d3c-40e1-82d4-0958ddbde05b/status?depth=1
    body:
      encoding: US-ASCII
      string: ''
    headers:
      User-Agent:
      - profitbricks-ruby-sdk/4.0.1 Puppet/4.5.1
      Content-Type:
      - application/json
      Authorization: Basic dXNlcm5hbWU6cGFzc3dvcmQ=
  response:
    status:
      code: 200
      message: OK
    headers:
      Date:
      - Mon, 06 Nov 2017 11:40:56 GMT
      Server:
      - Apache/2.4.10 (Debian)
      X-Ratelimit-Remaining:
      - '299'
      X-Ratelimit-Burst:
      - '300'
      X-Ratelimit-Limit:
      - '600'
      Content-Type:
      - application/json
      Strict-Transport-Security:
      - max-age=15768000
    body:
      encoding: ASCII-8BIT
      string: |
        {
          "id" : "07dd87cb-9d3c-40e1-82d4-0958ddbde05b/status",
          "type" : "request-status",
          "href" : "https://api.profitbricks.com/cloudapi/v4/requests/07dd87cb-9d3c-40e1-82d4-0958ddbde05b/status",
          "metadata" : {
            "status" : "RUNNING",
            "message" : "Request is running",
            "etag" : "43491564ebcfd38568918efbd6e840fd",
            "targets" : [ {
              "target" : {
                "id" : "671f73ee-3e17-4547-accd-682f0c758cd9",
                "type" : "volume",
                "href" : "https://api.profitbricks.com/cloudapi/v4/datacenters/b9c6cb26-6100-4ba3-803a-caf75267068a/volumes/671f73ee-3e17-4547-accd-682f0c758cd9"
              },
              "status" : "RUNNING"
            } ]
          }
        }
    http_version: 
  recorded_at: Mon, 06 Nov 2017 11:40:56 GMT
- request:
    method: get
    uri: https://api.profitbricks.com/cloudapi/v4/requests/07dd87cb-9d3c-40e1-82d4-0958ddbde05b?depth=1
    body:
      encoding: US-ASCII
      string: ''
    headers:
      User-Agent:
      - profitbricks-ruby-sdk/4.0.1 Puppet/4.5.1
      Content-Type:
      - application/json
      Authorization: Basic dXNlcm5hbWU6cGFzc3dvcmQ=
  response:
    status:
      code: 200
      message: OK
    headers:
      Date:
      - Mon, 06 Nov 2017 11:40:59 GMT
      Server:
      - Apache/2.4.10 (Debian)
      X-Ratelimit-Remaining:
      - '299'
      X-Ratelimit-Burst:
      - '300'
      X-Ratelimit-Limit:
      - '600'
      Content-Type:
      - application/json
      Strict-Transport-Security:
      - max-age=15768000
    body:
      encoding: ASCII-8BIT
      string: |
        {
          "id" : "07dd87cb-9d3c-40e1-82d4-0958ddbde05b",
          "type" : "request",
          "href" : "https://api.profitbricks.com/cloudapi/v4/requests/07dd87cb-9d3c-40e1-82d4-0958ddbde05b",
          "metadata" : {
            "createdDate" : "2017-11-06T11:40:32Z",
            "createdBy" : "username",
            "etag" : "43491564ebcfd38568918efbd6e840fd",
            "requestStatus" : {
              "id" : "07dd87cb-9d3c-40e1-82d4-0958ddbde05b/status",
              "type" : "request-status",
              "href" : "https://api.profitbricks.com/cloudapi/v4/requests/07dd87cb-9d3c-40e1-82d4-0958ddbde05b/status",
              "metadata" : {
                "status" : "RUNNING",
                "message" : "Request is running",
                "etag" : "43491564ebcfd38568918efbd6e840fd",
                "targets" : [ {
                  "target" : {
                    "id" : "671f73ee-3e17-4547-accd-682f0c758cd9",
                    "type" : "volume",
                    "href" : "https://api.profitbricks.com/cloudapi/v4/datacenters/b9c6cb26-6100-4ba3-803a-caf75267068a/volumes/671f73ee-3e17-4547-accd-682f0c758cd9"
                  },
                  "status" : "RUNNING"
                } ]
              }
            }
          },
          "properties" : {
            "method" : "POST",
            "headers" : {
              "content-type" : "application/json",
              "connection" : "Keep-Alive",
              "host" : "api.profitbricks.com",
              "x-forwarded-for" : "146.255.143.137",
              "content-length" : "250",
              "x-forwarded-host" : "api.profitbricks.com",
              "x-reseller" : "pb.domain",
              "user-agent" : "profitbricks-ruby-sdk/4.0.1 Puppet/4.5.1",
              "x-forwarded-server" : "my.profitbricks.com"
            },
            "body" : "{\"properties\":{\"name\":\"Puppet Module Test\",\"availabilityZone\":\"ZONE_3\",\"image\":null,\"imageAlias\":\"ubuntu:latest\",\"bus\":\"VIRTIO\",\"type\":\"HDD\",\"size\":2,\"licenceType\":null,\"imagePassword\":null,\"sshKeys\":[\"ssh-rsa AAAAB3NzaC1yc2EAAAADAQABAAACAQDaH...\"]}}",
            "url" : "https://api.profitbricks.com/cloudapi/v4/datacenters/b9c6cb26-6100-4ba3-803a-caf75267068a/volumes?depth=1?depth=1"
          }
        }
    http_version: 
  recorded_at: Mon, 06 Nov 2017 11:40:59 GMT
- request:
    method: get
    uri: https://api.profitbricks.com/cloudapi/v4/requests/07dd87cb-9d3c-40e1-82d4-0958ddbde05b/status?depth=1
    body:
      encoding: US-ASCII
      string: ''
    headers:
      User-Agent:
      - profitbricks-ruby-sdk/4.0.1 Puppet/4.5.1
      Content-Type:
      - application/json
      Authorization: Basic dXNlcm5hbWU6cGFzc3dvcmQ=
  response:
    status:
      code: 200
      message: OK
    headers:
      Date:
      - Mon, 06 Nov 2017 11:41:00 GMT
      Server:
      - Apache/2.4.10 (Debian)
      X-Ratelimit-Remaining:
      - '299'
      X-Ratelimit-Burst:
      - '300'
      X-Ratelimit-Limit:
      - '600'
      Content-Type:
      - application/json
      Strict-Transport-Security:
      - max-age=15768000
    body:
      encoding: ASCII-8BIT
      string: |
        {
          "id" : "07dd87cb-9d3c-40e1-82d4-0958ddbde05b/status",
          "type" : "request-status",
          "href" : "https://api.profitbricks.com/cloudapi/v4/requests/07dd87cb-9d3c-40e1-82d4-0958ddbde05b/status",
          "metadata" : {
            "status" : "RUNNING",
            "message" : "Request is running",
            "etag" : "43491564ebcfd38568918efbd6e840fd",
            "targets" : [ {
              "target" : {
                "id" : "671f73ee-3e17-4547-accd-682f0c758cd9",
                "type" : "volume",
                "href" : "https://api.profitbricks.com/cloudapi/v4/datacenters/b9c6cb26-6100-4ba3-803a-caf75267068a/volumes/671f73ee-3e17-4547-accd-682f0c758cd9"
              },
              "status" : "RUNNING"
            } ]
          }
        }
    http_version: 
  recorded_at: Mon, 06 Nov 2017 11:41:00 GMT
- request:
    method: get
    uri: https://api.profitbricks.com/cloudapi/v4/requests/07dd87cb-9d3c-40e1-82d4-0958ddbde05b?depth=1
    body:
      encoding: US-ASCII
      string: ''
    headers:
      User-Agent:
      - profitbricks-ruby-sdk/4.0.1 Puppet/4.5.1
      Content-Type:
      - application/json
      Authorization: Basic dXNlcm5hbWU6cGFzc3dvcmQ=
  response:
    status:
      code: 200
      message: OK
    headers:
      Date:
      - Mon, 06 Nov 2017 11:41:02 GMT
      Server:
      - Apache/2.4.10 (Debian)
      X-Ratelimit-Remaining:
      - '299'
      X-Ratelimit-Burst:
      - '300'
      X-Ratelimit-Limit:
      - '600'
      Content-Type:
      - application/json
      Strict-Transport-Security:
      - max-age=15768000
    body:
      encoding: ASCII-8BIT
      string: |
        {
          "id" : "07dd87cb-9d3c-40e1-82d4-0958ddbde05b",
          "type" : "request",
          "href" : "https://api.profitbricks.com/cloudapi/v4/requests/07dd87cb-9d3c-40e1-82d4-0958ddbde05b",
          "metadata" : {
            "createdDate" : "2017-11-06T11:40:32Z",
            "createdBy" : "username",
            "etag" : "43491564ebcfd38568918efbd6e840fd",
            "requestStatus" : {
              "id" : "07dd87cb-9d3c-40e1-82d4-0958ddbde05b/status",
              "type" : "request-status",
              "href" : "https://api.profitbricks.com/cloudapi/v4/requests/07dd87cb-9d3c-40e1-82d4-0958ddbde05b/status",
              "metadata" : {
                "status" : "RUNNING",
                "message" : "Request is running",
                "etag" : "43491564ebcfd38568918efbd6e840fd",
                "targets" : [ {
                  "target" : {
                    "id" : "671f73ee-3e17-4547-accd-682f0c758cd9",
                    "type" : "volume",
                    "href" : "https://api.profitbricks.com/cloudapi/v4/datacenters/b9c6cb26-6100-4ba3-803a-caf75267068a/volumes/671f73ee-3e17-4547-accd-682f0c758cd9"
                  },
                  "status" : "RUNNING"
                } ]
              }
            }
          },
          "properties" : {
            "method" : "POST",
            "headers" : {
              "content-type" : "application/json",
              "connection" : "Keep-Alive",
              "host" : "api.profitbricks.com",
              "x-forwarded-for" : "146.255.143.137",
              "content-length" : "250",
              "x-forwarded-host" : "api.profitbricks.com",
              "x-reseller" : "pb.domain",
              "user-agent" : "profitbricks-ruby-sdk/4.0.1 Puppet/4.5.1",
              "x-forwarded-server" : "my.profitbricks.com"
            },
            "body" : "{\"properties\":{\"name\":\"Puppet Module Test\",\"availabilityZone\":\"ZONE_3\",\"image\":null,\"imageAlias\":\"ubuntu:latest\",\"bus\":\"VIRTIO\",\"type\":\"HDD\",\"size\":2,\"licenceType\":null,\"imagePassword\":null,\"sshKeys\":[\"ssh-rsa AAAAB3NzaC1yc2EAAAADAQABAAACAQDaH...\"]}}",
            "url" : "https://api.profitbricks.com/cloudapi/v4/datacenters/b9c6cb26-6100-4ba3-803a-caf75267068a/volumes?depth=1?depth=1"
          }
        }
    http_version: 
  recorded_at: Mon, 06 Nov 2017 11:41:02 GMT
- request:
    method: get
    uri: https://api.profitbricks.com/cloudapi/v4/requests/07dd87cb-9d3c-40e1-82d4-0958ddbde05b/status?depth=1
    body:
      encoding: US-ASCII
      string: ''
    headers:
      User-Agent:
      - profitbricks-ruby-sdk/4.0.1 Puppet/4.5.1
      Content-Type:
      - application/json
      Authorization: Basic dXNlcm5hbWU6cGFzc3dvcmQ=
  response:
    status:
      code: 200
      message: OK
    headers:
      Date:
      - Mon, 06 Nov 2017 11:41:03 GMT
      Server:
      - Apache/2.4.10 (Debian)
      X-Ratelimit-Remaining:
      - '299'
      X-Ratelimit-Burst:
      - '300'
      X-Ratelimit-Limit:
      - '600'
      Content-Type:
      - application/json
      Strict-Transport-Security:
      - max-age=15768000
    body:
      encoding: ASCII-8BIT
      string: |
        {
          "id" : "07dd87cb-9d3c-40e1-82d4-0958ddbde05b/status",
          "type" : "request-status",
          "href" : "https://api.profitbricks.com/cloudapi/v4/requests/07dd87cb-9d3c-40e1-82d4-0958ddbde05b/status",
          "metadata" : {
            "status" : "RUNNING",
            "message" : "Request is running",
            "etag" : "43491564ebcfd38568918efbd6e840fd",
            "targets" : [ {
              "target" : {
                "id" : "671f73ee-3e17-4547-accd-682f0c758cd9",
                "type" : "volume",
                "href" : "https://api.profitbricks.com/cloudapi/v4/datacenters/b9c6cb26-6100-4ba3-803a-caf75267068a/volumes/671f73ee-3e17-4547-accd-682f0c758cd9"
              },
              "status" : "RUNNING"
            } ]
          }
        }
    http_version: 
  recorded_at: Mon, 06 Nov 2017 11:41:04 GMT
- request:
    method: get
    uri: https://api.profitbricks.com/cloudapi/v4/requests/07dd87cb-9d3c-40e1-82d4-0958ddbde05b?depth=1
    body:
      encoding: US-ASCII
      string: ''
    headers:
      User-Agent:
      - profitbricks-ruby-sdk/4.0.1 Puppet/4.5.1
      Content-Type:
      - application/json
      Authorization: Basic dXNlcm5hbWU6cGFzc3dvcmQ=
  response:
    status:
      code: 200
      message: OK
    headers:
      Date:
      - Mon, 06 Nov 2017 11:41:05 GMT
      Server:
      - Apache/2.4.10 (Debian)
      X-Ratelimit-Remaining:
      - '299'
      X-Ratelimit-Burst:
      - '300'
      X-Ratelimit-Limit:
      - '600'
      Content-Type:
      - application/json
      Strict-Transport-Security:
      - max-age=15768000
    body:
      encoding: ASCII-8BIT
      string: |
        {
          "id" : "07dd87cb-9d3c-40e1-82d4-0958ddbde05b",
          "type" : "request",
          "href" : "https://api.profitbricks.com/cloudapi/v4/requests/07dd87cb-9d3c-40e1-82d4-0958ddbde05b",
          "metadata" : {
            "createdDate" : "2017-11-06T11:40:32Z",
            "createdBy" : "username",
            "etag" : "43491564ebcfd38568918efbd6e840fd",
            "requestStatus" : {
              "id" : "07dd87cb-9d3c-40e1-82d4-0958ddbde05b/status",
              "type" : "request-status",
              "href" : "https://api.profitbricks.com/cloudapi/v4/requests/07dd87cb-9d3c-40e1-82d4-0958ddbde05b/status",
              "metadata" : {
                "status" : "RUNNING",
                "message" : "Request is running",
                "etag" : "43491564ebcfd38568918efbd6e840fd",
                "targets" : [ {
                  "target" : {
                    "id" : "671f73ee-3e17-4547-accd-682f0c758cd9",
                    "type" : "volume",
                    "href" : "https://api.profitbricks.com/cloudapi/v4/datacenters/b9c6cb26-6100-4ba3-803a-caf75267068a/volumes/671f73ee-3e17-4547-accd-682f0c758cd9"
                  },
                  "status" : "RUNNING"
                } ]
              }
            }
          },
          "properties" : {
            "method" : "POST",
            "headers" : {
              "content-type" : "application/json",
              "connection" : "Keep-Alive",
              "host" : "api.profitbricks.com",
              "x-forwarded-for" : "146.255.143.137",
              "content-length" : "250",
              "x-forwarded-host" : "api.profitbricks.com",
              "x-reseller" : "pb.domain",
              "user-agent" : "profitbricks-ruby-sdk/4.0.1 Puppet/4.5.1",
              "x-forwarded-server" : "my.profitbricks.com"
            },
            "body" : "{\"properties\":{\"name\":\"Puppet Module Test\",\"availabilityZone\":\"ZONE_3\",\"image\":null,\"imageAlias\":\"ubuntu:latest\",\"bus\":\"VIRTIO\",\"type\":\"HDD\",\"size\":2,\"licenceType\":null,\"imagePassword\":null,\"sshKeys\":[\"ssh-rsa AAAAB3NzaC1yc2EAAAADAQABAAACAQDaH...\"]}}",
            "url" : "https://api.profitbricks.com/cloudapi/v4/datacenters/b9c6cb26-6100-4ba3-803a-caf75267068a/volumes?depth=1?depth=1"
          }
        }
    http_version: 
  recorded_at: Mon, 06 Nov 2017 11:41:06 GMT
- request:
    method: get
    uri: https://api.profitbricks.com/cloudapi/v4/requests/07dd87cb-9d3c-40e1-82d4-0958ddbde05b/status?depth=1
    body:
      encoding: US-ASCII
      string: ''
    headers:
      User-Agent:
      - profitbricks-ruby-sdk/4.0.1 Puppet/4.5.1
      Content-Type:
      - application/json
      Authorization: Basic dXNlcm5hbWU6cGFzc3dvcmQ=
  response:
    status:
      code: 200
      message: OK
    headers:
      Date:
      - Mon, 06 Nov 2017 11:41:06 GMT
      Server:
      - Apache/2.4.10 (Debian)
      X-Ratelimit-Remaining:
      - '299'
      X-Ratelimit-Burst:
      - '300'
      X-Ratelimit-Limit:
      - '600'
      Content-Type:
      - application/json
      Strict-Transport-Security:
      - max-age=15768000
    body:
      encoding: ASCII-8BIT
      string: |
        {
          "id" : "07dd87cb-9d3c-40e1-82d4-0958ddbde05b/status",
          "type" : "request-status",
          "href" : "https://api.profitbricks.com/cloudapi/v4/requests/07dd87cb-9d3c-40e1-82d4-0958ddbde05b/status",
          "metadata" : {
            "status" : "RUNNING",
            "message" : "Request is running",
            "etag" : "43491564ebcfd38568918efbd6e840fd",
            "targets" : [ {
              "target" : {
                "id" : "671f73ee-3e17-4547-accd-682f0c758cd9",
                "type" : "volume",
                "href" : "https://api.profitbricks.com/cloudapi/v4/datacenters/b9c6cb26-6100-4ba3-803a-caf75267068a/volumes/671f73ee-3e17-4547-accd-682f0c758cd9"
              },
              "status" : "RUNNING"
            } ]
          }
        }
    http_version: 
  recorded_at: Mon, 06 Nov 2017 11:41:07 GMT
- request:
    method: get
    uri: https://api.profitbricks.com/cloudapi/v4/requests/07dd87cb-9d3c-40e1-82d4-0958ddbde05b?depth=1
    body:
      encoding: US-ASCII
      string: ''
    headers:
      User-Agent:
      - profitbricks-ruby-sdk/4.0.1 Puppet/4.5.1
      Content-Type:
      - application/json
      Authorization: Basic dXNlcm5hbWU6cGFzc3dvcmQ=
  response:
    status:
      code: 200
      message: OK
    headers:
      Date:
      - Mon, 06 Nov 2017 11:41:09 GMT
      Server:
      - Apache/2.4.10 (Debian)
      X-Ratelimit-Remaining:
      - '299'
      X-Ratelimit-Burst:
      - '300'
      X-Ratelimit-Limit:
      - '600'
      Content-Type:
      - application/json
      Strict-Transport-Security:
      - max-age=15768000
    body:
      encoding: ASCII-8BIT
      string: |
        {
          "id" : "07dd87cb-9d3c-40e1-82d4-0958ddbde05b",
          "type" : "request",
          "href" : "https://api.profitbricks.com/cloudapi/v4/requests/07dd87cb-9d3c-40e1-82d4-0958ddbde05b",
          "metadata" : {
            "createdDate" : "2017-11-06T11:40:32Z",
            "createdBy" : "username",
            "etag" : "43491564ebcfd38568918efbd6e840fd",
            "requestStatus" : {
              "id" : "07dd87cb-9d3c-40e1-82d4-0958ddbde05b/status",
              "type" : "request-status",
              "href" : "https://api.profitbricks.com/cloudapi/v4/requests/07dd87cb-9d3c-40e1-82d4-0958ddbde05b/status",
              "metadata" : {
                "status" : "RUNNING",
                "message" : "Request is running",
                "etag" : "43491564ebcfd38568918efbd6e840fd",
                "targets" : [ {
                  "target" : {
                    "id" : "671f73ee-3e17-4547-accd-682f0c758cd9",
                    "type" : "volume",
                    "href" : "https://api.profitbricks.com/cloudapi/v4/datacenters/b9c6cb26-6100-4ba3-803a-caf75267068a/volumes/671f73ee-3e17-4547-accd-682f0c758cd9"
                  },
                  "status" : "RUNNING"
                } ]
              }
            }
          },
          "properties" : {
            "method" : "POST",
            "headers" : {
              "content-type" : "application/json",
              "connection" : "Keep-Alive",
              "host" : "api.profitbricks.com",
              "x-forwarded-for" : "146.255.143.137",
              "content-length" : "250",
              "x-forwarded-host" : "api.profitbricks.com",
              "x-reseller" : "pb.domain",
              "user-agent" : "profitbricks-ruby-sdk/4.0.1 Puppet/4.5.1",
              "x-forwarded-server" : "my.profitbricks.com"
            },
            "body" : "{\"properties\":{\"name\":\"Puppet Module Test\",\"availabilityZone\":\"ZONE_3\",\"image\":null,\"imageAlias\":\"ubuntu:latest\",\"bus\":\"VIRTIO\",\"type\":\"HDD\",\"size\":2,\"licenceType\":null,\"imagePassword\":null,\"sshKeys\":[\"ssh-rsa AAAAB3NzaC1yc2EAAAADAQABAAACAQDaH...\"]}}",
            "url" : "https://api.profitbricks.com/cloudapi/v4/datacenters/b9c6cb26-6100-4ba3-803a-caf75267068a/volumes?depth=1?depth=1"
          }
        }
    http_version: 
  recorded_at: Mon, 06 Nov 2017 11:41:10 GMT
- request:
    method: get
    uri: https://api.profitbricks.com/cloudapi/v4/requests/07dd87cb-9d3c-40e1-82d4-0958ddbde05b/status?depth=1
    body:
      encoding: US-ASCII
      string: ''
    headers:
      User-Agent:
      - profitbricks-ruby-sdk/4.0.1 Puppet/4.5.1
      Content-Type:
      - application/json
      Authorization: Basic dXNlcm5hbWU6cGFzc3dvcmQ=
  response:
    status:
      code: 200
      message: OK
    headers:
      Date:
      - Mon, 06 Nov 2017 11:41:11 GMT
      Server:
      - Apache/2.4.10 (Debian)
      X-Ratelimit-Remaining:
      - '299'
      X-Ratelimit-Burst:
      - '300'
      X-Ratelimit-Limit:
      - '600'
      Content-Type:
      - application/json
      Strict-Transport-Security:
      - max-age=15768000
    body:
      encoding: ASCII-8BIT
      string: |
        {
          "id" : "07dd87cb-9d3c-40e1-82d4-0958ddbde05b/status",
          "type" : "request-status",
          "href" : "https://api.profitbricks.com/cloudapi/v4/requests/07dd87cb-9d3c-40e1-82d4-0958ddbde05b/status",
          "metadata" : {
            "status" : "RUNNING",
            "message" : "Request is running",
            "etag" : "43491564ebcfd38568918efbd6e840fd",
            "targets" : [ {
              "target" : {
                "id" : "671f73ee-3e17-4547-accd-682f0c758cd9",
                "type" : "volume",
                "href" : "https://api.profitbricks.com/cloudapi/v4/datacenters/b9c6cb26-6100-4ba3-803a-caf75267068a/volumes/671f73ee-3e17-4547-accd-682f0c758cd9"
              },
              "status" : "RUNNING"
            } ]
          }
        }
    http_version: 
  recorded_at: Mon, 06 Nov 2017 11:41:11 GMT
- request:
    method: get
    uri: https://api.profitbricks.com/cloudapi/v4/requests/07dd87cb-9d3c-40e1-82d4-0958ddbde05b?depth=1
    body:
      encoding: US-ASCII
      string: ''
    headers:
      User-Agent:
      - profitbricks-ruby-sdk/4.0.1 Puppet/4.5.1
      Content-Type:
      - application/json
      Authorization: Basic dXNlcm5hbWU6cGFzc3dvcmQ=
  response:
    status:
      code: 200
      message: OK
    headers:
      Date:
      - Mon, 06 Nov 2017 11:41:13 GMT
      Server:
      - Apache/2.4.10 (Debian)
      X-Ratelimit-Remaining:
      - '299'
      X-Ratelimit-Burst:
      - '300'
      X-Ratelimit-Limit:
      - '600'
      Content-Type:
      - application/json
      Strict-Transport-Security:
      - max-age=15768000
    body:
      encoding: ASCII-8BIT
      string: |
        {
          "id" : "07dd87cb-9d3c-40e1-82d4-0958ddbde05b",
          "type" : "request",
          "href" : "https://api.profitbricks.com/cloudapi/v4/requests/07dd87cb-9d3c-40e1-82d4-0958ddbde05b",
          "metadata" : {
            "createdDate" : "2017-11-06T11:40:32Z",
            "createdBy" : "username",
            "etag" : "43491564ebcfd38568918efbd6e840fd",
            "requestStatus" : {
              "id" : "07dd87cb-9d3c-40e1-82d4-0958ddbde05b/status",
              "type" : "request-status",
              "href" : "https://api.profitbricks.com/cloudapi/v4/requests/07dd87cb-9d3c-40e1-82d4-0958ddbde05b/status",
              "metadata" : {
                "status" : "RUNNING",
                "message" : "Request is running",
                "etag" : "43491564ebcfd38568918efbd6e840fd",
                "targets" : [ {
                  "target" : {
                    "id" : "671f73ee-3e17-4547-accd-682f0c758cd9",
                    "type" : "volume",
                    "href" : "https://api.profitbricks.com/cloudapi/v4/datacenters/b9c6cb26-6100-4ba3-803a-caf75267068a/volumes/671f73ee-3e17-4547-accd-682f0c758cd9"
                  },
                  "status" : "RUNNING"
                } ]
              }
            }
          },
          "properties" : {
            "method" : "POST",
            "headers" : {
              "content-type" : "application/json",
              "connection" : "Keep-Alive",
              "host" : "api.profitbricks.com",
              "x-forwarded-for" : "146.255.143.137",
              "content-length" : "250",
              "x-forwarded-host" : "api.profitbricks.com",
              "x-reseller" : "pb.domain",
              "user-agent" : "profitbricks-ruby-sdk/4.0.1 Puppet/4.5.1",
              "x-forwarded-server" : "my.profitbricks.com"
            },
            "body" : "{\"properties\":{\"name\":\"Puppet Module Test\",\"availabilityZone\":\"ZONE_3\",\"image\":null,\"imageAlias\":\"ubuntu:latest\",\"bus\":\"VIRTIO\",\"type\":\"HDD\",\"size\":2,\"licenceType\":null,\"imagePassword\":null,\"sshKeys\":[\"ssh-rsa AAAAB3NzaC1yc2EAAAADAQABAAACAQDaH...\"]}}",
            "url" : "https://api.profitbricks.com/cloudapi/v4/datacenters/b9c6cb26-6100-4ba3-803a-caf75267068a/volumes?depth=1?depth=1"
          }
        }
    http_version: 
  recorded_at: Mon, 06 Nov 2017 11:41:13 GMT
- request:
    method: get
    uri: https://api.profitbricks.com/cloudapi/v4/requests/07dd87cb-9d3c-40e1-82d4-0958ddbde05b/status?depth=1
    body:
      encoding: US-ASCII
      string: ''
    headers:
      User-Agent:
      - profitbricks-ruby-sdk/4.0.1 Puppet/4.5.1
      Content-Type:
      - application/json
      Authorization: Basic dXNlcm5hbWU6cGFzc3dvcmQ=
  response:
    status:
      code: 200
      message: OK
    headers:
      Date:
      - Mon, 06 Nov 2017 11:41:14 GMT
      Server:
      - Apache/2.4.10 (Debian)
      X-Ratelimit-Remaining:
      - '299'
      X-Ratelimit-Burst:
      - '300'
      X-Ratelimit-Limit:
      - '600'
      Content-Type:
      - application/json
      Strict-Transport-Security:
      - max-age=15768000
    body:
      encoding: ASCII-8BIT
      string: |
        {
          "id" : "07dd87cb-9d3c-40e1-82d4-0958ddbde05b/status",
          "type" : "request-status",
          "href" : "https://api.profitbricks.com/cloudapi/v4/requests/07dd87cb-9d3c-40e1-82d4-0958ddbde05b/status",
          "metadata" : {
            "status" : "RUNNING",
            "message" : "Request is running",
            "etag" : "43491564ebcfd38568918efbd6e840fd",
            "targets" : [ {
              "target" : {
                "id" : "671f73ee-3e17-4547-accd-682f0c758cd9",
                "type" : "volume",
                "href" : "https://api.profitbricks.com/cloudapi/v4/datacenters/b9c6cb26-6100-4ba3-803a-caf75267068a/volumes/671f73ee-3e17-4547-accd-682f0c758cd9"
              },
              "status" : "RUNNING"
            } ]
          }
        }
    http_version: 
  recorded_at: Mon, 06 Nov 2017 11:41:15 GMT
- request:
    method: get
    uri: https://api.profitbricks.com/cloudapi/v4/requests/07dd87cb-9d3c-40e1-82d4-0958ddbde05b?depth=1
    body:
      encoding: US-ASCII
      string: ''
    headers:
      User-Agent:
      - profitbricks-ruby-sdk/4.0.1 Puppet/4.5.1
      Content-Type:
      - application/json
      Authorization: Basic dXNlcm5hbWU6cGFzc3dvcmQ=
  response:
    status:
      code: 200
      message: OK
    headers:
      Date:
      - Mon, 06 Nov 2017 11:41:16 GMT
      Server:
      - Apache/2.4.10 (Debian)
      X-Ratelimit-Remaining:
      - '299'
      X-Ratelimit-Burst:
      - '300'
      X-Ratelimit-Limit:
      - '600'
      Content-Type:
      - application/json
      Strict-Transport-Security:
      - max-age=15768000
    body:
      encoding: ASCII-8BIT
      string: |
        {
          "id" : "07dd87cb-9d3c-40e1-82d4-0958ddbde05b",
          "type" : "request",
          "href" : "https://api.profitbricks.com/cloudapi/v4/requests/07dd87cb-9d3c-40e1-82d4-0958ddbde05b",
          "metadata" : {
            "createdDate" : "2017-11-06T11:40:32Z",
            "createdBy" : "username",
            "etag" : "43491564ebcfd38568918efbd6e840fd",
            "requestStatus" : {
              "id" : "07dd87cb-9d3c-40e1-82d4-0958ddbde05b/status",
              "type" : "request-status",
              "href" : "https://api.profitbricks.com/cloudapi/v4/requests/07dd87cb-9d3c-40e1-82d4-0958ddbde05b/status",
              "metadata" : {
                "status" : "RUNNING",
                "message" : "Request is running",
                "etag" : "43491564ebcfd38568918efbd6e840fd",
                "targets" : [ {
                  "target" : {
                    "id" : "671f73ee-3e17-4547-accd-682f0c758cd9",
                    "type" : "volume",
                    "href" : "https://api.profitbricks.com/cloudapi/v4/datacenters/b9c6cb26-6100-4ba3-803a-caf75267068a/volumes/671f73ee-3e17-4547-accd-682f0c758cd9"
                  },
                  "status" : "RUNNING"
                } ]
              }
            }
          },
          "properties" : {
            "method" : "POST",
            "headers" : {
              "content-type" : "application/json",
              "connection" : "Keep-Alive",
              "host" : "api.profitbricks.com",
              "x-forwarded-for" : "146.255.143.137",
              "content-length" : "250",
              "x-forwarded-host" : "api.profitbricks.com",
              "x-reseller" : "pb.domain",
              "user-agent" : "profitbricks-ruby-sdk/4.0.1 Puppet/4.5.1",
              "x-forwarded-server" : "my.profitbricks.com"
            },
            "body" : "{\"properties\":{\"name\":\"Puppet Module Test\",\"availabilityZone\":\"ZONE_3\",\"image\":null,\"imageAlias\":\"ubuntu:latest\",\"bus\":\"VIRTIO\",\"type\":\"HDD\",\"size\":2,\"licenceType\":null,\"imagePassword\":null,\"sshKeys\":[\"ssh-rsa AAAAB3NzaC1yc2EAAAADAQABAAACAQDaH...\"]}}",
            "url" : "https://api.profitbricks.com/cloudapi/v4/datacenters/b9c6cb26-6100-4ba3-803a-caf75267068a/volumes?depth=1?depth=1"
          }
        }
    http_version: 
  recorded_at: Mon, 06 Nov 2017 11:41:17 GMT
- request:
    method: get
    uri: https://api.profitbricks.com/cloudapi/v4/requests/07dd87cb-9d3c-40e1-82d4-0958ddbde05b/status?depth=1
    body:
      encoding: US-ASCII
      string: ''
    headers:
      User-Agent:
      - profitbricks-ruby-sdk/4.0.1 Puppet/4.5.1
      Content-Type:
      - application/json
      Authorization: Basic dXNlcm5hbWU6cGFzc3dvcmQ=
  response:
    status:
      code: 200
      message: OK
    headers:
      Date:
      - Mon, 06 Nov 2017 11:41:17 GMT
      Server:
      - Apache/2.4.10 (Debian)
      X-Ratelimit-Remaining:
      - '299'
      X-Ratelimit-Burst:
      - '300'
      X-Ratelimit-Limit:
      - '600'
      Content-Type:
      - application/json
      Strict-Transport-Security:
      - max-age=15768000
    body:
      encoding: ASCII-8BIT
      string: |
        {
          "id" : "07dd87cb-9d3c-40e1-82d4-0958ddbde05b/status",
          "type" : "request-status",
          "href" : "https://api.profitbricks.com/cloudapi/v4/requests/07dd87cb-9d3c-40e1-82d4-0958ddbde05b/status",
          "metadata" : {
            "status" : "RUNNING",
            "message" : "Request is running",
            "etag" : "43491564ebcfd38568918efbd6e840fd",
            "targets" : [ {
              "target" : {
                "id" : "671f73ee-3e17-4547-accd-682f0c758cd9",
                "type" : "volume",
                "href" : "https://api.profitbricks.com/cloudapi/v4/datacenters/b9c6cb26-6100-4ba3-803a-caf75267068a/volumes/671f73ee-3e17-4547-accd-682f0c758cd9"
              },
              "status" : "RUNNING"
            } ]
          }
        }
    http_version: 
  recorded_at: Mon, 06 Nov 2017 11:41:18 GMT
- request:
    method: get
    uri: https://api.profitbricks.com/cloudapi/v4/requests/07dd87cb-9d3c-40e1-82d4-0958ddbde05b?depth=1
    body:
      encoding: US-ASCII
      string: ''
    headers:
      User-Agent:
      - profitbricks-ruby-sdk/4.0.1 Puppet/4.5.1
      Content-Type:
      - application/json
      Authorization: Basic dXNlcm5hbWU6cGFzc3dvcmQ=
  response:
    status:
      code: 200
      message: OK
    headers:
      Date:
      - Mon, 06 Nov 2017 11:41:20 GMT
      Server:
      - Apache/2.4.10 (Debian)
      X-Ratelimit-Remaining:
      - '299'
      X-Ratelimit-Burst:
      - '300'
      X-Ratelimit-Limit:
      - '600'
      Content-Type:
      - application/json
      Strict-Transport-Security:
      - max-age=15768000
    body:
      encoding: ASCII-8BIT
      string: |
        {
          "id" : "07dd87cb-9d3c-40e1-82d4-0958ddbde05b",
          "type" : "request",
          "href" : "https://api.profitbricks.com/cloudapi/v4/requests/07dd87cb-9d3c-40e1-82d4-0958ddbde05b",
          "metadata" : {
            "createdDate" : "2017-11-06T11:40:32Z",
            "createdBy" : "username",
            "etag" : "43491564ebcfd38568918efbd6e840fd",
            "requestStatus" : {
              "id" : "07dd87cb-9d3c-40e1-82d4-0958ddbde05b/status",
              "type" : "request-status",
              "href" : "https://api.profitbricks.com/cloudapi/v4/requests/07dd87cb-9d3c-40e1-82d4-0958ddbde05b/status",
              "metadata" : {
                "status" : "RUNNING",
                "message" : "Request is running",
                "etag" : "43491564ebcfd38568918efbd6e840fd",
                "targets" : [ {
                  "target" : {
                    "id" : "671f73ee-3e17-4547-accd-682f0c758cd9",
                    "type" : "volume",
                    "href" : "https://api.profitbricks.com/cloudapi/v4/datacenters/b9c6cb26-6100-4ba3-803a-caf75267068a/volumes/671f73ee-3e17-4547-accd-682f0c758cd9"
                  },
                  "status" : "RUNNING"
                } ]
              }
            }
          },
          "properties" : {
            "method" : "POST",
            "headers" : {
              "content-type" : "application/json",
              "connection" : "Keep-Alive",
              "host" : "api.profitbricks.com",
              "x-forwarded-for" : "146.255.143.137",
              "content-length" : "250",
              "x-forwarded-host" : "api.profitbricks.com",
              "x-reseller" : "pb.domain",
              "user-agent" : "profitbricks-ruby-sdk/4.0.1 Puppet/4.5.1",
              "x-forwarded-server" : "my.profitbricks.com"
            },
            "body" : "{\"properties\":{\"name\":\"Puppet Module Test\",\"availabilityZone\":\"ZONE_3\",\"image\":null,\"imageAlias\":\"ubuntu:latest\",\"bus\":\"VIRTIO\",\"type\":\"HDD\",\"size\":2,\"licenceType\":null,\"imagePassword\":null,\"sshKeys\":[\"ssh-rsa AAAAB3NzaC1yc2EAAAADAQABAAACAQDaH...\"]}}",
            "url" : "https://api.profitbricks.com/cloudapi/v4/datacenters/b9c6cb26-6100-4ba3-803a-caf75267068a/volumes?depth=1?depth=1"
          }
        }
    http_version: 
  recorded_at: Mon, 06 Nov 2017 11:41:20 GMT
- request:
    method: get
    uri: https://api.profitbricks.com/cloudapi/v4/requests/07dd87cb-9d3c-40e1-82d4-0958ddbde05b/status?depth=1
    body:
      encoding: US-ASCII
      string: ''
    headers:
      User-Agent:
      - profitbricks-ruby-sdk/4.0.1 Puppet/4.5.1
      Content-Type:
      - application/json
      Authorization: Basic dXNlcm5hbWU6cGFzc3dvcmQ=
  response:
    status:
      code: 200
      message: OK
    headers:
      Date:
      - Mon, 06 Nov 2017 11:41:21 GMT
      Server:
      - Apache/2.4.10 (Debian)
      X-Ratelimit-Remaining:
      - '299'
      X-Ratelimit-Burst:
      - '300'
      X-Ratelimit-Limit:
      - '600'
      Content-Type:
      - application/json
      Strict-Transport-Security:
      - max-age=15768000
    body:
      encoding: ASCII-8BIT
      string: |
        {
          "id" : "07dd87cb-9d3c-40e1-82d4-0958ddbde05b/status",
          "type" : "request-status",
          "href" : "https://api.profitbricks.com/cloudapi/v4/requests/07dd87cb-9d3c-40e1-82d4-0958ddbde05b/status",
          "metadata" : {
            "status" : "RUNNING",
            "message" : "Request is running",
            "etag" : "43491564ebcfd38568918efbd6e840fd",
            "targets" : [ {
              "target" : {
                "id" : "671f73ee-3e17-4547-accd-682f0c758cd9",
                "type" : "volume",
                "href" : "https://api.profitbricks.com/cloudapi/v4/datacenters/b9c6cb26-6100-4ba3-803a-caf75267068a/volumes/671f73ee-3e17-4547-accd-682f0c758cd9"
              },
              "status" : "RUNNING"
            } ]
          }
        }
    http_version: 
  recorded_at: Mon, 06 Nov 2017 11:41:22 GMT
- request:
    method: get
    uri: https://api.profitbricks.com/cloudapi/v4/requests/07dd87cb-9d3c-40e1-82d4-0958ddbde05b?depth=1
    body:
      encoding: US-ASCII
      string: ''
    headers:
      User-Agent:
      - profitbricks-ruby-sdk/4.0.1 Puppet/4.5.1
      Content-Type:
      - application/json
      Authorization: Basic dXNlcm5hbWU6cGFzc3dvcmQ=
  response:
    status:
      code: 200
      message: OK
    headers:
      Date:
      - Mon, 06 Nov 2017 11:41:23 GMT
      Server:
      - Apache/2.4.10 (Debian)
      X-Ratelimit-Remaining:
      - '299'
      X-Ratelimit-Burst:
      - '300'
      X-Ratelimit-Limit:
      - '600'
      Content-Type:
      - application/json
      Strict-Transport-Security:
      - max-age=15768000
    body:
      encoding: ASCII-8BIT
      string: |
        {
          "id" : "07dd87cb-9d3c-40e1-82d4-0958ddbde05b",
          "type" : "request",
          "href" : "https://api.profitbricks.com/cloudapi/v4/requests/07dd87cb-9d3c-40e1-82d4-0958ddbde05b",
          "metadata" : {
            "createdDate" : "2017-11-06T11:40:32Z",
            "createdBy" : "username",
            "etag" : "43491564ebcfd38568918efbd6e840fd",
            "requestStatus" : {
              "id" : "07dd87cb-9d3c-40e1-82d4-0958ddbde05b/status",
              "type" : "request-status",
              "href" : "https://api.profitbricks.com/cloudapi/v4/requests/07dd87cb-9d3c-40e1-82d4-0958ddbde05b/status",
              "metadata" : {
                "status" : "RUNNING",
                "message" : "Request is running",
                "etag" : "43491564ebcfd38568918efbd6e840fd",
                "targets" : [ {
                  "target" : {
                    "id" : "671f73ee-3e17-4547-accd-682f0c758cd9",
                    "type" : "volume",
                    "href" : "https://api.profitbricks.com/cloudapi/v4/datacenters/b9c6cb26-6100-4ba3-803a-caf75267068a/volumes/671f73ee-3e17-4547-accd-682f0c758cd9"
                  },
                  "status" : "RUNNING"
                } ]
              }
            }
          },
          "properties" : {
            "method" : "POST",
            "headers" : {
              "content-type" : "application/json",
              "connection" : "Keep-Alive",
              "host" : "api.profitbricks.com",
              "x-forwarded-for" : "146.255.143.137",
              "content-length" : "250",
              "x-forwarded-host" : "api.profitbricks.com",
              "x-reseller" : "pb.domain",
              "user-agent" : "profitbricks-ruby-sdk/4.0.1 Puppet/4.5.1",
              "x-forwarded-server" : "my.profitbricks.com"
            },
            "body" : "{\"properties\":{\"name\":\"Puppet Module Test\",\"availabilityZone\":\"ZONE_3\",\"image\":null,\"imageAlias\":\"ubuntu:latest\",\"bus\":\"VIRTIO\",\"type\":\"HDD\",\"size\":2,\"licenceType\":null,\"imagePassword\":null,\"sshKeys\":[\"ssh-rsa AAAAB3NzaC1yc2EAAAADAQABAAACAQDaH...\"]}}",
            "url" : "https://api.profitbricks.com/cloudapi/v4/datacenters/b9c6cb26-6100-4ba3-803a-caf75267068a/volumes?depth=1?depth=1"
          }
        }
    http_version: 
  recorded_at: Mon, 06 Nov 2017 11:41:24 GMT
- request:
    method: get
    uri: https://api.profitbricks.com/cloudapi/v4/requests/07dd87cb-9d3c-40e1-82d4-0958ddbde05b/status?depth=1
    body:
      encoding: US-ASCII
      string: ''
    headers:
      User-Agent:
      - profitbricks-ruby-sdk/4.0.1 Puppet/4.5.1
      Content-Type:
      - application/json
      Authorization: Basic dXNlcm5hbWU6cGFzc3dvcmQ=
  response:
    status:
      code: 200
      message: OK
    headers:
      Date:
      - Mon, 06 Nov 2017 11:41:24 GMT
      Server:
      - Apache/2.4.10 (Debian)
      X-Ratelimit-Remaining:
      - '299'
      X-Ratelimit-Burst:
      - '300'
      X-Ratelimit-Limit:
      - '600'
      Content-Type:
      - application/json
      Strict-Transport-Security:
      - max-age=15768000
    body:
      encoding: ASCII-8BIT
      string: |
        {
          "id" : "07dd87cb-9d3c-40e1-82d4-0958ddbde05b/status",
          "type" : "request-status",
          "href" : "https://api.profitbricks.com/cloudapi/v4/requests/07dd87cb-9d3c-40e1-82d4-0958ddbde05b/status",
          "metadata" : {
            "status" : "RUNNING",
            "message" : "Request is running",
            "etag" : "43491564ebcfd38568918efbd6e840fd",
            "targets" : [ {
              "target" : {
                "id" : "671f73ee-3e17-4547-accd-682f0c758cd9",
                "type" : "volume",
                "href" : "https://api.profitbricks.com/cloudapi/v4/datacenters/b9c6cb26-6100-4ba3-803a-caf75267068a/volumes/671f73ee-3e17-4547-accd-682f0c758cd9"
              },
              "status" : "RUNNING"
            } ]
          }
        }
    http_version: 
  recorded_at: Mon, 06 Nov 2017 11:41:25 GMT
- request:
    method: get
    uri: https://api.profitbricks.com/cloudapi/v4/requests/07dd87cb-9d3c-40e1-82d4-0958ddbde05b?depth=1
    body:
      encoding: US-ASCII
      string: ''
    headers:
      User-Agent:
      - profitbricks-ruby-sdk/4.0.1 Puppet/4.5.1
      Content-Type:
      - application/json
      Authorization: Basic dXNlcm5hbWU6cGFzc3dvcmQ=
  response:
    status:
      code: 200
      message: OK
    headers:
      Date:
      - Mon, 06 Nov 2017 11:41:27 GMT
      Server:
      - Apache/2.4.10 (Debian)
      X-Ratelimit-Remaining:
      - '299'
      X-Ratelimit-Burst:
      - '300'
      X-Ratelimit-Limit:
      - '600'
      Content-Type:
      - application/json
      Strict-Transport-Security:
      - max-age=15768000
    body:
      encoding: ASCII-8BIT
      string: |
        {
          "id" : "07dd87cb-9d3c-40e1-82d4-0958ddbde05b",
          "type" : "request",
          "href" : "https://api.profitbricks.com/cloudapi/v4/requests/07dd87cb-9d3c-40e1-82d4-0958ddbde05b",
          "metadata" : {
            "createdDate" : "2017-11-06T11:40:32Z",
            "createdBy" : "username",
            "etag" : "43491564ebcfd38568918efbd6e840fd",
            "requestStatus" : {
              "id" : "07dd87cb-9d3c-40e1-82d4-0958ddbde05b/status",
              "type" : "request-status",
              "href" : "https://api.profitbricks.com/cloudapi/v4/requests/07dd87cb-9d3c-40e1-82d4-0958ddbde05b/status",
              "metadata" : {
                "status" : "RUNNING",
                "message" : "Request is running",
                "etag" : "43491564ebcfd38568918efbd6e840fd",
                "targets" : [ {
                  "target" : {
                    "id" : "671f73ee-3e17-4547-accd-682f0c758cd9",
                    "type" : "volume",
                    "href" : "https://api.profitbricks.com/cloudapi/v4/datacenters/b9c6cb26-6100-4ba3-803a-caf75267068a/volumes/671f73ee-3e17-4547-accd-682f0c758cd9"
                  },
                  "status" : "RUNNING"
                } ]
              }
            }
          },
          "properties" : {
            "method" : "POST",
            "headers" : {
              "content-type" : "application/json",
              "connection" : "Keep-Alive",
              "host" : "api.profitbricks.com",
              "x-forwarded-for" : "146.255.143.137",
              "content-length" : "250",
              "x-forwarded-host" : "api.profitbricks.com",
              "x-reseller" : "pb.domain",
              "user-agent" : "profitbricks-ruby-sdk/4.0.1 Puppet/4.5.1",
              "x-forwarded-server" : "my.profitbricks.com"
            },
            "body" : "{\"properties\":{\"name\":\"Puppet Module Test\",\"availabilityZone\":\"ZONE_3\",\"image\":null,\"imageAlias\":\"ubuntu:latest\",\"bus\":\"VIRTIO\",\"type\":\"HDD\",\"size\":2,\"licenceType\":null,\"imagePassword\":null,\"sshKeys\":[\"ssh-rsa AAAAB3NzaC1yc2EAAAADAQABAAACAQDaH...\"]}}",
            "url" : "https://api.profitbricks.com/cloudapi/v4/datacenters/b9c6cb26-6100-4ba3-803a-caf75267068a/volumes?depth=1?depth=1"
          }
        }
    http_version: 
  recorded_at: Mon, 06 Nov 2017 11:41:27 GMT
- request:
    method: get
    uri: https://api.profitbricks.com/cloudapi/v4/requests/07dd87cb-9d3c-40e1-82d4-0958ddbde05b/status?depth=1
    body:
      encoding: US-ASCII
      string: ''
    headers:
      User-Agent:
      - profitbricks-ruby-sdk/4.0.1 Puppet/4.5.1
      Content-Type:
      - application/json
      Authorization: Basic dXNlcm5hbWU6cGFzc3dvcmQ=
  response:
    status:
      code: 200
      message: OK
    headers:
      Date:
      - Mon, 06 Nov 2017 11:41:28 GMT
      Server:
      - Apache/2.4.10 (Debian)
      X-Ratelimit-Remaining:
      - '299'
      X-Ratelimit-Burst:
      - '300'
      X-Ratelimit-Limit:
      - '600'
      Content-Type:
      - application/json
      Strict-Transport-Security:
      - max-age=15768000
    body:
      encoding: ASCII-8BIT
      string: |
        {
          "id" : "07dd87cb-9d3c-40e1-82d4-0958ddbde05b/status",
          "type" : "request-status",
          "href" : "https://api.profitbricks.com/cloudapi/v4/requests/07dd87cb-9d3c-40e1-82d4-0958ddbde05b/status",
          "metadata" : {
            "status" : "RUNNING",
            "message" : "Request is running",
            "etag" : "43491564ebcfd38568918efbd6e840fd",
            "targets" : [ {
              "target" : {
                "id" : "671f73ee-3e17-4547-accd-682f0c758cd9",
                "type" : "volume",
                "href" : "https://api.profitbricks.com/cloudapi/v4/datacenters/b9c6cb26-6100-4ba3-803a-caf75267068a/volumes/671f73ee-3e17-4547-accd-682f0c758cd9"
              },
              "status" : "RUNNING"
            } ]
          }
        }
    http_version: 
  recorded_at: Mon, 06 Nov 2017 11:41:29 GMT
- request:
    method: get
    uri: https://api.profitbricks.com/cloudapi/v4/requests/07dd87cb-9d3c-40e1-82d4-0958ddbde05b?depth=1
    body:
      encoding: US-ASCII
      string: ''
    headers:
      User-Agent:
      - profitbricks-ruby-sdk/4.0.1 Puppet/4.5.1
      Content-Type:
      - application/json
      Authorization: Basic dXNlcm5hbWU6cGFzc3dvcmQ=
  response:
    status:
      code: 200
      message: OK
    headers:
      Date:
      - Mon, 06 Nov 2017 11:41:30 GMT
      Server:
      - Apache/2.4.10 (Debian)
      X-Ratelimit-Remaining:
      - '299'
      X-Ratelimit-Burst:
      - '300'
      X-Ratelimit-Limit:
      - '600'
      Content-Type:
      - application/json
      Strict-Transport-Security:
      - max-age=15768000
    body:
      encoding: ASCII-8BIT
      string: |
        {
          "id" : "07dd87cb-9d3c-40e1-82d4-0958ddbde05b",
          "type" : "request",
          "href" : "https://api.profitbricks.com/cloudapi/v4/requests/07dd87cb-9d3c-40e1-82d4-0958ddbde05b",
          "metadata" : {
            "createdDate" : "2017-11-06T11:40:32Z",
            "createdBy" : "username",
            "etag" : "43491564ebcfd38568918efbd6e840fd",
            "requestStatus" : {
              "id" : "07dd87cb-9d3c-40e1-82d4-0958ddbde05b/status",
              "type" : "request-status",
              "href" : "https://api.profitbricks.com/cloudapi/v4/requests/07dd87cb-9d3c-40e1-82d4-0958ddbde05b/status",
              "metadata" : {
                "status" : "RUNNING",
                "message" : "Request is running",
                "etag" : "43491564ebcfd38568918efbd6e840fd",
                "targets" : [ {
                  "target" : {
                    "id" : "671f73ee-3e17-4547-accd-682f0c758cd9",
                    "type" : "volume",
                    "href" : "https://api.profitbricks.com/cloudapi/v4/datacenters/b9c6cb26-6100-4ba3-803a-caf75267068a/volumes/671f73ee-3e17-4547-accd-682f0c758cd9"
                  },
                  "status" : "RUNNING"
                } ]
              }
            }
          },
          "properties" : {
            "method" : "POST",
            "headers" : {
              "content-type" : "application/json",
              "connection" : "Keep-Alive",
              "host" : "api.profitbricks.com",
              "x-forwarded-for" : "146.255.143.137",
              "content-length" : "250",
              "x-forwarded-host" : "api.profitbricks.com",
              "x-reseller" : "pb.domain",
              "user-agent" : "profitbricks-ruby-sdk/4.0.1 Puppet/4.5.1",
              "x-forwarded-server" : "my.profitbricks.com"
            },
            "body" : "{\"properties\":{\"name\":\"Puppet Module Test\",\"availabilityZone\":\"ZONE_3\",\"image\":null,\"imageAlias\":\"ubuntu:latest\",\"bus\":\"VIRTIO\",\"type\":\"HDD\",\"size\":2,\"licenceType\":null,\"imagePassword\":null,\"sshKeys\":[\"ssh-rsa AAAAB3NzaC1yc2EAAAADAQABAAACAQDaH...\"]}}",
            "url" : "https://api.profitbricks.com/cloudapi/v4/datacenters/b9c6cb26-6100-4ba3-803a-caf75267068a/volumes?depth=1?depth=1"
          }
        }
    http_version: 
  recorded_at: Mon, 06 Nov 2017 11:41:31 GMT
- request:
    method: get
    uri: https://api.profitbricks.com/cloudapi/v4/requests/07dd87cb-9d3c-40e1-82d4-0958ddbde05b/status?depth=1
    body:
      encoding: US-ASCII
      string: ''
    headers:
      User-Agent:
      - profitbricks-ruby-sdk/4.0.1 Puppet/4.5.1
      Content-Type:
      - application/json
      Authorization: Basic dXNlcm5hbWU6cGFzc3dvcmQ=
  response:
    status:
      code: 200
      message: OK
    headers:
      Date:
      - Mon, 06 Nov 2017 11:41:31 GMT
      Server:
      - Apache/2.4.10 (Debian)
      X-Ratelimit-Remaining:
      - '299'
      X-Ratelimit-Burst:
      - '300'
      X-Ratelimit-Limit:
      - '600'
      Content-Type:
      - application/json
      Strict-Transport-Security:
      - max-age=15768000
    body:
      encoding: ASCII-8BIT
      string: |
        {
          "id" : "07dd87cb-9d3c-40e1-82d4-0958ddbde05b/status",
          "type" : "request-status",
          "href" : "https://api.profitbricks.com/cloudapi/v4/requests/07dd87cb-9d3c-40e1-82d4-0958ddbde05b/status",
          "metadata" : {
            "status" : "RUNNING",
            "message" : "Request is running",
            "etag" : "43491564ebcfd38568918efbd6e840fd",
            "targets" : [ {
              "target" : {
                "id" : "671f73ee-3e17-4547-accd-682f0c758cd9",
                "type" : "volume",
                "href" : "https://api.profitbricks.com/cloudapi/v4/datacenters/b9c6cb26-6100-4ba3-803a-caf75267068a/volumes/671f73ee-3e17-4547-accd-682f0c758cd9"
              },
              "status" : "RUNNING"
            } ]
          }
        }
    http_version: 
  recorded_at: Mon, 06 Nov 2017 11:41:32 GMT
- request:
    method: get
    uri: https://api.profitbricks.com/cloudapi/v4/requests/07dd87cb-9d3c-40e1-82d4-0958ddbde05b?depth=1
    body:
      encoding: US-ASCII
      string: ''
    headers:
      User-Agent:
      - profitbricks-ruby-sdk/4.0.1 Puppet/4.5.1
      Content-Type:
      - application/json
      Authorization: Basic dXNlcm5hbWU6cGFzc3dvcmQ=
  response:
    status:
      code: 200
      message: OK
    headers:
      Date:
      - Mon, 06 Nov 2017 11:41:34 GMT
      Server:
      - Apache/2.4.10 (Debian)
      X-Ratelimit-Remaining:
      - '299'
      X-Ratelimit-Burst:
      - '300'
      X-Ratelimit-Limit:
      - '600'
      Content-Type:
      - application/json
      Strict-Transport-Security:
      - max-age=15768000
    body:
      encoding: ASCII-8BIT
      string: |
        {
          "id" : "07dd87cb-9d3c-40e1-82d4-0958ddbde05b",
          "type" : "request",
          "href" : "https://api.profitbricks.com/cloudapi/v4/requests/07dd87cb-9d3c-40e1-82d4-0958ddbde05b",
          "metadata" : {
            "createdDate" : "2017-11-06T11:40:32Z",
            "createdBy" : "username",
            "etag" : "43491564ebcfd38568918efbd6e840fd",
            "requestStatus" : {
              "id" : "07dd87cb-9d3c-40e1-82d4-0958ddbde05b/status",
              "type" : "request-status",
              "href" : "https://api.profitbricks.com/cloudapi/v4/requests/07dd87cb-9d3c-40e1-82d4-0958ddbde05b/status",
              "metadata" : {
                "status" : "RUNNING",
                "message" : "Request is running",
                "etag" : "43491564ebcfd38568918efbd6e840fd",
                "targets" : [ {
                  "target" : {
                    "id" : "671f73ee-3e17-4547-accd-682f0c758cd9",
                    "type" : "volume",
                    "href" : "https://api.profitbricks.com/cloudapi/v4/datacenters/b9c6cb26-6100-4ba3-803a-caf75267068a/volumes/671f73ee-3e17-4547-accd-682f0c758cd9"
                  },
                  "status" : "RUNNING"
                } ]
              }
            }
          },
          "properties" : {
            "method" : "POST",
            "headers" : {
              "content-type" : "application/json",
              "connection" : "Keep-Alive",
              "host" : "api.profitbricks.com",
              "x-forwarded-for" : "146.255.143.137",
              "content-length" : "250",
              "x-forwarded-host" : "api.profitbricks.com",
              "x-reseller" : "pb.domain",
              "user-agent" : "profitbricks-ruby-sdk/4.0.1 Puppet/4.5.1",
              "x-forwarded-server" : "my.profitbricks.com"
            },
            "body" : "{\"properties\":{\"name\":\"Puppet Module Test\",\"availabilityZone\":\"ZONE_3\",\"image\":null,\"imageAlias\":\"ubuntu:latest\",\"bus\":\"VIRTIO\",\"type\":\"HDD\",\"size\":2,\"licenceType\":null,\"imagePassword\":null,\"sshKeys\":[\"ssh-rsa AAAAB3NzaC1yc2EAAAADAQABAAACAQDaH...\"]}}",
            "url" : "https://api.profitbricks.com/cloudapi/v4/datacenters/b9c6cb26-6100-4ba3-803a-caf75267068a/volumes?depth=1?depth=1"
          }
        }
    http_version: 
  recorded_at: Mon, 06 Nov 2017 11:41:34 GMT
- request:
    method: get
    uri: https://api.profitbricks.com/cloudapi/v4/requests/07dd87cb-9d3c-40e1-82d4-0958ddbde05b/status?depth=1
    body:
      encoding: US-ASCII
      string: ''
    headers:
      User-Agent:
      - profitbricks-ruby-sdk/4.0.1 Puppet/4.5.1
      Content-Type:
      - application/json
      Authorization: Basic dXNlcm5hbWU6cGFzc3dvcmQ=
  response:
    status:
      code: 200
      message: OK
    headers:
      Date:
      - Mon, 06 Nov 2017 11:41:36 GMT
      Server:
      - Apache/2.4.10 (Debian)
      X-Ratelimit-Remaining:
      - '297'
      X-Ratelimit-Burst:
      - '300'
      X-Ratelimit-Limit:
      - '600'
      Content-Type:
      - application/json
      Strict-Transport-Security:
      - max-age=15768000
    body:
      encoding: ASCII-8BIT
      string: |
        {
          "id" : "07dd87cb-9d3c-40e1-82d4-0958ddbde05b/status",
          "type" : "request-status",
          "href" : "https://api.profitbricks.com/cloudapi/v4/requests/07dd87cb-9d3c-40e1-82d4-0958ddbde05b/status",
          "metadata" : {
            "status" : "RUNNING",
            "message" : "Request is running",
            "etag" : "43491564ebcfd38568918efbd6e840fd",
            "targets" : [ {
              "target" : {
                "id" : "671f73ee-3e17-4547-accd-682f0c758cd9",
                "type" : "volume",
                "href" : "https://api.profitbricks.com/cloudapi/v4/datacenters/b9c6cb26-6100-4ba3-803a-caf75267068a/volumes/671f73ee-3e17-4547-accd-682f0c758cd9"
              },
              "status" : "RUNNING"
            } ]
          }
        }
    http_version: 
  recorded_at: Mon, 06 Nov 2017 11:41:36 GMT
- request:
    method: get
    uri: https://api.profitbricks.com/cloudapi/v4/requests/07dd87cb-9d3c-40e1-82d4-0958ddbde05b?depth=1
    body:
      encoding: US-ASCII
      string: ''
    headers:
      User-Agent:
      - profitbricks-ruby-sdk/4.0.1 Puppet/4.5.1
      Content-Type:
      - application/json
      Authorization: Basic dXNlcm5hbWU6cGFzc3dvcmQ=
  response:
    status:
      code: 200
      message: OK
    headers:
      Date:
      - Mon, 06 Nov 2017 11:41:40 GMT
      Server:
      - Apache/2.4.10 (Debian)
      X-Ratelimit-Remaining:
      - '299'
      X-Ratelimit-Burst:
      - '300'
      X-Ratelimit-Limit:
      - '600'
      Content-Type:
      - application/json
      Strict-Transport-Security:
      - max-age=15768000
    body:
      encoding: ASCII-8BIT
      string: |
        {
          "id" : "07dd87cb-9d3c-40e1-82d4-0958ddbde05b",
          "type" : "request",
          "href" : "https://api.profitbricks.com/cloudapi/v4/requests/07dd87cb-9d3c-40e1-82d4-0958ddbde05b",
          "metadata" : {
            "createdDate" : "2017-11-06T11:40:32Z",
            "createdBy" : "username",
            "etag" : "43491564ebcfd38568918efbd6e840fd",
            "requestStatus" : {
              "id" : "07dd87cb-9d3c-40e1-82d4-0958ddbde05b/status",
              "type" : "request-status",
              "href" : "https://api.profitbricks.com/cloudapi/v4/requests/07dd87cb-9d3c-40e1-82d4-0958ddbde05b/status",
              "metadata" : {
                "status" : "RUNNING",
                "message" : "Request is running",
                "etag" : "43491564ebcfd38568918efbd6e840fd",
                "targets" : [ {
                  "target" : {
                    "id" : "671f73ee-3e17-4547-accd-682f0c758cd9",
                    "type" : "volume",
                    "href" : "https://api.profitbricks.com/cloudapi/v4/datacenters/b9c6cb26-6100-4ba3-803a-caf75267068a/volumes/671f73ee-3e17-4547-accd-682f0c758cd9"
                  },
                  "status" : "RUNNING"
                } ]
              }
            }
          },
          "properties" : {
            "method" : "POST",
            "headers" : {
              "content-type" : "application/json",
              "connection" : "Keep-Alive",
              "host" : "api.profitbricks.com",
              "x-forwarded-for" : "146.255.143.137",
              "content-length" : "250",
              "x-forwarded-host" : "api.profitbricks.com",
              "x-reseller" : "pb.domain",
              "user-agent" : "profitbricks-ruby-sdk/4.0.1 Puppet/4.5.1",
              "x-forwarded-server" : "my.profitbricks.com"
            },
            "body" : "{\"properties\":{\"name\":\"Puppet Module Test\",\"availabilityZone\":\"ZONE_3\",\"image\":null,\"imageAlias\":\"ubuntu:latest\",\"bus\":\"VIRTIO\",\"type\":\"HDD\",\"size\":2,\"licenceType\":null,\"imagePassword\":null,\"sshKeys\":[\"ssh-rsa AAAAB3NzaC1yc2EAAAADAQABAAACAQDaH...\"]}}",
            "url" : "https://api.profitbricks.com/cloudapi/v4/datacenters/b9c6cb26-6100-4ba3-803a-caf75267068a/volumes?depth=1?depth=1"
          }
        }
    http_version: 
  recorded_at: Mon, 06 Nov 2017 11:41:41 GMT
- request:
    method: get
    uri: https://api.profitbricks.com/cloudapi/v4/requests/07dd87cb-9d3c-40e1-82d4-0958ddbde05b/status?depth=1
    body:
      encoding: US-ASCII
      string: ''
    headers:
      User-Agent:
      - profitbricks-ruby-sdk/4.0.1 Puppet/4.5.1
      Content-Type:
      - application/json
      Authorization: Basic dXNlcm5hbWU6cGFzc3dvcmQ=
  response:
    status:
      code: 200
      message: OK
    headers:
      Date:
      - Mon, 06 Nov 2017 11:41:43 GMT
      Server:
      - Apache/2.4.10 (Debian)
      X-Ratelimit-Remaining:
      - '299'
      X-Ratelimit-Burst:
      - '300'
      X-Ratelimit-Limit:
      - '600'
      Content-Type:
      - application/json
      Strict-Transport-Security:
      - max-age=15768000
    body:
      encoding: ASCII-8BIT
      string: |
        {
          "id" : "07dd87cb-9d3c-40e1-82d4-0958ddbde05b/status",
          "type" : "request-status",
          "href" : "https://api.profitbricks.com/cloudapi/v4/requests/07dd87cb-9d3c-40e1-82d4-0958ddbde05b/status",
          "metadata" : {
            "status" : "RUNNING",
            "message" : "Request is running",
            "etag" : "43491564ebcfd38568918efbd6e840fd",
            "targets" : [ {
              "target" : {
                "id" : "671f73ee-3e17-4547-accd-682f0c758cd9",
                "type" : "volume",
                "href" : "https://api.profitbricks.com/cloudapi/v4/datacenters/b9c6cb26-6100-4ba3-803a-caf75267068a/volumes/671f73ee-3e17-4547-accd-682f0c758cd9"
              },
              "status" : "RUNNING"
            } ]
          }
        }
    http_version: 
  recorded_at: Mon, 06 Nov 2017 11:41:44 GMT
- request:
    method: get
    uri: https://api.profitbricks.com/cloudapi/v4/requests/07dd87cb-9d3c-40e1-82d4-0958ddbde05b?depth=1
    body:
      encoding: US-ASCII
      string: ''
    headers:
      User-Agent:
      - profitbricks-ruby-sdk/4.0.1 Puppet/4.5.1
      Content-Type:
      - application/json
      Authorization: Basic dXNlcm5hbWU6cGFzc3dvcmQ=
  response:
    status:
      code: 200
      message: OK
    headers:
      Date:
      - Mon, 06 Nov 2017 11:41:46 GMT
      Server:
      - Apache/2.4.10 (Debian)
      X-Ratelimit-Remaining:
      - '299'
      X-Ratelimit-Burst:
      - '300'
      X-Ratelimit-Limit:
      - '600'
      Content-Type:
      - application/json
      Strict-Transport-Security:
      - max-age=15768000
    body:
      encoding: ASCII-8BIT
      string: |
        {
          "id" : "07dd87cb-9d3c-40e1-82d4-0958ddbde05b",
          "type" : "request",
          "href" : "https://api.profitbricks.com/cloudapi/v4/requests/07dd87cb-9d3c-40e1-82d4-0958ddbde05b",
          "metadata" : {
            "createdDate" : "2017-11-06T11:40:32Z",
            "createdBy" : "username",
            "etag" : "43491564ebcfd38568918efbd6e840fd",
            "requestStatus" : {
              "id" : "07dd87cb-9d3c-40e1-82d4-0958ddbde05b/status",
              "type" : "request-status",
              "href" : "https://api.profitbricks.com/cloudapi/v4/requests/07dd87cb-9d3c-40e1-82d4-0958ddbde05b/status",
              "metadata" : {
                "status" : "RUNNING",
                "message" : "Request is running",
                "etag" : "43491564ebcfd38568918efbd6e840fd",
                "targets" : [ {
                  "target" : {
                    "id" : "671f73ee-3e17-4547-accd-682f0c758cd9",
                    "type" : "volume",
                    "href" : "https://api.profitbricks.com/cloudapi/v4/datacenters/b9c6cb26-6100-4ba3-803a-caf75267068a/volumes/671f73ee-3e17-4547-accd-682f0c758cd9"
                  },
                  "status" : "RUNNING"
                } ]
              }
            }
          },
          "properties" : {
            "method" : "POST",
            "headers" : {
              "content-type" : "application/json",
              "connection" : "Keep-Alive",
              "host" : "api.profitbricks.com",
              "x-forwarded-for" : "146.255.143.137",
              "content-length" : "250",
              "x-forwarded-host" : "api.profitbricks.com",
              "x-reseller" : "pb.domain",
              "user-agent" : "profitbricks-ruby-sdk/4.0.1 Puppet/4.5.1",
              "x-forwarded-server" : "my.profitbricks.com"
            },
            "body" : "{\"properties\":{\"name\":\"Puppet Module Test\",\"availabilityZone\":\"ZONE_3\",\"image\":null,\"imageAlias\":\"ubuntu:latest\",\"bus\":\"VIRTIO\",\"type\":\"HDD\",\"size\":2,\"licenceType\":null,\"imagePassword\":null,\"sshKeys\":[\"ssh-rsa AAAAB3NzaC1yc2EAAAADAQABAAACAQDaH...\"]}}",
            "url" : "https://api.profitbricks.com/cloudapi/v4/datacenters/b9c6cb26-6100-4ba3-803a-caf75267068a/volumes?depth=1?depth=1"
          }
        }
    http_version: 
  recorded_at: Mon, 06 Nov 2017 11:41:46 GMT
- request:
    method: get
    uri: https://api.profitbricks.com/cloudapi/v4/requests/07dd87cb-9d3c-40e1-82d4-0958ddbde05b/status?depth=1
    body:
      encoding: US-ASCII
      string: ''
    headers:
      User-Agent:
      - profitbricks-ruby-sdk/4.0.1 Puppet/4.5.1
      Content-Type:
      - application/json
      Authorization: Basic dXNlcm5hbWU6cGFzc3dvcmQ=
  response:
    status:
      code: 200
      message: OK
    headers:
      Date:
      - Mon, 06 Nov 2017 11:41:47 GMT
      Server:
      - Apache/2.4.10 (Debian)
      X-Ratelimit-Remaining:
      - '299'
      X-Ratelimit-Burst:
      - '300'
      X-Ratelimit-Limit:
      - '600'
      Content-Type:
      - application/json
      Strict-Transport-Security:
      - max-age=15768000
    body:
      encoding: ASCII-8BIT
      string: |
        {
          "id" : "07dd87cb-9d3c-40e1-82d4-0958ddbde05b/status",
          "type" : "request-status",
          "href" : "https://api.profitbricks.com/cloudapi/v4/requests/07dd87cb-9d3c-40e1-82d4-0958ddbde05b/status",
          "metadata" : {
            "status" : "RUNNING",
            "message" : "Request is running",
            "etag" : "43491564ebcfd38568918efbd6e840fd",
            "targets" : [ {
              "target" : {
                "id" : "671f73ee-3e17-4547-accd-682f0c758cd9",
                "type" : "volume",
                "href" : "https://api.profitbricks.com/cloudapi/v4/datacenters/b9c6cb26-6100-4ba3-803a-caf75267068a/volumes/671f73ee-3e17-4547-accd-682f0c758cd9"
              },
              "status" : "RUNNING"
            } ]
          }
        }
    http_version: 
  recorded_at: Mon, 06 Nov 2017 11:41:47 GMT
- request:
    method: get
    uri: https://api.profitbricks.com/cloudapi/v4/requests/07dd87cb-9d3c-40e1-82d4-0958ddbde05b?depth=1
    body:
      encoding: US-ASCII
      string: ''
    headers:
      User-Agent:
      - profitbricks-ruby-sdk/4.0.1 Puppet/4.5.1
      Content-Type:
      - application/json
      Authorization: Basic dXNlcm5hbWU6cGFzc3dvcmQ=
  response:
    status:
      code: 200
      message: OK
    headers:
      Date:
      - Mon, 06 Nov 2017 11:41:49 GMT
      Server:
      - Apache/2.4.10 (Debian)
      X-Ratelimit-Remaining:
      - '299'
      X-Ratelimit-Burst:
      - '300'
      X-Ratelimit-Limit:
      - '600'
      Content-Type:
      - application/json
      Strict-Transport-Security:
      - max-age=15768000
    body:
      encoding: ASCII-8BIT
      string: |
        {
          "id" : "07dd87cb-9d3c-40e1-82d4-0958ddbde05b",
          "type" : "request",
          "href" : "https://api.profitbricks.com/cloudapi/v4/requests/07dd87cb-9d3c-40e1-82d4-0958ddbde05b",
          "metadata" : {
            "createdDate" : "2017-11-06T11:40:32Z",
            "createdBy" : "username",
            "etag" : "43491564ebcfd38568918efbd6e840fd",
            "requestStatus" : {
              "id" : "07dd87cb-9d3c-40e1-82d4-0958ddbde05b/status",
              "type" : "request-status",
              "href" : "https://api.profitbricks.com/cloudapi/v4/requests/07dd87cb-9d3c-40e1-82d4-0958ddbde05b/status",
              "metadata" : {
                "status" : "RUNNING",
                "message" : "Request is running",
                "etag" : "43491564ebcfd38568918efbd6e840fd",
                "targets" : [ {
                  "target" : {
                    "id" : "671f73ee-3e17-4547-accd-682f0c758cd9",
                    "type" : "volume",
                    "href" : "https://api.profitbricks.com/cloudapi/v4/datacenters/b9c6cb26-6100-4ba3-803a-caf75267068a/volumes/671f73ee-3e17-4547-accd-682f0c758cd9"
                  },
                  "status" : "RUNNING"
                } ]
              }
            }
          },
          "properties" : {
            "method" : "POST",
            "headers" : {
              "content-type" : "application/json",
              "connection" : "Keep-Alive",
              "host" : "api.profitbricks.com",
              "x-forwarded-for" : "146.255.143.137",
              "content-length" : "250",
              "x-forwarded-host" : "api.profitbricks.com",
              "x-reseller" : "pb.domain",
              "user-agent" : "profitbricks-ruby-sdk/4.0.1 Puppet/4.5.1",
              "x-forwarded-server" : "my.profitbricks.com"
            },
            "body" : "{\"properties\":{\"name\":\"Puppet Module Test\",\"availabilityZone\":\"ZONE_3\",\"image\":null,\"imageAlias\":\"ubuntu:latest\",\"bus\":\"VIRTIO\",\"type\":\"HDD\",\"size\":2,\"licenceType\":null,\"imagePassword\":null,\"sshKeys\":[\"ssh-rsa AAAAB3NzaC1yc2EAAAADAQABAAACAQDaH...\"]}}",
            "url" : "https://api.profitbricks.com/cloudapi/v4/datacenters/b9c6cb26-6100-4ba3-803a-caf75267068a/volumes?depth=1?depth=1"
          }
        }
    http_version: 
  recorded_at: Mon, 06 Nov 2017 11:41:49 GMT
- request:
    method: get
    uri: https://api.profitbricks.com/cloudapi/v4/requests/07dd87cb-9d3c-40e1-82d4-0958ddbde05b/status?depth=1
    body:
      encoding: US-ASCII
      string: ''
    headers:
      User-Agent:
      - profitbricks-ruby-sdk/4.0.1 Puppet/4.5.1
      Content-Type:
      - application/json
      Authorization: Basic dXNlcm5hbWU6cGFzc3dvcmQ=
  response:
    status:
      code: 200
      message: OK
    headers:
      Date:
      - Mon, 06 Nov 2017 11:41:51 GMT
      Server:
      - Apache/2.4.10 (Debian)
      X-Ratelimit-Remaining:
      - '299'
      X-Ratelimit-Burst:
      - '300'
      X-Ratelimit-Limit:
      - '600'
      Content-Type:
      - application/json
      Strict-Transport-Security:
      - max-age=15768000
    body:
      encoding: ASCII-8BIT
      string: |
        {
          "id" : "07dd87cb-9d3c-40e1-82d4-0958ddbde05b/status",
          "type" : "request-status",
          "href" : "https://api.profitbricks.com/cloudapi/v4/requests/07dd87cb-9d3c-40e1-82d4-0958ddbde05b/status",
          "metadata" : {
            "status" : "RUNNING",
            "message" : "Request is running",
            "etag" : "43491564ebcfd38568918efbd6e840fd",
            "targets" : [ {
              "target" : {
                "id" : "671f73ee-3e17-4547-accd-682f0c758cd9",
                "type" : "volume",
                "href" : "https://api.profitbricks.com/cloudapi/v4/datacenters/b9c6cb26-6100-4ba3-803a-caf75267068a/volumes/671f73ee-3e17-4547-accd-682f0c758cd9"
              },
              "status" : "RUNNING"
            } ]
          }
        }
    http_version: 
  recorded_at: Mon, 06 Nov 2017 11:41:51 GMT
- request:
    method: get
    uri: https://api.profitbricks.com/cloudapi/v4/requests/07dd87cb-9d3c-40e1-82d4-0958ddbde05b?depth=1
    body:
      encoding: US-ASCII
      string: ''
    headers:
      User-Agent:
      - profitbricks-ruby-sdk/4.0.1 Puppet/4.5.1
      Content-Type:
      - application/json
      Authorization: Basic dXNlcm5hbWU6cGFzc3dvcmQ=
  response:
    status:
      code: 200
      message: OK
    headers:
      Date:
      - Mon, 06 Nov 2017 11:41:53 GMT
      Server:
      - Apache/2.4.10 (Debian)
      X-Ratelimit-Remaining:
      - '299'
      X-Ratelimit-Burst:
      - '300'
      X-Ratelimit-Limit:
      - '600'
      Content-Type:
      - application/json
      Strict-Transport-Security:
      - max-age=15768000
    body:
      encoding: ASCII-8BIT
      string: |
        {
          "id" : "07dd87cb-9d3c-40e1-82d4-0958ddbde05b",
          "type" : "request",
          "href" : "https://api.profitbricks.com/cloudapi/v4/requests/07dd87cb-9d3c-40e1-82d4-0958ddbde05b",
          "metadata" : {
            "createdDate" : "2017-11-06T11:40:32Z",
            "createdBy" : "username",
            "etag" : "43491564ebcfd38568918efbd6e840fd",
            "requestStatus" : {
              "id" : "07dd87cb-9d3c-40e1-82d4-0958ddbde05b/status",
              "type" : "request-status",
              "href" : "https://api.profitbricks.com/cloudapi/v4/requests/07dd87cb-9d3c-40e1-82d4-0958ddbde05b/status",
              "metadata" : {
                "status" : "RUNNING",
                "message" : "Request is running",
                "etag" : "43491564ebcfd38568918efbd6e840fd",
                "targets" : [ {
                  "target" : {
                    "id" : "671f73ee-3e17-4547-accd-682f0c758cd9",
                    "type" : "volume",
                    "href" : "https://api.profitbricks.com/cloudapi/v4/datacenters/b9c6cb26-6100-4ba3-803a-caf75267068a/volumes/671f73ee-3e17-4547-accd-682f0c758cd9"
                  },
                  "status" : "RUNNING"
                } ]
              }
            }
          },
          "properties" : {
            "method" : "POST",
            "headers" : {
              "content-type" : "application/json",
              "connection" : "Keep-Alive",
              "host" : "api.profitbricks.com",
              "x-forwarded-for" : "146.255.143.137",
              "content-length" : "250",
              "x-forwarded-host" : "api.profitbricks.com",
              "x-reseller" : "pb.domain",
              "user-agent" : "profitbricks-ruby-sdk/4.0.1 Puppet/4.5.1",
              "x-forwarded-server" : "my.profitbricks.com"
            },
            "body" : "{\"properties\":{\"name\":\"Puppet Module Test\",\"availabilityZone\":\"ZONE_3\",\"image\":null,\"imageAlias\":\"ubuntu:latest\",\"bus\":\"VIRTIO\",\"type\":\"HDD\",\"size\":2,\"licenceType\":null,\"imagePassword\":null,\"sshKeys\":[\"ssh-rsa AAAAB3NzaC1yc2EAAAADAQABAAACAQDaH...\"]}}",
            "url" : "https://api.profitbricks.com/cloudapi/v4/datacenters/b9c6cb26-6100-4ba3-803a-caf75267068a/volumes?depth=1?depth=1"
          }
        }
    http_version: 
  recorded_at: Mon, 06 Nov 2017 11:41:54 GMT
- request:
    method: get
    uri: https://api.profitbricks.com/cloudapi/v4/requests/07dd87cb-9d3c-40e1-82d4-0958ddbde05b/status?depth=1
    body:
      encoding: US-ASCII
      string: ''
    headers:
      User-Agent:
      - profitbricks-ruby-sdk/4.0.1 Puppet/4.5.1
      Content-Type:
      - application/json
      Authorization: Basic dXNlcm5hbWU6cGFzc3dvcmQ=
  response:
    status:
      code: 200
      message: OK
    headers:
      Date:
      - Mon, 06 Nov 2017 11:41:55 GMT
      Server:
      - Apache/2.4.10 (Debian)
      X-Ratelimit-Remaining:
      - '299'
      X-Ratelimit-Burst:
      - '300'
      X-Ratelimit-Limit:
      - '600'
      Content-Type:
      - application/json
      Strict-Transport-Security:
      - max-age=15768000
    body:
      encoding: ASCII-8BIT
      string: |
        {
          "id" : "07dd87cb-9d3c-40e1-82d4-0958ddbde05b/status",
          "type" : "request-status",
          "href" : "https://api.profitbricks.com/cloudapi/v4/requests/07dd87cb-9d3c-40e1-82d4-0958ddbde05b/status",
          "metadata" : {
            "status" : "RUNNING",
            "message" : "Request is running",
            "etag" : "43491564ebcfd38568918efbd6e840fd",
            "targets" : [ {
              "target" : {
                "id" : "671f73ee-3e17-4547-accd-682f0c758cd9",
                "type" : "volume",
                "href" : "https://api.profitbricks.com/cloudapi/v4/datacenters/b9c6cb26-6100-4ba3-803a-caf75267068a/volumes/671f73ee-3e17-4547-accd-682f0c758cd9"
              },
              "status" : "RUNNING"
            } ]
          }
        }
    http_version: 
  recorded_at: Mon, 06 Nov 2017 11:41:55 GMT
- request:
    method: get
    uri: https://api.profitbricks.com/cloudapi/v4/requests/07dd87cb-9d3c-40e1-82d4-0958ddbde05b?depth=1
    body:
      encoding: US-ASCII
      string: ''
    headers:
      User-Agent:
      - profitbricks-ruby-sdk/4.0.1 Puppet/4.5.1
      Content-Type:
      - application/json
      Authorization: Basic dXNlcm5hbWU6cGFzc3dvcmQ=
  response:
    status:
      code: 200
      message: OK
    headers:
      Date:
      - Mon, 06 Nov 2017 11:41:57 GMT
      Server:
      - Apache/2.4.10 (Debian)
      X-Ratelimit-Remaining:
      - '299'
      X-Ratelimit-Burst:
      - '300'
      X-Ratelimit-Limit:
      - '600'
      Content-Type:
      - application/json
      Strict-Transport-Security:
      - max-age=15768000
    body:
      encoding: ASCII-8BIT
      string: |
        {
          "id" : "07dd87cb-9d3c-40e1-82d4-0958ddbde05b",
          "type" : "request",
          "href" : "https://api.profitbricks.com/cloudapi/v4/requests/07dd87cb-9d3c-40e1-82d4-0958ddbde05b",
          "metadata" : {
            "createdDate" : "2017-11-06T11:40:32Z",
            "createdBy" : "username",
            "etag" : "43491564ebcfd38568918efbd6e840fd",
            "requestStatus" : {
              "id" : "07dd87cb-9d3c-40e1-82d4-0958ddbde05b/status",
              "type" : "request-status",
              "href" : "https://api.profitbricks.com/cloudapi/v4/requests/07dd87cb-9d3c-40e1-82d4-0958ddbde05b/status",
              "metadata" : {
                "status" : "RUNNING",
                "message" : "Request is running",
                "etag" : "43491564ebcfd38568918efbd6e840fd",
                "targets" : [ {
                  "target" : {
                    "id" : "671f73ee-3e17-4547-accd-682f0c758cd9",
                    "type" : "volume",
                    "href" : "https://api.profitbricks.com/cloudapi/v4/datacenters/b9c6cb26-6100-4ba3-803a-caf75267068a/volumes/671f73ee-3e17-4547-accd-682f0c758cd9"
                  },
                  "status" : "RUNNING"
                } ]
              }
            }
          },
          "properties" : {
            "method" : "POST",
            "headers" : {
              "content-type" : "application/json",
              "connection" : "Keep-Alive",
              "host" : "api.profitbricks.com",
              "x-forwarded-for" : "146.255.143.137",
              "content-length" : "250",
              "x-forwarded-host" : "api.profitbricks.com",
              "x-reseller" : "pb.domain",
              "user-agent" : "profitbricks-ruby-sdk/4.0.1 Puppet/4.5.1",
              "x-forwarded-server" : "my.profitbricks.com"
            },
            "body" : "{\"properties\":{\"name\":\"Puppet Module Test\",\"availabilityZone\":\"ZONE_3\",\"image\":null,\"imageAlias\":\"ubuntu:latest\",\"bus\":\"VIRTIO\",\"type\":\"HDD\",\"size\":2,\"licenceType\":null,\"imagePassword\":null,\"sshKeys\":[\"ssh-rsa AAAAB3NzaC1yc2EAAAADAQABAAACAQDaH...\"]}}",
            "url" : "https://api.profitbricks.com/cloudapi/v4/datacenters/b9c6cb26-6100-4ba3-803a-caf75267068a/volumes?depth=1?depth=1"
          }
        }
    http_version: 
  recorded_at: Mon, 06 Nov 2017 11:41:57 GMT
- request:
    method: get
    uri: https://api.profitbricks.com/cloudapi/v4/requests/07dd87cb-9d3c-40e1-82d4-0958ddbde05b/status?depth=1
    body:
      encoding: US-ASCII
      string: ''
    headers:
      User-Agent:
      - profitbricks-ruby-sdk/4.0.1 Puppet/4.5.1
      Content-Type:
      - application/json
      Authorization: Basic dXNlcm5hbWU6cGFzc3dvcmQ=
  response:
    status:
      code: 200
      message: OK
    headers:
      Date:
      - Mon, 06 Nov 2017 11:41:58 GMT
      Server:
      - Apache/2.4.10 (Debian)
      X-Ratelimit-Remaining:
      - '299'
      X-Ratelimit-Burst:
      - '300'
      X-Ratelimit-Limit:
      - '600'
      Content-Type:
      - application/json
      Strict-Transport-Security:
      - max-age=15768000
    body:
      encoding: ASCII-8BIT
      string: |
        {
          "id" : "07dd87cb-9d3c-40e1-82d4-0958ddbde05b/status",
          "type" : "request-status",
          "href" : "https://api.profitbricks.com/cloudapi/v4/requests/07dd87cb-9d3c-40e1-82d4-0958ddbde05b/status",
          "metadata" : {
            "status" : "RUNNING",
            "message" : "Request is running",
            "etag" : "43491564ebcfd38568918efbd6e840fd",
            "targets" : [ {
              "target" : {
                "id" : "671f73ee-3e17-4547-accd-682f0c758cd9",
                "type" : "volume",
                "href" : "https://api.profitbricks.com/cloudapi/v4/datacenters/b9c6cb26-6100-4ba3-803a-caf75267068a/volumes/671f73ee-3e17-4547-accd-682f0c758cd9"
              },
              "status" : "RUNNING"
            } ]
          }
        }
    http_version: 
  recorded_at: Mon, 06 Nov 2017 11:41:59 GMT
- request:
    method: get
    uri: https://api.profitbricks.com/cloudapi/v4/requests/07dd87cb-9d3c-40e1-82d4-0958ddbde05b?depth=1
    body:
      encoding: US-ASCII
      string: ''
    headers:
      User-Agent:
      - profitbricks-ruby-sdk/4.0.1 Puppet/4.5.1
      Content-Type:
      - application/json
      Authorization: Basic dXNlcm5hbWU6cGFzc3dvcmQ=
  response:
    status:
      code: 200
      message: OK
    headers:
      Date:
      - Mon, 06 Nov 2017 11:42:01 GMT
      Server:
      - Apache/2.4.10 (Debian)
      X-Ratelimit-Remaining:
      - '299'
      X-Ratelimit-Burst:
      - '300'
      X-Ratelimit-Limit:
      - '600'
      Content-Type:
      - application/json
      Strict-Transport-Security:
      - max-age=15768000
    body:
      encoding: ASCII-8BIT
      string: |
        {
          "id" : "07dd87cb-9d3c-40e1-82d4-0958ddbde05b",
          "type" : "request",
          "href" : "https://api.profitbricks.com/cloudapi/v4/requests/07dd87cb-9d3c-40e1-82d4-0958ddbde05b",
          "metadata" : {
            "createdDate" : "2017-11-06T11:40:32Z",
            "createdBy" : "username",
            "etag" : "43491564ebcfd38568918efbd6e840fd",
            "requestStatus" : {
              "id" : "07dd87cb-9d3c-40e1-82d4-0958ddbde05b/status",
              "type" : "request-status",
              "href" : "https://api.profitbricks.com/cloudapi/v4/requests/07dd87cb-9d3c-40e1-82d4-0958ddbde05b/status",
              "metadata" : {
                "status" : "RUNNING",
                "message" : "Request is running",
                "etag" : "43491564ebcfd38568918efbd6e840fd",
                "targets" : [ {
                  "target" : {
                    "id" : "671f73ee-3e17-4547-accd-682f0c758cd9",
                    "type" : "volume",
                    "href" : "https://api.profitbricks.com/cloudapi/v4/datacenters/b9c6cb26-6100-4ba3-803a-caf75267068a/volumes/671f73ee-3e17-4547-accd-682f0c758cd9"
                  },
                  "status" : "RUNNING"
                } ]
              }
            }
          },
          "properties" : {
            "method" : "POST",
            "headers" : {
              "content-type" : "application/json",
              "connection" : "Keep-Alive",
              "host" : "api.profitbricks.com",
              "x-forwarded-for" : "146.255.143.137",
              "content-length" : "250",
              "x-forwarded-host" : "api.profitbricks.com",
              "x-reseller" : "pb.domain",
              "user-agent" : "profitbricks-ruby-sdk/4.0.1 Puppet/4.5.1",
              "x-forwarded-server" : "my.profitbricks.com"
            },
            "body" : "{\"properties\":{\"name\":\"Puppet Module Test\",\"availabilityZone\":\"ZONE_3\",\"image\":null,\"imageAlias\":\"ubuntu:latest\",\"bus\":\"VIRTIO\",\"type\":\"HDD\",\"size\":2,\"licenceType\":null,\"imagePassword\":null,\"sshKeys\":[\"ssh-rsa AAAAB3NzaC1yc2EAAAADAQABAAACAQDaH...\"]}}",
            "url" : "https://api.profitbricks.com/cloudapi/v4/datacenters/b9c6cb26-6100-4ba3-803a-caf75267068a/volumes?depth=1?depth=1"
          }
        }
    http_version: 
  recorded_at: Mon, 06 Nov 2017 11:42:01 GMT
- request:
    method: get
    uri: https://api.profitbricks.com/cloudapi/v4/requests/07dd87cb-9d3c-40e1-82d4-0958ddbde05b/status?depth=1
    body:
      encoding: US-ASCII
      string: ''
    headers:
      User-Agent:
      - profitbricks-ruby-sdk/4.0.1 Puppet/4.5.1
      Content-Type:
      - application/json
      Authorization: Basic dXNlcm5hbWU6cGFzc3dvcmQ=
  response:
    status:
      code: 200
      message: OK
    headers:
      Date:
      - Mon, 06 Nov 2017 11:42:02 GMT
      Server:
      - Apache/2.4.10 (Debian)
      X-Ratelimit-Remaining:
      - '299'
      X-Ratelimit-Burst:
      - '300'
      X-Ratelimit-Limit:
      - '600'
      Content-Type:
      - application/json
      Strict-Transport-Security:
      - max-age=15768000
    body:
      encoding: ASCII-8BIT
      string: |
        {
          "id" : "07dd87cb-9d3c-40e1-82d4-0958ddbde05b/status",
          "type" : "request-status",
          "href" : "https://api.profitbricks.com/cloudapi/v4/requests/07dd87cb-9d3c-40e1-82d4-0958ddbde05b/status",
          "metadata" : {
            "status" : "RUNNING",
            "message" : "Request is running",
            "etag" : "43491564ebcfd38568918efbd6e840fd",
            "targets" : [ {
              "target" : {
                "id" : "671f73ee-3e17-4547-accd-682f0c758cd9",
                "type" : "volume",
                "href" : "https://api.profitbricks.com/cloudapi/v4/datacenters/b9c6cb26-6100-4ba3-803a-caf75267068a/volumes/671f73ee-3e17-4547-accd-682f0c758cd9"
              },
              "status" : "RUNNING"
            } ]
          }
        }
    http_version: 
  recorded_at: Mon, 06 Nov 2017 11:42:02 GMT
- request:
    method: get
    uri: https://api.profitbricks.com/cloudapi/v4/requests/07dd87cb-9d3c-40e1-82d4-0958ddbde05b?depth=1
    body:
      encoding: US-ASCII
      string: ''
    headers:
      User-Agent:
      - profitbricks-ruby-sdk/4.0.1 Puppet/4.5.1
      Content-Type:
      - application/json
      Authorization: Basic dXNlcm5hbWU6cGFzc3dvcmQ=
  response:
    status:
      code: 200
      message: OK
    headers:
      Date:
      - Mon, 06 Nov 2017 11:42:04 GMT
      Server:
      - Apache/2.4.10 (Debian)
      X-Ratelimit-Remaining:
      - '299'
      X-Ratelimit-Burst:
      - '300'
      X-Ratelimit-Limit:
      - '600'
      Content-Type:
      - application/json
      Strict-Transport-Security:
      - max-age=15768000
    body:
      encoding: ASCII-8BIT
      string: |
        {
          "id" : "07dd87cb-9d3c-40e1-82d4-0958ddbde05b",
          "type" : "request",
          "href" : "https://api.profitbricks.com/cloudapi/v4/requests/07dd87cb-9d3c-40e1-82d4-0958ddbde05b",
          "metadata" : {
            "createdDate" : "2017-11-06T11:40:32Z",
            "createdBy" : "username",
            "etag" : "43491564ebcfd38568918efbd6e840fd",
            "requestStatus" : {
              "id" : "07dd87cb-9d3c-40e1-82d4-0958ddbde05b/status",
              "type" : "request-status",
              "href" : "https://api.profitbricks.com/cloudapi/v4/requests/07dd87cb-9d3c-40e1-82d4-0958ddbde05b/status",
              "metadata" : {
                "status" : "RUNNING",
                "message" : "Request is running",
                "etag" : "43491564ebcfd38568918efbd6e840fd",
                "targets" : [ {
                  "target" : {
                    "id" : "671f73ee-3e17-4547-accd-682f0c758cd9",
                    "type" : "volume",
                    "href" : "https://api.profitbricks.com/cloudapi/v4/datacenters/b9c6cb26-6100-4ba3-803a-caf75267068a/volumes/671f73ee-3e17-4547-accd-682f0c758cd9"
                  },
                  "status" : "RUNNING"
                } ]
              }
            }
          },
          "properties" : {
            "method" : "POST",
            "headers" : {
              "content-type" : "application/json",
              "connection" : "Keep-Alive",
              "host" : "api.profitbricks.com",
              "x-forwarded-for" : "146.255.143.137",
              "content-length" : "250",
              "x-forwarded-host" : "api.profitbricks.com",
              "x-reseller" : "pb.domain",
              "user-agent" : "profitbricks-ruby-sdk/4.0.1 Puppet/4.5.1",
              "x-forwarded-server" : "my.profitbricks.com"
            },
            "body" : "{\"properties\":{\"name\":\"Puppet Module Test\",\"availabilityZone\":\"ZONE_3\",\"image\":null,\"imageAlias\":\"ubuntu:latest\",\"bus\":\"VIRTIO\",\"type\":\"HDD\",\"size\":2,\"licenceType\":null,\"imagePassword\":null,\"sshKeys\":[\"ssh-rsa AAAAB3NzaC1yc2EAAAADAQABAAACAQDaH...\"]}}",
            "url" : "https://api.profitbricks.com/cloudapi/v4/datacenters/b9c6cb26-6100-4ba3-803a-caf75267068a/volumes?depth=1?depth=1"
          }
        }
    http_version: 
  recorded_at: Mon, 06 Nov 2017 11:42:05 GMT
- request:
    method: get
    uri: https://api.profitbricks.com/cloudapi/v4/requests/07dd87cb-9d3c-40e1-82d4-0958ddbde05b/status?depth=1
    body:
      encoding: US-ASCII
      string: ''
    headers:
      User-Agent:
      - profitbricks-ruby-sdk/4.0.1 Puppet/4.5.1
      Content-Type:
      - application/json
      Authorization: Basic dXNlcm5hbWU6cGFzc3dvcmQ=
  response:
    status:
      code: 200
      message: OK
    headers:
      Date:
      - Mon, 06 Nov 2017 11:42:05 GMT
      Server:
      - Apache/2.4.10 (Debian)
      X-Ratelimit-Remaining:
      - '299'
      X-Ratelimit-Burst:
      - '300'
      X-Ratelimit-Limit:
      - '600'
      Content-Type:
      - application/json
      Strict-Transport-Security:
      - max-age=15768000
    body:
      encoding: ASCII-8BIT
      string: |
        {
          "id" : "07dd87cb-9d3c-40e1-82d4-0958ddbde05b/status",
          "type" : "request-status",
          "href" : "https://api.profitbricks.com/cloudapi/v4/requests/07dd87cb-9d3c-40e1-82d4-0958ddbde05b/status",
          "metadata" : {
            "status" : "RUNNING",
            "message" : "Request is running",
            "etag" : "43491564ebcfd38568918efbd6e840fd",
            "targets" : [ {
              "target" : {
                "id" : "671f73ee-3e17-4547-accd-682f0c758cd9",
                "type" : "volume",
                "href" : "https://api.profitbricks.com/cloudapi/v4/datacenters/b9c6cb26-6100-4ba3-803a-caf75267068a/volumes/671f73ee-3e17-4547-accd-682f0c758cd9"
              },
              "status" : "RUNNING"
            } ]
          }
        }
    http_version: 
  recorded_at: Mon, 06 Nov 2017 11:42:06 GMT
- request:
    method: get
    uri: https://api.profitbricks.com/cloudapi/v4/requests/07dd87cb-9d3c-40e1-82d4-0958ddbde05b?depth=1
    body:
      encoding: US-ASCII
      string: ''
    headers:
      User-Agent:
      - profitbricks-ruby-sdk/4.0.1 Puppet/4.5.1
      Content-Type:
      - application/json
      Authorization: Basic dXNlcm5hbWU6cGFzc3dvcmQ=
  response:
    status:
      code: 200
      message: OK
    headers:
      Date:
      - Mon, 06 Nov 2017 11:42:08 GMT
      Server:
      - Apache/2.4.10 (Debian)
      X-Ratelimit-Remaining:
      - '299'
      X-Ratelimit-Burst:
      - '300'
      X-Ratelimit-Limit:
      - '600'
      Content-Type:
      - application/json
      Strict-Transport-Security:
      - max-age=15768000
    body:
      encoding: ASCII-8BIT
      string: |
        {
          "id" : "07dd87cb-9d3c-40e1-82d4-0958ddbde05b",
          "type" : "request",
          "href" : "https://api.profitbricks.com/cloudapi/v4/requests/07dd87cb-9d3c-40e1-82d4-0958ddbde05b",
          "metadata" : {
            "createdDate" : "2017-11-06T11:40:32Z",
            "createdBy" : "username",
            "etag" : "43491564ebcfd38568918efbd6e840fd",
            "requestStatus" : {
              "id" : "07dd87cb-9d3c-40e1-82d4-0958ddbde05b/status",
              "type" : "request-status",
              "href" : "https://api.profitbricks.com/cloudapi/v4/requests/07dd87cb-9d3c-40e1-82d4-0958ddbde05b/status",
              "metadata" : {
                "status" : "RUNNING",
                "message" : "Request is running",
                "etag" : "43491564ebcfd38568918efbd6e840fd",
                "targets" : [ {
                  "target" : {
                    "id" : "671f73ee-3e17-4547-accd-682f0c758cd9",
                    "type" : "volume",
                    "href" : "https://api.profitbricks.com/cloudapi/v4/datacenters/b9c6cb26-6100-4ba3-803a-caf75267068a/volumes/671f73ee-3e17-4547-accd-682f0c758cd9"
                  },
                  "status" : "RUNNING"
                } ]
              }
            }
          },
          "properties" : {
            "method" : "POST",
            "headers" : {
              "content-type" : "application/json",
              "connection" : "Keep-Alive",
              "host" : "api.profitbricks.com",
              "x-forwarded-for" : "146.255.143.137",
              "content-length" : "250",
              "x-forwarded-host" : "api.profitbricks.com",
              "x-reseller" : "pb.domain",
              "user-agent" : "profitbricks-ruby-sdk/4.0.1 Puppet/4.5.1",
              "x-forwarded-server" : "my.profitbricks.com"
            },
            "body" : "{\"properties\":{\"name\":\"Puppet Module Test\",\"availabilityZone\":\"ZONE_3\",\"image\":null,\"imageAlias\":\"ubuntu:latest\",\"bus\":\"VIRTIO\",\"type\":\"HDD\",\"size\":2,\"licenceType\":null,\"imagePassword\":null,\"sshKeys\":[\"ssh-rsa AAAAB3NzaC1yc2EAAAADAQABAAACAQDaH...\"]}}",
            "url" : "https://api.profitbricks.com/cloudapi/v4/datacenters/b9c6cb26-6100-4ba3-803a-caf75267068a/volumes?depth=1?depth=1"
          }
        }
    http_version: 
  recorded_at: Mon, 06 Nov 2017 11:42:08 GMT
- request:
    method: get
    uri: https://api.profitbricks.com/cloudapi/v4/requests/07dd87cb-9d3c-40e1-82d4-0958ddbde05b/status?depth=1
    body:
      encoding: US-ASCII
      string: ''
    headers:
      User-Agent:
      - profitbricks-ruby-sdk/4.0.1 Puppet/4.5.1
      Content-Type:
      - application/json
      Authorization: Basic dXNlcm5hbWU6cGFzc3dvcmQ=
  response:
    status:
      code: 200
      message: OK
    headers:
      Date:
      - Mon, 06 Nov 2017 11:42:09 GMT
      Server:
      - Apache/2.4.10 (Debian)
      X-Ratelimit-Remaining:
      - '299'
      X-Ratelimit-Burst:
      - '300'
      X-Ratelimit-Limit:
      - '600'
      Content-Type:
      - application/json
      Strict-Transport-Security:
      - max-age=15768000
    body:
      encoding: ASCII-8BIT
      string: |
        {
          "id" : "07dd87cb-9d3c-40e1-82d4-0958ddbde05b/status",
          "type" : "request-status",
          "href" : "https://api.profitbricks.com/cloudapi/v4/requests/07dd87cb-9d3c-40e1-82d4-0958ddbde05b/status",
          "metadata" : {
            "status" : "RUNNING",
            "message" : "Request is running",
            "etag" : "43491564ebcfd38568918efbd6e840fd",
            "targets" : [ {
              "target" : {
                "id" : "671f73ee-3e17-4547-accd-682f0c758cd9",
                "type" : "volume",
                "href" : "https://api.profitbricks.com/cloudapi/v4/datacenters/b9c6cb26-6100-4ba3-803a-caf75267068a/volumes/671f73ee-3e17-4547-accd-682f0c758cd9"
              },
              "status" : "RUNNING"
            } ]
          }
        }
    http_version: 
  recorded_at: Mon, 06 Nov 2017 11:42:09 GMT
- request:
    method: get
    uri: https://api.profitbricks.com/cloudapi/v4/requests/07dd87cb-9d3c-40e1-82d4-0958ddbde05b?depth=1
    body:
      encoding: US-ASCII
      string: ''
    headers:
      User-Agent:
      - profitbricks-ruby-sdk/4.0.1 Puppet/4.5.1
      Content-Type:
      - application/json
      Authorization: Basic dXNlcm5hbWU6cGFzc3dvcmQ=
  response:
    status:
      code: 200
      message: OK
    headers:
      Date:
      - Mon, 06 Nov 2017 11:42:11 GMT
      Server:
      - Apache/2.4.10 (Debian)
      X-Ratelimit-Remaining:
      - '299'
      X-Ratelimit-Burst:
      - '300'
      X-Ratelimit-Limit:
      - '600'
      Content-Type:
      - application/json
      Strict-Transport-Security:
      - max-age=15768000
    body:
      encoding: ASCII-8BIT
      string: |
        {
          "id" : "07dd87cb-9d3c-40e1-82d4-0958ddbde05b",
          "type" : "request",
          "href" : "https://api.profitbricks.com/cloudapi/v4/requests/07dd87cb-9d3c-40e1-82d4-0958ddbde05b",
          "metadata" : {
            "createdDate" : "2017-11-06T11:40:32Z",
            "createdBy" : "username",
            "etag" : "2ba22e58ca17bb728d522bba36cf8350",
            "requestStatus" : {
              "id" : "07dd87cb-9d3c-40e1-82d4-0958ddbde05b/status",
              "type" : "request-status",
              "href" : "https://api.profitbricks.com/cloudapi/v4/requests/07dd87cb-9d3c-40e1-82d4-0958ddbde05b/status",
              "metadata" : {
                "status" : "DONE",
                "message" : "Request has been successfully executed",
                "etag" : "2ba22e58ca17bb728d522bba36cf8350",
                "targets" : [ {
                  "target" : {
                    "id" : "671f73ee-3e17-4547-accd-682f0c758cd9",
                    "type" : "volume",
                    "href" : "https://api.profitbricks.com/cloudapi/v4/datacenters/b9c6cb26-6100-4ba3-803a-caf75267068a/volumes/671f73ee-3e17-4547-accd-682f0c758cd9"
                  },
                  "status" : "DONE"
                } ]
              }
            }
          },
          "properties" : {
            "method" : "POST",
            "headers" : {
              "content-type" : "application/json",
              "connection" : "Keep-Alive",
              "host" : "api.profitbricks.com",
              "x-forwarded-for" : "146.255.143.137",
              "content-length" : "250",
              "x-forwarded-host" : "api.profitbricks.com",
              "x-reseller" : "pb.domain",
              "user-agent" : "profitbricks-ruby-sdk/4.0.1 Puppet/4.5.1",
              "x-forwarded-server" : "my.profitbricks.com"
            },
            "body" : "{\"properties\":{\"name\":\"Puppet Module Test\",\"availabilityZone\":\"ZONE_3\",\"image\":null,\"imageAlias\":\"ubuntu:latest\",\"bus\":\"VIRTIO\",\"type\":\"HDD\",\"size\":2,\"licenceType\":null,\"imagePassword\":null,\"sshKeys\":[\"ssh-rsa AAAAB3NzaC1yc2EAAAADAQABAAACAQDaH...\"]}}",
            "url" : "https://api.profitbricks.com/cloudapi/v4/datacenters/b9c6cb26-6100-4ba3-803a-caf75267068a/volumes?depth=1?depth=1"
          }
        }
    http_version: 
  recorded_at: Mon, 06 Nov 2017 11:42:12 GMT
- request:
    method: get
    uri: https://api.profitbricks.com/cloudapi/v4/requests/07dd87cb-9d3c-40e1-82d4-0958ddbde05b/status?depth=1
    body:
      encoding: US-ASCII
      string: ''
    headers:
      User-Agent:
      - profitbricks-ruby-sdk/4.0.1 Puppet/4.5.1
      Content-Type:
      - application/json
      Authorization: Basic dXNlcm5hbWU6cGFzc3dvcmQ=
  response:
    status:
      code: 200
      message: OK
    headers:
      Date:
      - Mon, 06 Nov 2017 11:42:12 GMT
      Server:
      - Apache/2.4.10 (Debian)
      X-Ratelimit-Remaining:
      - '299'
      X-Ratelimit-Burst:
      - '300'
      X-Ratelimit-Limit:
      - '600'
      Content-Type:
      - application/json
      Strict-Transport-Security:
      - max-age=15768000
    body:
      encoding: ASCII-8BIT
      string: |
        {
          "id" : "07dd87cb-9d3c-40e1-82d4-0958ddbde05b/status",
          "type" : "request-status",
          "href" : "https://api.profitbricks.com/cloudapi/v4/requests/07dd87cb-9d3c-40e1-82d4-0958ddbde05b/status",
          "metadata" : {
            "status" : "DONE",
            "message" : "Request has been successfully executed",
            "etag" : "2ba22e58ca17bb728d522bba36cf8350",
            "targets" : [ {
              "target" : {
                "id" : "671f73ee-3e17-4547-accd-682f0c758cd9",
                "type" : "volume",
                "href" : "https://api.profitbricks.com/cloudapi/v4/datacenters/b9c6cb26-6100-4ba3-803a-caf75267068a/volumes/671f73ee-3e17-4547-accd-682f0c758cd9"
              },
              "status" : "DONE"
            } ]
          }
        }
    http_version: 
  recorded_at: Mon, 06 Nov 2017 11:42:13 GMT
- request:
    method: get
    uri: https://api.profitbricks.com/cloudapi/v4/requests/07dd87cb-9d3c-40e1-82d4-0958ddbde05b?depth=1
    body:
      encoding: US-ASCII
      string: ''
    headers:
      User-Agent:
      - profitbricks-ruby-sdk/4.0.1 Puppet/4.5.1
      Content-Type:
      - application/json
      Authorization: Basic dXNlcm5hbWU6cGFzc3dvcmQ=
  response:
    status:
      code: 200
      message: OK
    headers:
      Date:
      - Mon, 06 Nov 2017 11:42:13 GMT
      Server:
      - Apache/2.4.10 (Debian)
      X-Ratelimit-Remaining:
      - '299'
      X-Ratelimit-Burst:
      - '300'
      X-Ratelimit-Limit:
      - '600'
      Content-Type:
      - application/json
      Strict-Transport-Security:
      - max-age=15768000
    body:
      encoding: ASCII-8BIT
      string: |
        {
          "id" : "07dd87cb-9d3c-40e1-82d4-0958ddbde05b",
          "type" : "request",
          "href" : "https://api.profitbricks.com/cloudapi/v4/requests/07dd87cb-9d3c-40e1-82d4-0958ddbde05b",
          "metadata" : {
            "createdDate" : "2017-11-06T11:40:32Z",
            "createdBy" : "username",
            "etag" : "2ba22e58ca17bb728d522bba36cf8350",
            "requestStatus" : {
              "id" : "07dd87cb-9d3c-40e1-82d4-0958ddbde05b/status",
              "type" : "request-status",
              "href" : "https://api.profitbricks.com/cloudapi/v4/requests/07dd87cb-9d3c-40e1-82d4-0958ddbde05b/status",
              "metadata" : {
                "status" : "DONE",
                "message" : "Request has been successfully executed",
                "etag" : "2ba22e58ca17bb728d522bba36cf8350",
                "targets" : [ {
                  "target" : {
                    "id" : "671f73ee-3e17-4547-accd-682f0c758cd9",
                    "type" : "volume",
                    "href" : "https://api.profitbricks.com/cloudapi/v4/datacenters/b9c6cb26-6100-4ba3-803a-caf75267068a/volumes/671f73ee-3e17-4547-accd-682f0c758cd9"
                  },
                  "status" : "DONE"
                } ]
              }
            }
          },
          "properties" : {
            "method" : "POST",
            "headers" : {
              "content-type" : "application/json",
              "connection" : "Keep-Alive",
              "host" : "api.profitbricks.com",
              "x-forwarded-for" : "146.255.143.137",
              "content-length" : "250",
              "x-forwarded-host" : "api.profitbricks.com",
              "x-reseller" : "pb.domain",
              "user-agent" : "profitbricks-ruby-sdk/4.0.1 Puppet/4.5.1",
              "x-forwarded-server" : "my.profitbricks.com"
            },
            "body" : "{\"properties\":{\"name\":\"Puppet Module Test\",\"availabilityZone\":\"ZONE_3\",\"image\":null,\"imageAlias\":\"ubuntu:latest\",\"bus\":\"VIRTIO\",\"type\":\"HDD\",\"size\":2,\"licenceType\":null,\"imagePassword\":null,\"sshKeys\":[\"ssh-rsa AAAAB3NzaC1yc2EAAAADAQABAAACAQDaH...\"]}}",
            "url" : "https://api.profitbricks.com/cloudapi/v4/datacenters/b9c6cb26-6100-4ba3-803a-caf75267068a/volumes?depth=1?depth=1"
          }
        }
    http_version: 
  recorded_at: Mon, 06 Nov 2017 11:42:14 GMT
- request:
    method: get
    uri: https://api.profitbricks.com/cloudapi/v4/requests/07dd87cb-9d3c-40e1-82d4-0958ddbde05b/status?depth=1
    body:
      encoding: US-ASCII
      string: ''
    headers:
      User-Agent:
      - profitbricks-ruby-sdk/4.0.1 Puppet/4.5.1
      Content-Type:
      - application/json
      Authorization: Basic dXNlcm5hbWU6cGFzc3dvcmQ=
  response:
    status:
      code: 200
      message: OK
    headers:
      Date:
      - Mon, 06 Nov 2017 11:42:14 GMT
      Server:
      - Apache/2.4.10 (Debian)
      X-Ratelimit-Remaining:
      - '299'
      X-Ratelimit-Burst:
      - '300'
      X-Ratelimit-Limit:
      - '600'
      Content-Type:
      - application/json
      Strict-Transport-Security:
      - max-age=15768000
    body:
      encoding: ASCII-8BIT
      string: |
        {
          "id" : "07dd87cb-9d3c-40e1-82d4-0958ddbde05b/status",
          "type" : "request-status",
          "href" : "https://api.profitbricks.com/cloudapi/v4/requests/07dd87cb-9d3c-40e1-82d4-0958ddbde05b/status",
          "metadata" : {
            "status" : "DONE",
            "message" : "Request has been successfully executed",
            "etag" : "2ba22e58ca17bb728d522bba36cf8350",
            "targets" : [ {
              "target" : {
                "id" : "671f73ee-3e17-4547-accd-682f0c758cd9",
                "type" : "volume",
                "href" : "https://api.profitbricks.com/cloudapi/v4/datacenters/b9c6cb26-6100-4ba3-803a-caf75267068a/volumes/671f73ee-3e17-4547-accd-682f0c758cd9"
              },
              "status" : "DONE"
            } ]
          }
        }
    http_version: 
  recorded_at: Mon, 06 Nov 2017 11:42:15 GMT
recorded_with: VCR 3.0.3
